Archive member included to satisfy reference by file (symbol)

D:/STM32/arm-gnu-toolchain-15.2.rel1-mingw-w64-i686-arm-none-eabi/bin/../lib/gcc/arm-none-eabi/15.2.1/../../../../arm-none-eabi/lib/thumb/v7e-m+dp/hard\libm.a(libm_a-wf_sqrt.o)
                              CMakeFiles/DM_MC02_Gyro_2m.elf.dir/src/main.c.obj (sqrtf)
D:/STM32/arm-gnu-toolchain-15.2.rel1-mingw-w64-i686-arm-none-eabi/bin/../lib/gcc/arm-none-eabi/15.2.1/../../../../arm-none-eabi/lib/thumb/v7e-m+dp/hard\libm.a(libm_a-ef_sqrt.o)
                              D:/STM32/arm-gnu-toolchain-15.2.rel1-mingw-w64-i686-arm-none-eabi/bin/../lib/gcc/arm-none-eabi/15.2.1/../../../../arm-none-eabi/lib/thumb/v7e-m+dp/hard\libm.a(libm_a-wf_sqrt.o) (__ieee754_sqrtf)
D:/STM32/arm-gnu-toolchain-15.2.rel1-mingw-w64-i686-arm-none-eabi/bin/../lib/gcc/arm-none-eabi/15.2.1/../../../../arm-none-eabi/lib/thumb/v7e-m+dp/hard\libc_nano.a(libc_a-exit.o)
                              D:/STM32/arm-gnu-toolchain-15.2.rel1-mingw-w64-i686-arm-none-eabi/bin/../lib/gcc/arm-none-eabi/15.2.1/../../../../arm-none-eabi/lib/thumb/v7e-m+dp/hard/crt0.o (exit)
D:/STM32/arm-gnu-toolchain-15.2.rel1-mingw-w64-i686-arm-none-eabi/bin/../lib/gcc/arm-none-eabi/15.2.1/../../../../arm-none-eabi/lib/thumb/v7e-m+dp/hard\libc_nano.a(libc_a-findfp.o)
                              D:/STM32/arm-gnu-toolchain-15.2.rel1-mingw-w64-i686-arm-none-eabi/bin/../lib/gcc/arm-none-eabi/15.2.1/../../../../arm-none-eabi/lib/thumb/v7e-m+dp/hard\libc_nano.a(libc_a-exit.o) (__stdio_exit_handler)
D:/STM32/arm-gnu-toolchain-15.2.rel1-mingw-w64-i686-arm-none-eabi/bin/../lib/gcc/arm-none-eabi/15.2.1/../../../../arm-none-eabi/lib/thumb/v7e-m+dp/hard\libc_nano.a(libc_a-fwalk.o)
                              D:/STM32/arm-gnu-toolchain-15.2.rel1-mingw-w64-i686-arm-none-eabi/bin/../lib/gcc/arm-none-eabi/15.2.1/../../../../arm-none-eabi/lib/thumb/v7e-m+dp/hard\libc_nano.a(libc_a-findfp.o) (_fwalk_sglue)
D:/STM32/arm-gnu-toolchain-15.2.rel1-mingw-w64-i686-arm-none-eabi/bin/../lib/gcc/arm-none-eabi/15.2.1/../../../../arm-none-eabi/lib/thumb/v7e-m+dp/hard\libc_nano.a(libc_a-snprintf.o)
                              CMakeFiles/DM_MC02_Gyro_2m.elf.dir/src/run_log.c.obj (snprintf)
D:/STM32/arm-gnu-toolchain-15.2.rel1-mingw-w64-i686-arm-none-eabi/bin/../lib/gcc/arm-none-eabi/15.2.1/../../../../arm-none-eabi/lib/thumb/v7e-m+dp/hard\libc_nano.a(libc_a-stdio.o)
                              D:/STM32/arm-gnu-toolchain-15.2.rel1-mingw-w64-i686-arm-none-eabi/bin/../lib/gcc/arm-none-eabi/15.2.1/../../../../arm-none-eabi/lib/thumb/v7e-m+dp/hard\libc_nano.a(libc_a-findfp.o) (__sread)
D:/STM32/arm-gnu-toolchain-15.2.rel1-mingw-w64-i686-arm-none-eabi/bin/../lib/gcc/arm-none-eabi/15.2.1/../../../../arm-none-eabi/lib/thumb/v7e-m+dp/hard\libc_nano.a(libc_a-memset.o)
                              D:/STM32/arm-gnu-toolchain-15.2.rel1-mingw-w64-i686-arm-none-eabi/bin/../lib/gcc/arm-none-eabi/15.2.1/../../../../arm-none-eabi/lib/thumb/v7e-m+dp/hard/crt0.o (memset)
D:/STM32/arm-gnu-toolchain-15.2.rel1-mingw-w64-i686-arm-none-eabi/bin/../lib/gcc/arm-none-eabi/15.2.1/../../../../arm-none-eabi/lib/thumb/v7e-m+dp/hard\libc_nano.a(libc_a-closer.o)
                              D:/STM32/arm-gnu-toolchain-15.2.rel1-mingw-w64-i686-arm-none-eabi/bin/../lib/gcc/arm-none-eabi/15.2.1/../../../../arm-none-eabi/lib/thumb/v7e-m+dp/hard\libc_nano.a(libc_a-stdio.o) (_close_r)
D:/STM32/arm-gnu-toolchain-15.2.rel1-mingw-w64-i686-arm-none-eabi/bin/../lib/gcc/arm-none-eabi/15.2.1/../../../../arm-none-eabi/lib/thumb/v7e-m+dp/hard\libc_nano.a(libc_a-reent.o)
                              D:/STM32/arm-gnu-toolchain-15.2.rel1-mingw-w64-i686-arm-none-eabi/bin/../lib/gcc/arm-none-eabi/15.2.1/../../../../arm-none-eabi/lib/thumb/v7e-m+dp/hard\libc_nano.a(libc_a-closer.o) (errno)
D:/STM32/arm-gnu-toolchain-15.2.rel1-mingw-w64-i686-arm-none-eabi/bin/../lib/gcc/arm-none-eabi/15.2.1/../../../../arm-none-eabi/lib/thumb/v7e-m+dp/hard\libc_nano.a(libc_a-impure.o)
                              D:/STM32/arm-gnu-toolchain-15.2.rel1-mingw-w64-i686-arm-none-eabi/bin/../lib/gcc/arm-none-eabi/15.2.1/../../../../arm-none-eabi/lib/thumb/v7e-m+dp/hard\libc_nano.a(libc_a-snprintf.o) (_impure_ptr)
D:/STM32/arm-gnu-toolchain-15.2.rel1-mingw-w64-i686-arm-none-eabi/bin/../lib/gcc/arm-none-eabi/15.2.1/../../../../arm-none-eabi/lib/thumb/v7e-m+dp/hard\libc_nano.a(libc_a-lseekr.o)
                              D:/STM32/arm-gnu-toolchain-15.2.rel1-mingw-w64-i686-arm-none-eabi/bin/../lib/gcc/arm-none-eabi/15.2.1/../../../../arm-none-eabi/lib/thumb/v7e-m+dp/hard\libc_nano.a(libc_a-stdio.o) (_lseek_r)
D:/STM32/arm-gnu-toolchain-15.2.rel1-mingw-w64-i686-arm-none-eabi/bin/../lib/gcc/arm-none-eabi/15.2.1/../../../../arm-none-eabi/lib/thumb/v7e-m+dp/hard\libc_nano.a(libc_a-readr.o)
                              D:/STM32/arm-gnu-toolchain-15.2.rel1-mingw-w64-i686-arm-none-eabi/bin/../lib/gcc/arm-none-eabi/15.2.1/../../../../arm-none-eabi/lib/thumb/v7e-m+dp/hard\libc_nano.a(libc_a-stdio.o) (_read_r)
[...]
Memory Configuration

Name             Origin             Length             Attributes
ITCMRAM          0x00000000         0x00010000         xrw
RAM              0x20000000         0x00020000         xrw
ROM              0x08000000         0x000e0000         xr
RAM_D1           0x24000000         0x00050000         xrw
*default*        0x00000000         0xffffffff

Linker script and memory map

LOAD D:/STM32/arm-gnu-toolchain-15.2.rel1-mingw-w64-i686-arm-none-eabi/bin/../lib/gcc/arm-none-eabi/15.2.1/thumb/v7e-m+dp/hard/crti.o
LOAD D:/STM32/arm-gnu-toolchain-15.2.rel1-mingw-w64-i686-arm-none-eabi/bin/../lib/gcc/arm-none-eabi/15.2.1/thumb/v7e-m+dp/hard/crtbegin.o
LOAD D:/STM32/arm-gnu-toolchain-15.2.rel1-mingw-w64-i686-arm-none-eabi/bin/../lib/gcc/arm-none-eabi/15.2.1/../../../../arm-none-eabi/lib/thumb/v7e-m+dp/hard/crt0.o
LOAD CMakeFiles/DM_MC02_Gyro_2m.elf.dir/startup_stm32h723xx.s.obj
LOAD CMakeFiles/DM_MC02_Gyro_2m.elf.dir/src/exit_run0_mode.c.obj
LOAD CMakeFiles/DM_MC02_Gyro_2m.elf.dir/src/main.c.obj
LOAD CMakeFiles/DM_MC02_Gyro_2m.elf.dir/src/board.c.obj
LOAD CMakeFiles/DM_MC02_Gyro_2m.elf.dir/src/mecanum.c.obj
LOAD CMakeFiles/DM_MC02_Gyro_2m.elf.dir/src/motor_output.c.obj
LOAD CMakeFiles/DM_MC02_Gyro_2m.elf.dir/src/run_log.c.obj
LOAD CMakeFiles/DM_MC02_Gyro_2m.elf.dir/bmi088/BMI088driver.c.obj
LOAD CMakeFiles/DM_MC02_Gyro_2m.elf.dir/bmi088/BMI088Middleware.c.obj
LOAD CMakeFiles/DM_MC02_Gyro_2m.elf.dir/vendor/dm_motor/dm_motor_protocol.c.obj
LOAD CMakeFiles/DM_MC02_Gyro_2m.elf.dir/vendor/stm32/system_stm32h7xx.c.obj
LOAD CMakeFiles/DM_MC02_Gyro_2m.elf.dir/vendor/stm32/Drivers/STM32H7xx_HAL_Driver/Src/stm32h7xx_hal.c.obj
LOAD CMakeFiles/DM_MC02_Gyro_2m.elf.dir/vendor/stm32/Drivers/STM32H7xx_HAL_Driver/Src/stm32h7xx_hal_cortex.c.obj
LOAD CMakeFiles/DM_MC02_Gyro_2m.elf.dir/vendor/stm32/Drivers/STM32H7xx_HAL_Driver/Src/stm32h7xx_hal_fdcan.c.obj
LOAD CMakeFiles/DM_MC02_Gyro_2m.elf.dir/vendor/stm32/Drivers/STM32H7xx_HAL_Driver/Src/stm32h7xx_hal_flash.c.obj
LOAD CMakeFiles/DM_MC02_Gyro_2m.elf.dir/vendor/stm32/Drivers/STM32H7xx_HAL_Driver/Src/stm32h7xx_hal_flash_ex.c.obj
LOAD CMakeFiles/DM_MC02_Gyro_2m.elf.dir/vendor/stm32/Drivers/STM32H7xx_HAL_Driver/Src/stm32h7xx_hal_gpio.c.obj
LOAD CMakeFiles/DM_MC02_Gyro_2m.elf.dir/vendor/stm32/Drivers/STM32H7xx_HAL_Driver/Src/stm32h7xx_hal_pwr.c.obj
LOAD CMakeFiles/DM_MC02_Gyro_2m.elf.dir/vendor/stm32/Drivers/STM32H7xx_HAL_Driver/Src/stm32h7xx_hal_pwr_ex.c.obj
LOAD CMakeFiles/DM_MC02_Gyro_2m.elf.dir/vendor/stm32/Drivers/STM32H7xx_HAL_Driver/Src/stm32h7xx_hal_rcc.c.obj
LOAD CMakeFiles/DM_MC02_Gyro_2m.elf.dir/vendor/stm32/Drivers/STM32H7xx_HAL_Driver/Src/stm32h7xx_hal_rcc_ex.c.obj
LOAD CMakeFiles/DM_MC02_Gyro_2m.elf.dir/vendor/stm32/Drivers/STM32H7xx_HAL_Driver/Src/stm32h7xx_hal_spi.c.obj
LOAD CMakeFiles/DM_MC02_Gyro_2m.elf.dir/vendor/stm32/Drivers/STM32H7xx_HAL_Driver/Src/stm32h7xx_hal_spi_ex.c.obj
LOAD CMakeFiles/DM_MC02_Gyro_2m.elf.dir/vendor/stm32/Drivers/STM32H7xx_HAL_Driver/Src/stm32h7xx_hal_uart.c.obj
LOAD CMakeFiles/DM_MC02_Gyro_2m.elf.dir/vendor/stm32/Drivers/STM32H7xx_HAL_Driver/Src/stm32h7xx_hal_uart_ex.c.obj
LOAD D:/STM32/arm-gnu-toolchain-15.2.rel1-mingw-w64-i686-arm-none-eabi/bin/../lib/gcc/arm-none-eabi/15.2.1/../../../../arm-none-eabi/lib/thumb/v7e-m+dp/hard\libm.a
LOAD D:/STM32/arm-gnu-toolchain-15.2.rel1-mingw-w64-i686-arm-none-eabi/bin/../lib/gcc/arm-none-eabi/15.2.1/../../../../arm-none-eabi/lib/thumb/v7e-m+dp/hard\libc_nano.a
LOAD D:/STM32/arm-gnu-toolchain-15.2.rel1-mingw-w64-i686-arm-none-eabi/bin/../lib/gcc/arm-none-eabi/15.2.1/../../../../arm-none-eabi/lib/thumb/v7e-m+dp/hard\libnosys.a
START GROUP
LOAD D:/STM32/arm-gnu-toolchain-15.2.rel1-mingw-w64-i686-arm-none-eabi/bin/../lib/gcc/arm-none-eabi/15.2.1/thumb/v7e-m+dp/hard\libgcc.a
LOAD D:/STM32/arm-gnu-toolchain-15.2.rel1-mingw-w64-i686-arm-none-eabi/bin/../lib/gcc/arm-none-eabi/15.2.1/../../../../arm-none-eabi/lib/thumb/v7e-m+dp/hard\libg_nano.a
LOAD D:/STM32/arm-gnu-toolchain-15.2.rel1-mingw-w64-i686-arm-none-eabi/bin/../lib/gcc/arm-none-eabi/15.2.1/../../../../arm-none-eabi/lib/thumb/v7e-m+dp/hard\libc_nano.a
END GROUP
START GROUP
LOAD D:/STM32/arm-gnu-toolchain-15.2.rel1-mingw-w64-i686-arm-none-eabi/bin/../lib/gcc/arm-none-eabi/15.2.1/thumb/v7e-m+dp/hard\libgcc.a
LOAD D:/STM32/arm-gnu-toolchain-15.2.rel1-mingw-w64-i686-arm-none-eabi/bin/../lib/gcc/arm-none-eabi/15.2.1/../../../../arm-none-eabi/lib/thumb/v7e-m+dp/hard\libc_nano.a
LOAD D:/STM32/arm-gnu-toolchain-15.2.rel1-mingw-w64-i686-arm-none-eabi/bin/../lib/gcc/arm-none-eabi/15.2.1/../../../../arm-none-eabi/lib/thumb/v7e-m+dp/hard\libnosys.a
END GROUP
START GROUP
LOAD D:/STM32/arm-gnu-toolchain-15.2.rel1-mingw-w64-i686-arm-none-eabi/bin/../lib/gcc/arm-none-eabi/15.2.1/thumb/v7e-m+dp/hard\libgcc.a
LOAD D:/STM32/arm-gnu-toolchain-15.2.rel1-mingw-w64-i686-arm-none-eabi/bin/../lib/gcc/arm-none-eabi/15.2.1/../../../../arm-none-eabi/lib/thumb/v7e-m+dp/hard\libc_nano.a
LOAD D:/STM32/arm-gnu-toolchain-15.2.rel1-mingw-w64-i686-arm-none-eabi/bin/../lib/gcc/arm-none-eabi/15.2.1/../../../../arm-none-eabi/lib/thumb/v7e-m+dp/hard\libnosys.a
END GROUP
LOAD D:/STM32/arm-gnu-toolchain-15.2.rel1-mingw-w64-i686-arm-none-eabi/bin/../lib/gcc/arm-none-eabi/15.2.1/thumb/v7e-m+dp/hard/crtend.o
LOAD D:/STM32/arm-gnu-toolchain-15.2.rel1-mingw-w64-i686-arm-none-eabi/bin/../lib/gcc/arm-none-eabi/15.2.1/thumb/v7e-m+dp/hard/crtn.o
                0x20020000                        _estack = (ORIGIN (RAM) + LENGTH (RAM))
                0x00001000                        _Min_Heap_Size = 0x1000
                0x00002000                        _Min_Stack_Size = 0x2000

.isr_vector     0x08000000      0x2cc
                0x08000000                        . = ALIGN (0x4)
 *(.isr_vector)
 .isr_vector    0x08000000      0x2cc CMakeFiles/DM_MC02_Gyro_2m.elf.dir/startup_stm32h723xx.s.obj
                0x08000000                g_pfnVectors
                0x080002cc                        . = ALIGN (0x4)

.text           0x080002d0     0x8c4c
                0x080002d0                        . = ALIGN (0x4)
 *(.text)
 .text          0x080002d0       0x10 D:/STM32/arm-gnu-toolchain-15.2.rel1-mingw-w64-i686-arm-none-eabi/bin/../lib/gcc/arm-none-eabi/15.2.1/../../../../arm-none-eabi/lib/thumb/v7e-m+dp/hard\libc_nano.a(libc_a-strlen.o)
                0x080002d0                strlen
 .text          0x080002e0       0xa0 D:/STM32/arm-gnu-toolchain-15.2.rel1-mingw-w64-i686-arm-none-eabi/bin/../lib/gcc/arm-none-eabi/15.2.1/../../../../arm-none-eabi/lib/thumb/v7e-m+dp/hard\libc_nano.a(libc_a-memchr.o)
                0x080002e0                memchr
 .text          0x08000380       0x30 D:/STM32/arm-gnu-toolchain-15.2.rel1-mingw-w64-i686-arm-none-eabi/bin/../lib/gcc/arm-none-eabi/15.2.1/thumb/v7e-m+dp/hard\libgcc.a(_aeabi_uldivmod.o)
                0x08000380                __aeabi_uldivmod
 .text          0x080003b0        0x4 D:/STM32/arm-gnu-toolchain-15.2.rel1-mingw-w64-i686-arm-none-eabi/bin/../lib/gcc/arm-none-eabi/15.2.1/thumb/v7e-m+dp/hard\libgcc.a(_dvmd_tls.o)
                0x080003b0                __aeabi_idiv0
                0x080003b0                __aeabi_ldiv0
 *(.text*)
 .text.deregister_tm_clones
                0x080003b4       0x1c D:/STM32/arm-gnu-toolchain-15.2.rel1-mingw-w64-i686-arm-none-eabi/bin/../lib/gcc/arm-none-eabi/15.2.1/thumb/v7e-m+dp/hard/crtbegin.o
 .text.register_tm_clones
                0x080003d0       0x24 D:/STM32/arm-gnu-toolchain-15.2.rel1-mingw-w64-i686-arm-none-eabi/bin/../lib/gcc/arm-none-eabi/15.2.1/thumb/v7e-m+dp/hard/crtbegin.o
 .text.__do_global_dtors_aux
                0x080003f4       0x28 D:/STM32/arm-gnu-toolchain-15.2.rel1-mingw-w64-i686-arm-none-eabi/bin/../lib/gcc/arm-none-eabi/15.2.1/thumb/v7e-m+dp/hard/crtbegin.o
 .text.frame_dummy
                0x0800041c       0x24 D:/STM32/arm-gnu-toolchain-15.2.rel1-mingw-w64-i686-arm-none-eabi/bin/../lib/gcc/arm-none-eabi/15.2.1/thumb/v7e-m+dp/hard/crtbegin.o
 .text.Reset_Handler
                0x08000440       0x54 CMakeFiles/DM_MC02_Gyro_2m.elf.dir/startup_stm32h723xx.s.obj
                0x08000440                Reset_Handler
 .text.Default_Handler
                0x08000494        0x2 CMakeFiles/DM_MC02_Gyro_2m.elf.dir/startup_stm32h723xx.s.obj
                0x08000494                RTC_Alarm_IRQHandler
                0x08000494                EXTI2_IRQHandler
                0x08000494                TIM8_CC_IRQHandler
                0x08000494                DebugMon_Handler
                0x08000494                UART8_IRQHandler
                0x08000494                SPI4_IRQHandler
                0x08000494                FDCAN3_IT0_IRQHandler
                0x08000494                TIM1_CC_IRQHandler
                0x08000494                BDMA_Channel6_IRQHandler
                0x08000494                DMA2_Stream5_IRQHandler
                0x08000494                HardFault_Handler
                0x08000494                DMA1_Stream5_IRQHandler
                0x08000494                CORDIC_IRQHandler
                0x08000494                BDMA_Channel1_IRQHandler
                0x08000494                TAMP_STAMP_IRQHandler
                0x08000494                PendSV_Handler
                0x08000494                NMI_Handler
                0x08000494                EXTI3_IRQHandler
                0x08000494                LPTIM4_IRQHandler
                0x08000494                TIM8_TRG_COM_TIM14_IRQHandler
                0x08000494                LPTIM2_IRQHandler
                0x08000494                DFSDM1_FLT1_IRQHandler
                0x08000494                DMAMUX2_OVR_IRQHandler
                0x08000494                TIM8_UP_TIM13_IRQHandler
                0x08000494                I2C3_ER_IRQHandler
                0x08000494                DFSDM1_FLT2_IRQHandler
                0x08000494                I2C5_EV_IRQHandler
                0x08000494                USART10_IRQHandler
                0x08000494                MDMA_IRQHandler
                0x08000494                LPTIM3_IRQHandler
                0x08000494                HSEM1_IRQHandler
                0x08000494                EXTI0_IRQHandler
                0x08000494                I2C2_EV_IRQHandler
                0x08000494                DMA1_Stream2_IRQHandler
                0x08000494                FPU_IRQHandler
                0x08000494                OTG_HS_WKUP_IRQHandler
                0x08000494                FDCAN1_IT1_IRQHandler
                0x08000494                UsageFault_Handler
                0x08000494                LTDC_ER_IRQHandler
                0x08000494                DMA2_Stream2_IRQHandler
                0x08000494                SPI1_IRQHandler
                0x08000494                OCTOSPI1_IRQHandler
                0x08000494                TIM6_DAC_IRQHandler
                0x08000494                DMA2_Stream3_IRQHandler
                0x08000494                OCTOSPI2_IRQHandler
                0x08000494                DFSDM1_FLT3_IRQHandler
                0x08000494                TIM23_IRQHandler
                0x08000494                USART6_IRQHandler
                0x08000494                TIM17_IRQHandler
                0x08000494                USART3_IRQHandler
                0x08000494                BDMA_Channel7_IRQHandler
                0x08000494                LPTIM5_IRQHandler
                0x08000494                UART5_IRQHandler
                0x08000494                ADC3_IRQHandler
                0x08000494                DMA2_Stream0_IRQHandler
                0x08000494                TIM4_IRQHandler
                0x08000494                BDMA_Channel2_IRQHandler
                0x08000494                I2C1_EV_IRQHandler
                0x08000494                DMA1_Stream6_IRQHandler
                0x08000494                DMAMUX1_OVR_IRQHandler
                0x08000494                DMA1_Stream1_IRQHandler
                0x08000494                TIM16_IRQHandler
                0x08000494                UART4_IRQHandler
                0x08000494                BDMA_Channel5_IRQHandler
                0x08000494                TIM3_IRQHandler
                0x08000494                RCC_IRQHandler
                0x08000494                UART9_IRQHandler
                0x08000494                TIM8_BRK_TIM12_IRQHandler
                0x08000494                TIM1_TRG_COM_IRQHandler
                0x08000494                Default_Handler
                0x08000494                ECC_IRQHandler
                0x08000494                FMAC_IRQHandler
                0x08000494                CEC_IRQHandler
                0x08000494                EXTI15_10_IRQHandler
                0x08000494                BDMA_Channel0_IRQHandler
                0x08000494                ADC_IRQHandler
                0x08000494                I2C5_ER_IRQHandler
                0x08000494                DMA1_Stream7_IRQHandler
                0x08000494                SPI5_IRQHandler
                0x08000494                TIM7_IRQHandler
                0x08000494                FDCAN3_IT1_IRQHandler
                0x08000494                SDMMC1_IRQHandler
                0x08000494                TIM5_IRQHandler
                0x08000494                DMA2_Stream7_IRQHandler
                0x08000494                TIM15_IRQHandler
                0x08000494                PVD_AVD_IRQHandler
                0x08000494                I2C3_EV_IRQHandler
                0x08000494                EXTI9_5_IRQHandler
                0x08000494                RTC_WKUP_IRQHandler
                0x08000494                LTDC_IRQHandler
                0x08000494                ETH_WKUP_IRQHandler
                0x08000494                SPDIF_RX_IRQHandler
                0x08000494                SPI2_IRQHandler
                0x08000494                OTG_HS_EP1_IN_IRQHandler
                0x08000494                MemManage_Handler
                0x08000494                DMA1_Stream0_IRQHandler
                0x08000494                TIM24_IRQHandler
                0x08000494                SVC_Handler
                0x08000494                CRS_IRQHandler
                0x08000494                EXTI4_IRQHandler
                0x08000494                RNG_IRQHandler
                0x08000494                FDCAN2_IT1_IRQHandler
                0x08000494                ETH_IRQHandler
                0x08000494                TIM1_UP_IRQHandler
                0x08000494                BDMA_Channel4_IRQHandler
                0x08000494                OTG_HS_EP1_OUT_IRQHandler
                0x08000494                WWDG_IRQHandler
                0x08000494                SPI6_IRQHandler
                0x08000494                MDIOS_IRQHandler
                0x08000494                I2C4_EV_IRQHandler
                0x08000494                FDCAN2_IT0_IRQHandler
                0x08000494                LPUART1_IRQHandler
                0x08000494                FDCAN1_IT0_IRQHandler
                0x08000494                TIM2_IRQHandler
                0x08000494                OTG_HS_IRQHandler
                0x08000494                DMA2D_IRQHandler
                0x08000494                TIM1_BRK_IRQHandler
                0x08000494                EXTI1_IRQHandler
                0x08000494                SDMMC2_IRQHandler
                0x08000494                BDMA_Channel3_IRQHandler
                0x08000494                DTS_IRQHandler
                0x08000494                UART7_IRQHandler
                0x08000494                MDIOS_WKUP_IRQHandler
                0x08000494                USART2_IRQHandler
                0x08000494                DFSDM1_FLT0_IRQHandler
                0x08000494                SAI4_IRQHandler
                0x08000494                I2C2_ER_IRQHandler
                0x08000494                DMA2_Stream1_IRQHandler
                0x08000494                FLASH_IRQHandler
                0x08000494                DMA2_Stream4_IRQHandler
                0x08000494                BusFault_Handler
                0x08000494                USART1_IRQHandler
                0x08000494                SPI3_IRQHandler
                0x08000494                WAKEUP_PIN_IRQHandler
                0x08000494                DMA1_Stream4_IRQHandler
                0x08000494                I2C1_ER_IRQHandler
                0x08000494                FMC_IRQHandler
                0x08000494                FDCAN_CAL_IRQHandler
                0x08000494                SWPMI1_IRQHandler
                0x08000494                COMP1_IRQHandler
                0x08000494                LPTIM1_IRQHandler
                0x08000494                DCMI_PSSI_IRQHandler
                0x08000494                I2C4_ER_IRQHandler
                0x08000494                DMA2_Stream6_IRQHandler
                0x08000494                SAI1_IRQHandler
                0x08000494                DMA1_Stream3_IRQHandler
 *fill*         0x08000496        0x2 
 .text.ExitRun0Mode
                0x08000498       0x2c CMakeFiles/DM_MC02_Gyro_2m.elf.dir/src/exit_run0_mode.c.obj
                0x08000498                ExitRun0Mode
 .text.clampf   0x080004c4       0x50 CMakeFiles/DM_MC02_Gyro_2m.elf.dir/src/main.c.obj
 .text.hold_zero
                0x08000514       0x68 CMakeFiles/DM_MC02_Gyro_2m.elf.dir/src/main.c.obj
 .text.enter_fault
                0x0800057c       0xc0 CMakeFiles/DM_MC02_Gyro_2m.elf.dir/src/main.c.obj
 .text.calibrate_gyro
                0x0800063c      0x114 CMakeFiles/DM_MC02_Gyro_2m.elf.dir/src/main.c.obj
 .text.enable_motors
                0x08000750       0x5c CMakeFiles/DM_MC02_Gyro_2m.elf.dir/src/main.c.obj
 .text.run_two_meter_drive
                0x080007ac      0x3a8 CMakeFiles/DM_MC02_Gyro_2m.elf.dir/src/main.c.obj
 .text.main     0x08000b54      0x188 CMakeFiles/DM_MC02_Gyro_2m.elf.dir/src/main.c.obj
                0x08000b54                main
 .text.Error_Handler
                0x08000cdc        0xc CMakeFiles/DM_MC02_Gyro_2m.elf.dir/src/main.c.obj
                0x08000cdc                Error_Handler
 .text.system_clock_config
                0x08000ce8       0xdc CMakeFiles/DM_MC02_Gyro_2m.elf.dir/src/board.c.obj
 .text.gpio_init
                0x08000dc4       0x88 CMakeFiles/DM_MC02_Gyro_2m.elf.dir/src/board.c.obj
 .text.spi2_init
                0x08000e4c       0xb0 CMakeFiles/DM_MC02_Gyro_2m.elf.dir/src/board.c.obj
 .text.uart1_init
                0x08000efc       0x8c CMakeFiles/DM_MC02_Gyro_2m.elf.dir/src/board.c.obj
 .text.fdcan1_init
                0x08000f88       0xf0 CMakeFiles/DM_MC02_Gyro_2m.elf.dir/src/board.c.obj
 .text.board_init
                0x08001078       0xfc CMakeFiles/DM_MC02_Gyro_2m.elf.dir/src/board.c.obj
                0x08001078                board_init
 .text.board_uart1_write
                0x08001174       0x44 CMakeFiles/DM_MC02_Gyro_2m.elf.dir/src/board.c.obj
                0x08001174                board_uart1_write
 .text.HAL_UART_MspInit
                0x080011b8       0x9c CMakeFiles/DM_MC02_Gyro_2m.elf.dir/src/board.c.obj
                0x080011b8                HAL_UART_MspInit
 .text.fdcan_protocol_healthy
                0x08001254       0x5c CMakeFiles/DM_MC02_Gyro_2m.elf.dir/src/board.c.obj
 .text.board_fdcan1_abort_all_pending
                0x080012b0       0xb0 CMakeFiles/DM_MC02_Gyro_2m.elf.dir/src/board.c.obj
                0x080012b0                board_fdcan1_abort_all_pending
 .text.board_fdcan1_wait_tx_fifo_free
                0x08001360       0x7c CMakeFiles/DM_MC02_Gyro_2m.elf.dir/src/board.c.obj
                0x08001360                board_fdcan1_wait_tx_fifo_free
 .text.board_fdcan1_send_classic_std8_batch4
                0x080013dc      0x130 CMakeFiles/DM_MC02_Gyro_2m.elf.dir/src/board.c.obj
                0x080013dc                board_fdcan1_send_classic_std8_batch4
 .text.HAL_SPI_MspInit
                0x0800150c      0x10c CMakeFiles/DM_MC02_Gyro_2m.elf.dir/src/board.c.obj
                0x0800150c                HAL_SPI_MspInit
 .text.HAL_FDCAN_MspInit
                0x08001618       0xd8 CMakeFiles/DM_MC02_Gyro_2m.elf.dir/src/board.c.obj
                0x08001618                HAL_FDCAN_MspInit
 .text.HAL_MspInit
                0x080016f0       0x34 CMakeFiles/DM_MC02_Gyro_2m.elf.dir/src/board.c.obj
                0x080016f0                HAL_MspInit
 .text.SysTick_Handler
                0x08001724        0xc CMakeFiles/DM_MC02_Gyro_2m.elf.dir/src/board.c.obj
                0x08001724                SysTick_Handler
 .text.absf     0x08001730       0x32 CMakeFiles/DM_MC02_Gyro_2m.elf.dir/src/mecanum.c.obj
 .text.mecanum_inverse
                0x08001762      0x1d0 CMakeFiles/DM_MC02_Gyro_2m.elf.dir/src/mecanum.c.obj
                0x08001762                mecanum_inverse
 *fill*         0x08001932        0x2 
 .text.send_special_batch
                0x08001934       0x90 CMakeFiles/DM_MC02_Gyro_2m.elf.dir/src/motor_output.c.obj
 .text.send_special_to_all
                0x080019c4       0x64 CMakeFiles/DM_MC02_Gyro_2m.elf.dir/src/motor_output.c.obj
 .text.motor_send_wheel_speeds
                0x08001a28       0xa4 CMakeFiles/DM_MC02_Gyro_2m.elf.dir/src/motor_output.c.obj
                0x08001a28                motor_send_wheel_speeds
 .text.motor_send_zero_all
                0x08001acc       0x28 CMakeFiles/DM_MC02_Gyro_2m.elf.dir/src/motor_output.c.obj
                0x08001acc                motor_send_zero_all
 .text.motor_clear_errors_all
                0x08001af4       0x14 CMakeFiles/DM_MC02_Gyro_2m.elf.dir/src/motor_output.c.obj
                0x08001af4                motor_clear_errors_all
 .text.motor_enable_all
                0x08001b08       0x14 CMakeFiles/DM_MC02_Gyro_2m.elf.dir/src/motor_output.c.obj
                0x08001b08                motor_enable_all
 .text.motor_disable_all
                0x08001b1c       0x14 CMakeFiles/DM_MC02_Gyro_2m.elf.dir/src/motor_output.c.obj
                0x08001b1c                motor_disable_all
 .text.crc32_update
                0x08001b30       0x68 CMakeFiles/DM_MC02_Gyro_2m.elf.dir/src/run_log.c.obj
 .text.records_crc32
                0x08001b98       0x26 CMakeFiles/DM_MC02_Gyro_2m.elf.dir/src/run_log.c.obj
 .text.flash_program_words
                0x08001bbe       0x5a CMakeFiles/DM_MC02_Gyro_2m.elf.dir/src/run_log.c.obj
 .text.scaled   0x08001c18       0x5c CMakeFiles/DM_MC02_Gyro_2m.elf.dir/src/run_log.c.obj
 .text.run_log_reset
                0x08001c74       0x20 CMakeFiles/DM_MC02_Gyro_2m.elf.dir/src/run_log.c.obj
                0x08001c74                run_log_reset
 .text.run_log_sample
                0x08001c94       0xc0 CMakeFiles/DM_MC02_Gyro_2m.elf.dir/src/run_log.c.obj
                0x08001c94                run_log_sample
 .text.run_log_save
                0x08001d54      0x140 CMakeFiles/DM_MC02_Gyro_2m.elf.dir/src/run_log.c.obj
                0x08001d54                run_log_save
 .text.run_log_dump_stored
                0x08001e94      0x260 CMakeFiles/DM_MC02_Gyro_2m.elf.dir/src/run_log.c.obj
                0x08001e94                run_log_dump_stored
 .text.BMI088_init
                0x080020f4       0x38 CMakeFiles/DM_MC02_Gyro_2m.elf.dir/bmi088/BMI088driver.c.obj
                0x080020f4                BMI088_init
 .text.bmi088_accel_init
                0x0800212c      0x170 CMakeFiles/DM_MC02_Gyro_2m.elf.dir/bmi088/BMI088driver.c.obj
                0x0800212c                bmi088_accel_init
 .text.bmi088_gyro_init
                0x0800229c      0x130 CMakeFiles/DM_MC02_Gyro_2m.elf.dir/bmi088/BMI088driver.c.obj
                0x0800229c                bmi088_gyro_init
 .text.BMI088_read
                0x080023cc      0x1d4 CMakeFiles/DM_MC02_Gyro_2m.elf.dir/bmi088/BMI088driver.c.obj
                0x080023cc                BMI088_read
 .text.BMI088_write_single_reg
                0x080025a0       0x28 CMakeFiles/DM_MC02_Gyro_2m.elf.dir/bmi088/BMI088driver.c.obj
 .text.BMI088_read_single_reg
                0x080025c8       0x30 CMakeFiles/DM_MC02_Gyro_2m.elf.dir/bmi088/BMI088driver.c.obj
 .text.BMI088_read_muli_reg
                0x080025f8       0x4a CMakeFiles/DM_MC02_Gyro_2m.elf.dir/bmi088/BMI088driver.c.obj
 .text.BMI088_GPIO_init
                0x08002642        0xc CMakeFiles/DM_MC02_Gyro_2m.elf.dir/bmi088/BMI088Middleware.c.obj
                0x08002642                BMI088_GPIO_init
 .text.BMI088_com_init
                0x0800264e        0xc CMakeFiles/DM_MC02_Gyro_2m.elf.dir/bmi088/BMI088Middleware.c.obj
                0x0800264e                BMI088_com_init
 .text.BMI088_delay_ms
                0x0800265a       0x28 CMakeFiles/DM_MC02_Gyro_2m.elf.dir/bmi088/BMI088Middleware.c.obj
                0x0800265a                BMI088_delay_ms
 *fill*         0x08002682        0x2 
 .text.BMI088_delay_us
                0x08002684       0x88 CMakeFiles/DM_MC02_Gyro_2m.elf.dir/bmi088/BMI088Middleware.c.obj
                0x08002684                BMI088_delay_us
 .text.BMI088_ACCEL_NS_L
                0x0800270c       0x18 CMakeFiles/DM_MC02_Gyro_2m.elf.dir/bmi088/BMI088Middleware.c.obj
                0x0800270c                BMI088_ACCEL_NS_L
 .text.BMI088_ACCEL_NS_H
                0x08002724       0x18 CMakeFiles/DM_MC02_Gyro_2m.elf.dir/bmi088/BMI088Middleware.c.obj
                0x08002724                BMI088_ACCEL_NS_H
 .text.BMI088_GYRO_NS_L
                0x0800273c       0x18 CMakeFiles/DM_MC02_Gyro_2m.elf.dir/bmi088/BMI088Middleware.c.obj
                0x0800273c                BMI088_GYRO_NS_L
 .text.BMI088_GYRO_NS_H
                0x08002754       0x18 CMakeFiles/DM_MC02_Gyro_2m.elf.dir/bmi088/BMI088Middleware.c.obj
                0x08002754                BMI088_GYRO_NS_H
 .text.BMI088_read_write_byte
                0x0800276c       0x2c CMakeFiles/DM_MC02_Gyro_2m.elf.dir/bmi088/BMI088Middleware.c.obj
                0x0800276c                BMI088_read_write_byte
 .text.dm_pack_special
                0x08002798       0x34 CMakeFiles/DM_MC02_Gyro_2m.elf.dir/vendor/dm_motor/dm_motor_protocol.c.obj
                0x08002798                dm_pack_special
 .text.dm_pack_clear_error
                0x080027cc       0x1a CMakeFiles/DM_MC02_Gyro_2m.elf.dir/vendor/dm_motor/dm_motor_protocol.c.obj
                0x080027cc                dm_pack_clear_error
 .text.dm_pack_enable
                0x080027e6       0x1a CMakeFiles/DM_MC02_Gyro_2m.elf.dir/vendor/dm_motor/dm_motor_protocol.c.obj
                0x080027e6                dm_pack_enable
 .text.dm_pack_disable
                0x08002800       0x1a CMakeFiles/DM_MC02_Gyro_2m.elf.dir/vendor/dm_motor/dm_motor_protocol.c.obj
                0x08002800                dm_pack_disable
 .text.put_f32_le
                0x0800281a       0x20 CMakeFiles/DM_MC02_Gyro_2m.elf.dir/vendor/dm_motor/dm_motor_protocol.c.obj
 .text.dm_pack_velocity
                0x0800283a       0x36 CMakeFiles/DM_MC02_Gyro_2m.elf.dir/vendor/dm_motor/dm_motor_protocol.c.obj
                0x0800283a                dm_pack_velocity
 .text.SystemInit
                0x08002870       0xf0 CMakeFiles/DM_MC02_Gyro_2m.elf.dir/vendor/stm32/system_stm32h7xx.c.obj
                0x08002870                SystemInit
 .text.HAL_Init
                0x08002960       0x78 CMakeFiles/DM_MC02_Gyro_2m.elf.dir/vendor/stm32/Drivers/STM32H7xx_HAL_Driver/Src/stm32h7xx_hal.c.obj
                0x08002960                HAL_Init
 .text.HAL_InitTick
                0x080029d8       0x6c CMakeFiles/DM_MC02_Gyro_2m.elf.dir/vendor/stm32/Drivers/STM32H7xx_HAL_Driver/Src/stm32h7xx_hal.c.obj
                0x080029d8                HAL_InitTick
 .text.HAL_IncTick
                0x08002a44       0x24 CMakeFiles/DM_MC02_Gyro_2m.elf.dir/vendor/stm32/Drivers/STM32H7xx_HAL_Driver/Src/stm32h7xx_hal.c.obj
                0x08002a44                HAL_IncTick
 .text.HAL_GetTick
                0x08002a68       0x14 CMakeFiles/DM_MC02_Gyro_2m.elf.dir/vendor/stm32/Drivers/STM32H7xx_HAL_Driver/Src/stm32h7xx_hal.c.obj
                0x08002a68                HAL_GetTick
 .text.HAL_Delay
                0x08002a7c       0x48 CMakeFiles/DM_MC02_Gyro_2m.elf.dir/vendor/stm32/Drivers/STM32H7xx_HAL_Driver/Src/stm32h7xx_hal.c.obj
                0x08002a7c                HAL_Delay
 .text.__NVIC_SetPriorityGrouping
                0x08002ac4       0x48 CMakeFiles/DM_MC02_Gyro_2m.elf.dir/vendor/stm32/Drivers/STM32H7xx_HAL_Driver/Src/stm32h7xx_hal_cortex.c.obj
 .text.__NVIC_GetPriorityGrouping
                0x08002b0c       0x1c CMakeFiles/DM_MC02_Gyro_2m.elf.dir/vendor/stm32/Drivers/STM32H7xx_HAL_Driver/Src/stm32h7xx_hal_cortex.c.obj
 .text.__NVIC_SetPriority
                0x08002b28       0x54 CMakeFiles/DM_MC02_Gyro_2m.elf.dir/vendor/stm32/Drivers/STM32H7xx_HAL_Driver/Src/stm32h7xx_hal_cortex.c.obj
 .text.NVIC_EncodePriority
                0x08002b7c       0x6e CMakeFiles/DM_MC02_Gyro_2m.elf.dir/vendor/stm32/Drivers/STM32H7xx_HAL_Driver/Src/stm32h7xx_hal_cortex.c.obj
 *fill*         0x08002bea        0x2 
 .text.SysTick_Config
                0x08002bec       0x44 CMakeFiles/DM_MC02_Gyro_2m.elf.dir/vendor/stm32/Drivers/STM32H7xx_HAL_Driver/Src/stm32h7xx_hal_cortex.c.obj
 .text.HAL_NVIC_SetPriorityGrouping
                0x08002c30       0x16 CMakeFiles/DM_MC02_Gyro_2m.elf.dir/vendor/stm32/Drivers/STM32H7xx_HAL_Driver/Src/stm32h7xx_hal_cortex.c.obj
                0x08002c30                HAL_NVIC_SetPriorityGrouping
 .text.HAL_NVIC_SetPriority
                0x08002c46       0x34 CMakeFiles/DM_MC02_Gyro_2m.elf.dir/vendor/stm32/Drivers/STM32H7xx_HAL_Driver/Src/stm32h7xx_hal_cortex.c.obj
                0x08002c46                HAL_NVIC_SetPriority
 .text.HAL_SYSTICK_Config
                0x08002c7a       0x18 CMakeFiles/DM_MC02_Gyro_2m.elf.dir/vendor/stm32/Drivers/STM32H7xx_HAL_Driver/Src/stm32h7xx_hal_cortex.c.obj
                0x08002c7a                HAL_SYSTICK_Config
 *fill*         0x08002c92        0x2 
 .text.HAL_FDCAN_Init
                0x08002c94      0x3bc CMakeFiles/DM_MC02_Gyro_2m.elf.dir/vendor/stm32/Drivers/STM32H7xx_HAL_Driver/Src/stm32h7xx_hal_fdcan.c.obj
                0x08002c94                HAL_FDCAN_Init
 .text.HAL_FDCAN_ConfigGlobalFilter
                0x08003050       0x58 CMakeFiles/DM_MC02_Gyro_2m.elf.dir/vendor/stm32/Drivers/STM32H7xx_HAL_Driver/Src/stm32h7xx_hal_fdcan.c.obj
                0x08003050                HAL_FDCAN_ConfigGlobalFilter
 .text.HAL_FDCAN_Start
                0x080030a8       0x54 CMakeFiles/DM_MC02_Gyro_2m.elf.dir/vendor/stm32/Drivers/STM32H7xx_HAL_Driver/Src/stm32h7xx_hal_fdcan.c.obj
                0x080030a8                HAL_FDCAN_Start
 .text.HAL_FDCAN_AddMessageToTxFifoQ
                0x080030fc       0xb6 CMakeFiles/DM_MC02_Gyro_2m.elf.dir/vendor/stm32/Drivers/STM32H7xx_HAL_Driver/Src/stm32h7xx_hal_fdcan.c.obj
                0x080030fc                HAL_FDCAN_AddMessageToTxFifoQ
 .text.HAL_FDCAN_GetLatestTxFifoQRequestBuffer
                0x080031b2       0x18 CMakeFiles/DM_MC02_Gyro_2m.elf.dir/vendor/stm32/Drivers/STM32H7xx_HAL_Driver/Src/stm32h7xx_hal_fdcan.c.obj
                0x080031b2                HAL_FDCAN_GetLatestTxFifoQRequestBuffer
 .text.HAL_FDCAN_AbortTxRequest
                0x080031ca       0x40 CMakeFiles/DM_MC02_Gyro_2m.elf.dir/vendor/stm32/Drivers/STM32H7xx_HAL_Driver/Src/stm32h7xx_hal_fdcan.c.obj
                0x080031ca                HAL_FDCAN_AbortTxRequest
 .text.HAL_FDCAN_GetProtocolStatus
                0x0800320a       0x9e CMakeFiles/DM_MC02_Gyro_2m.elf.dir/vendor/stm32/Drivers/STM32H7xx_HAL_Driver/Src/stm32h7xx_hal_fdcan.c.obj
                0x0800320a                HAL_FDCAN_GetProtocolStatus
 .text.HAL_FDCAN_GetTxFifoFreeLevel
                0x080032a8       0x22 CMakeFiles/DM_MC02_Gyro_2m.elf.dir/vendor/stm32/Drivers/STM32H7xx_HAL_Driver/Src/stm32h7xx_hal_fdcan.c.obj
                0x080032a8                HAL_FDCAN_GetTxFifoFreeLevel
 *fill*         0x080032ca        0x2 
 .text.FDCAN_CalcultateRamBlockAddresses
                0x080032cc      0x308 CMakeFiles/DM_MC02_Gyro_2m.elf.dir/vendor/stm32/Drivers/STM32H7xx_HAL_Driver/Src/stm32h7xx_hal_fdcan.c.obj
 .text.FDCAN_CopyMessageToRAM
                0x080035d4       0xfc CMakeFiles/DM_MC02_Gyro_2m.elf.dir/vendor/stm32/Drivers/STM32H7xx_HAL_Driver/Src/stm32h7xx_hal_fdcan.c.obj
 .text.HAL_FLASH_Program
                0x080036d0       0xdc CMakeFiles/DM_MC02_Gyro_2m.elf.dir/vendor/stm32/Drivers/STM32H7xx_HAL_Driver/Src/stm32h7xx_hal_flash.c.obj
                0x080036d0                HAL_FLASH_Program
 .text.HAL_FLASH_Unlock
                0x080037ac       0x44 CMakeFiles/DM_MC02_Gyro_2m.elf.dir/vendor/stm32/Drivers/STM32H7xx_HAL_Driver/Src/stm32h7xx_hal_flash.c.obj
                0x080037ac                HAL_FLASH_Unlock
 .text.HAL_FLASH_Lock
                0x080037f0       0x30 CMakeFiles/DM_MC02_Gyro_2m.elf.dir/vendor/stm32/Drivers/STM32H7xx_HAL_Driver/Src/stm32h7xx_hal_flash.c.obj
                0x080037f0                HAL_FLASH_Lock
 .text.FLASH_WaitForLastOperation
                0x08003820       0xac CMakeFiles/DM_MC02_Gyro_2m.elf.dir/vendor/stm32/Drivers/STM32H7xx_HAL_Driver/Src/stm32h7xx_hal_flash.c.obj
                0x08003820                FLASH_WaitForLastOperation
 .text.HAL_FLASHEx_Erase
                0x080038cc      0x118 CMakeFiles/DM_MC02_Gyro_2m.elf.dir/vendor/stm32/Drivers/STM32H7xx_HAL_Driver/Src/stm32h7xx_hal_flash_ex.c.obj
                0x080038cc                HAL_FLASHEx_Erase
 .text.FLASH_MassErase
                0x080039e4       0x48 CMakeFiles/DM_MC02_Gyro_2m.elf.dir/vendor/stm32/Drivers/STM32H7xx_HAL_Driver/Src/stm32h7xx_hal_flash_ex.c.obj
 .text.FLASH_Erase_Sector
                0x08003a2c       0x48 CMakeFiles/DM_MC02_Gyro_2m.elf.dir/vendor/stm32/Drivers/STM32H7xx_HAL_Driver/Src/stm32h7xx_hal_flash_ex.c.obj
                0x08003a2c                FLASH_Erase_Sector
 .text.HAL_GPIO_Init
                0x08003a74      0x350 CMakeFiles/DM_MC02_Gyro_2m.elf.dir/vendor/stm32/Drivers/STM32H7xx_HAL_Driver/Src/stm32h7xx_hal_gpio.c.obj
                0x08003a74                HAL_GPIO_Init
 .text.HAL_GPIO_WritePin
                0x08003dc4       0x30 CMakeFiles/DM_MC02_Gyro_2m.elf.dir/vendor/stm32/Drivers/STM32H7xx_HAL_Driver/Src/stm32h7xx_hal_gpio.c.obj
                0x08003dc4                HAL_GPIO_WritePin
 .text.HAL_PWREx_ConfigSupply
                0x08003df4       0x74 CMakeFiles/DM_MC02_Gyro_2m.elf.dir/vendor/stm32/Drivers/STM32H7xx_HAL_Driver/Src/stm32h7xx_hal_pwr_ex.c.obj
                0x08003df4                HAL_PWREx_ConfigSupply
 .text.HAL_RCC_OscConfig
                0x08003e68      0x7b4 CMakeFiles/DM_MC02_Gyro_2m.elf.dir/vendor/stm32/Drivers/STM32H7xx_HAL_Driver/Src/stm32h7xx_hal_rcc.c.obj
                0x08003e68                HAL_RCC_OscConfig
 .text.HAL_RCC_ClockConfig
                0x0800461c      0x36c CMakeFiles/DM_MC02_Gyro_2m.elf.dir/vendor/stm32/Drivers/STM32H7xx_HAL_Driver/Src/stm32h7xx_hal_rcc.c.obj
                0x0800461c                HAL_RCC_ClockConfig
 .text.HAL_RCC_GetSysClockFreq
                0x08004988      0x29c CMakeFiles/DM_MC02_Gyro_2m.elf.dir/vendor/stm32/Drivers/STM32H7xx_HAL_Driver/Src/stm32h7xx_hal_rcc.c.obj
                0x08004988                HAL_RCC_GetSysClockFreq
 .text.HAL_RCC_GetHCLKFreq
                0x08004c24       0x60 CMakeFiles/DM_MC02_Gyro_2m.elf.dir/vendor/stm32/Drivers/STM32H7xx_HAL_Driver/Src/stm32h7xx_hal_rcc.c.obj
                0x08004c24                HAL_RCC_GetHCLKFreq
 .text.HAL_RCC_GetPCLK1Freq
                0x08004c84       0x2c CMakeFiles/DM_MC02_Gyro_2m.elf.dir/vendor/stm32/Drivers/STM32H7xx_HAL_Driver/Src/stm32h7xx_hal_rcc.c.obj
                0x08004c84                HAL_RCC_GetPCLK1Freq
 .text.HAL_RCC_GetPCLK2Freq
                0x08004cb0       0x2c CMakeFiles/DM_MC02_Gyro_2m.elf.dir/vendor/stm32/Drivers/STM32H7xx_HAL_Driver/Src/stm32h7xx_hal_rcc.c.obj
                0x08004cb0                HAL_RCC_GetPCLK2Freq
 .text.HAL_RCCEx_PeriphCLKConfig
                0x08004cdc     0x12f0 CMakeFiles/DM_MC02_Gyro_2m.elf.dir/vendor/stm32/Drivers/STM32H7xx_HAL_Driver/Src/stm32h7xx_hal_rcc_ex.c.obj
                0x08004cdc                HAL_RCCEx_PeriphCLKConfig
 .text.HAL_RCCEx_GetD3PCLK1Freq
                0x08005fcc       0x2c CMakeFiles/DM_MC02_Gyro_2m.elf.dir/vendor/stm32/Drivers/STM32H7xx_HAL_Driver/Src/stm32h7xx_hal_rcc_ex.c.obj
                0x08005fcc                HAL_RCCEx_GetD3PCLK1Freq
 .text.HAL_RCCEx_GetPLL2ClockFreq
                0x08005ff8      0x2a4 CMakeFiles/DM_MC02_Gyro_2m.elf.dir/vendor/stm32/Drivers/STM32H7xx_HAL_Driver/Src/stm32h7xx_hal_rcc_ex.c.obj
                0x08005ff8                HAL_RCCEx_GetPLL2ClockFreq
 .text.HAL_RCCEx_GetPLL3ClockFreq
                0x0800629c      0x2a4 CMakeFiles/DM_MC02_Gyro_2m.elf.dir/vendor/stm32/Drivers/STM32H7xx_HAL_Driver/Src/stm32h7xx_hal_rcc_ex.c.obj
                0x0800629c                HAL_RCCEx_GetPLL3ClockFreq
 .text.RCCEx_PLL2_Config
                0x08006540      0x164 CMakeFiles/DM_MC02_Gyro_2m.elf.dir/vendor/stm32/Drivers/STM32H7xx_HAL_Driver/Src/stm32h7xx_hal_rcc_ex.c.obj
 .text.RCCEx_PLL3_Config
                0x080066a4      0x164 CMakeFiles/DM_MC02_Gyro_2m.elf.dir/vendor/stm32/Drivers/STM32H7xx_HAL_Driver/Src/stm32h7xx_hal_rcc_ex.c.obj
 .text.HAL_SPI_Init
                0x08006808      0x248 CMakeFiles/DM_MC02_Gyro_2m.elf.dir/vendor/stm32/Drivers/STM32H7xx_HAL_Driver/Src/stm32h7xx_hal_spi.c.obj
                0x08006808                HAL_SPI_Init
 .text.HAL_SPI_TransmitReceive
                0x08006a50      0x438 CMakeFiles/DM_MC02_Gyro_2m.elf.dir/vendor/stm32/Drivers/STM32H7xx_HAL_Driver/Src/stm32h7xx_hal_spi.c.obj
                0x08006a50                HAL_SPI_TransmitReceive
 .text.SPI_CloseTransfer
                0x08006e88      0x140 CMakeFiles/DM_MC02_Gyro_2m.elf.dir/vendor/stm32/Drivers/STM32H7xx_HAL_Driver/Src/stm32h7xx_hal_spi.c.obj
 .text.SPI_WaitOnFlagUntilTimeout
                0x08006fc8       0x5c CMakeFiles/DM_MC02_Gyro_2m.elf.dir/vendor/stm32/Drivers/STM32H7xx_HAL_Driver/Src/stm32h7xx_hal_spi.c.obj
 .text.SPI_GetPacketSize
                0x08007024       0x34 CMakeFiles/DM_MC02_Gyro_2m.elf.dir/vendor/stm32/Drivers/STM32H7xx_HAL_Driver/Src/stm32h7xx_hal_spi.c.obj
 .text.HAL_UART_Init
                0x08007058       0xa0 CMakeFiles/DM_MC02_Gyro_2m.elf.dir/vendor/stm32/Drivers/STM32H7xx_HAL_Driver/Src/stm32h7xx_hal_uart.c.obj
                0x08007058                HAL_UART_Init
 .text.HAL_UART_Transmit
                0x080070f8      0x11c CMakeFiles/DM_MC02_Gyro_2m.elf.dir/vendor/stm32/Drivers/STM32H7xx_HAL_Driver/Src/stm32h7xx_hal_uart.c.obj
                0x080070f8                HAL_UART_Transmit
 .text.UART_SetConfig
                0x08007214      0x9a8 CMakeFiles/DM_MC02_Gyro_2m.elf.dir/vendor/stm32/Drivers/STM32H7xx_HAL_Driver/Src/stm32h7xx_hal_uart.c.obj
                0x08007214                UART_SetConfig
 .text.UART_AdvFeatureConfig
                0x08007bbc      0x142 CMakeFiles/DM_MC02_Gyro_2m.elf.dir/vendor/stm32/Drivers/STM32H7xx_HAL_Driver/Src/stm32h7xx_hal_uart.c.obj
                0x08007bbc                UART_AdvFeatureConfig
 .text.UART_CheckIdleState
                0x08007cfe      0x154 CMakeFiles/DM_MC02_Gyro_2m.elf.dir/vendor/stm32/Drivers/STM32H7xx_HAL_Driver/Src/stm32h7xx_hal_uart.c.obj
                0x08007cfe                UART_CheckIdleState
 .text.UART_WaitOnFlagUntilTimeout
                0x08007e52       0xce CMakeFiles/DM_MC02_Gyro_2m.elf.dir/vendor/stm32/Drivers/STM32H7xx_HAL_Driver/Src/stm32h7xx_hal_uart.c.obj
                0x08007e52                UART_WaitOnFlagUntilTimeout
 .text.UART_EndRxTransfer
                0x08007f20       0xcc CMakeFiles/DM_MC02_Gyro_2m.elf.dir/vendor/stm32/Drivers/STM32H7xx_HAL_Driver/Src/stm32h7xx_hal_uart.c.obj
 .text.HAL_UARTEx_DisableFifoMode
                0x08007fec       0x70 CMakeFiles/DM_MC02_Gyro_2m.elf.dir/vendor/stm32/Drivers/STM32H7xx_HAL_Driver/Src/stm32h7xx_hal_uart_ex.c.obj
                0x08007fec                HAL_UARTEx_DisableFifoMode
 .text.HAL_UARTEx_SetTxFifoThreshold
                0x0800805c       0x7c CMakeFiles/DM_MC02_Gyro_2m.elf.dir/vendor/stm32/Drivers/STM32H7xx_HAL_Driver/Src/stm32h7xx_hal_uart_ex.c.obj
                0x0800805c                HAL_UARTEx_SetTxFifoThreshold
 .text.HAL_UARTEx_SetRxFifoThreshold
                0x080080d8       0x7c CMakeFiles/DM_MC02_Gyro_2m.elf.dir/vendor/stm32/Drivers/STM32H7xx_HAL_Driver/Src/stm32h7xx_hal_uart_ex.c.obj
                0x080080d8                HAL_UARTEx_SetRxFifoThreshold
 .text.UARTEx_SetNbDataToProcess
                0x08008154       0x98 CMakeFiles/DM_MC02_Gyro_2m.elf.dir/vendor/stm32/Drivers/STM32H7xx_HAL_Driver/Src/stm32h7xx_hal_uart_ex.c.obj
 .text.sqrtf    0x080081ec       0x50 D:/STM32/arm-gnu-toolchain-15.2.rel1-mingw-w64-i686-arm-none-eabi/bin/../lib/gcc/arm-none-eabi/15.2.1/../../../../arm-none-eabi/lib/thumb/v7e-m+dp/hard\libm.a(libm_a-wf_sqrt.o)
                0x080081ec                sqrtf
 .text.__ieee754_sqrtf
                0x0800823c        0x8 D:/STM32/arm-gnu-toolchain-15.2.rel1-mingw-w64-i686-arm-none-eabi/bin/../lib/gcc/arm-none-eabi/15.2.1/../../../../arm-none-eabi/lib/thumb/v7e-m+dp/hard\libm.a(libm_a-ef_sqrt.o)
                0x0800823c                __ieee754_sqrtf
 .text.snprintf
                0x08008244       0x64 D:/STM32/arm-gnu-toolchain-15.2.rel1-mingw-w64-i686-arm-none-eabi/bin/../lib/gcc/arm-none-eabi/15.2.1/../../../../arm-none-eabi/lib/thumb/v7e-m+dp/hard\libc_nano.a(libc_a-snprintf.o)
                0x08008244                sniprintf
                0x08008244                snprintf
 .text.memset   0x080082a8       0x10 D:/STM32/arm-gnu-toolchain-15.2.rel1-mingw-w64-i686-arm-none-eabi/bin/../lib/gcc/arm-none-eabi/15.2.1/../../../../arm-none-eabi/lib/thumb/v7e-m+dp/hard\libc_nano.a(libc_a-memset.o)
                0x080082a8                memset
 .text.__errno  0x080082b8        0xc D:/STM32/arm-gnu-toolchain-15.2.rel1-mingw-w64-i686-arm-none-eabi/bin/../lib/gcc/arm-none-eabi/15.2.1/../../../../arm-none-eabi/lib/thumb/v7e-m+dp/hard\libc_nano.a(libc_a-errno.o)
                0x080082b8                __errno
 .text.__libc_init_array
                0x080082c4       0x48 D:/STM32/arm-gnu-toolchain-15.2.rel1-mingw-w64-i686-arm-none-eabi/bin/../lib/gcc/arm-none-eabi/15.2.1/../../../../arm-none-eabi/lib/thumb/v7e-m+dp/hard\libc_nano.a(libc_a-init.o)
                0x080082c4                __libc_init_array
 .text.__retarget_lock_acquire_recursive
                0x0800830c        0x2 D:/STM32/arm-gnu-toolchain-15.2.rel1-mingw-w64-i686-arm-none-eabi/bin/../lib/gcc/arm-none-eabi/15.2.1/../../../../arm-none-eabi/lib/thumb/v7e-m+dp/hard\libc_nano.a(libc_a-lock.o)
                0x0800830c                __retarget_lock_acquire_recursive
 .text.__retarget_lock_release_recursive
                0x0800830e        0x2 D:/STM32/arm-gnu-toolchain-15.2.rel1-mingw-w64-i686-arm-none-eabi/bin/../lib/gcc/arm-none-eabi/15.2.1/../../../../arm-none-eabi/lib/thumb/v7e-m+dp/hard\libc_nano.a(libc_a-lock.o)
                0x0800830e                __retarget_lock_release_recursive
 .text.memcpy   0x08008310       0x1c D:/STM32/arm-gnu-toolchain-15.2.rel1-mingw-w64-i686-arm-none-eabi/bin/../lib/gcc/arm-none-eabi/15.2.1/../../../../arm-none-eabi/lib/thumb/v7e-m+dp/hard\libc_nano.a(libc_a-memcpy-stub.o)
                0x08008310                memcpy
 .text._free_r  0x0800832c       0x98 D:/STM32/arm-gnu-toolchain-15.2.rel1-mingw-w64-i686-arm-none-eabi/bin/../lib/gcc/arm-none-eabi/15.2.1/../../../../arm-none-eabi/lib/thumb/v7e-m+dp/hard\libc_nano.a(libc_a-freer.o)
                0x0800832c                _free_r
 .text.sbrk_aligned
                0x080083c4       0x44 D:/STM32/arm-gnu-toolchain-15.2.rel1-mingw-w64-i686-arm-none-eabi/bin/../lib/gcc/arm-none-eabi/15.2.1/../../../../arm-none-eabi/lib/thumb/v7e-m+dp/hard\libc_nano.a(libc_a-mallocr.o)
 .text._malloc_r
                0x08008408       0xf8 D:/STM32/arm-gnu-toolchain-15.2.rel1-mingw-w64-i686-arm-none-eabi/bin/../lib/gcc/arm-none-eabi/15.2.1/../../../../arm-none-eabi/lib/thumb/v7e-m+dp/hard\libc_nano.a(libc_a-mallocr.o)
                0x08008408                _malloc_r
 .text.__malloc_lock
                0x08008500        0xc D:/STM32/arm-gnu-toolchain-15.2.rel1-mingw-w64-i686-arm-none-eabi/bin/../lib/gcc/arm-none-eabi/15.2.1/../../../../arm-none-eabi/lib/thumb/v7e-m+dp/hard\libc_nano.a(libc_a-mlock.o)
                0x08008500                __malloc_lock
 .text.__malloc_unlock
                0x0800850c        0xc D:/STM32/arm-gnu-toolchain-15.2.rel1-mingw-w64-i686-arm-none-eabi/bin/../lib/gcc/arm-none-eabi/15.2.1/../../../../arm-none-eabi/lib/thumb/v7e-m+dp/hard\libc_nano.a(libc_a-mlock.o)
                0x0800850c                __malloc_unlock
 .text.__ssputs_r
                0x08008518       0xc0 D:/STM32/arm-gnu-toolchain-15.2.rel1-mingw-w64-i686-arm-none-eabi/bin/../lib/gcc/arm-none-eabi/15.2.1/../../../../arm-none-eabi/lib/thumb/v7e-m+dp/hard\libc_nano.a(libc_a-nano-svfprintf.o)
                0x08008518                __ssputs_r
 .text._svfprintf_r
                0x080085d8      0x1f0 D:/STM32/arm-gnu-toolchain-15.2.rel1-mingw-w64-i686-arm-none-eabi/bin/../lib/gcc/arm-none-eabi/15.2.1/../../../../arm-none-eabi/lib/thumb/v7e-m+dp/hard\libc_nano.a(libc_a-nano-svfprintf.o)
                0x080085d8                _svfiprintf_r
                0x080085d8                _svfprintf_r
 .text._printf_common
                0x080087c8       0xea D:/STM32/arm-gnu-toolchain-15.2.rel1-mingw-w64-i686-arm-none-eabi/bin/../lib/gcc/arm-none-eabi/15.2.1/../../../../arm-none-eabi/lib/thumb/v7e-m+dp/hard\libc_nano.a(libc_a-nano-vfprintf_i.o)
                0x080087c8                _printf_common
 *fill*         0x080088b2        0x2 
 .text._printf_i
                0x080088b4      0x254 D:/STM32/arm-gnu-toolchain-15.2.rel1-mingw-w64-i686-arm-none-eabi/bin/../lib/gcc/arm-none-eabi/15.2.1/../../../../arm-none-eabi/lib/thumb/v7e-m+dp/hard\libc_nano.a(libc_a-nano-vfprintf_i.o)
                0x080088b4                _printf_i
 .text.memmove  0x08008b08       0x32 D:/STM32/arm-gnu-toolchain-15.2.rel1-mingw-w64-i686-arm-none-eabi/bin/../lib/gcc/arm-none-eabi/15.2.1/../../../../arm-none-eabi/lib/thumb/v7e-m+dp/hard\libc_nano.a(libc_a-memmove.o)
                0x08008b08                memmove
 *fill*         0x08008b3a        0x2 
 .text._sbrk_r  0x08008b3c       0x20 D:/STM32/arm-gnu-toolchain-15.2.rel1-mingw-w64-i686-arm-none-eabi/bin/../lib/gcc/arm-none-eabi/15.2.1/../../../../arm-none-eabi/lib/thumb/v7e-m+dp/hard\libc_nano.a(libc_a-sbrkr.o)
                0x08008b3c                _sbrk_r
 .text._realloc_r
                0x08008b5c       0x5c D:/STM32/arm-gnu-toolchain-15.2.rel1-mingw-w64-i686-arm-none-eabi/bin/../lib/gcc/arm-none-eabi/15.2.1/../../../../arm-none-eabi/lib/thumb/v7e-m+dp/hard\libc_nano.a(libc_a-reallocr.o)
                0x08008b5c                _realloc_r
 .text._malloc_usable_size_r
                0x08008bb8       0x10 D:/STM32/arm-gnu-toolchain-15.2.rel1-mingw-w64-i686-arm-none-eabi/bin/../lib/gcc/arm-none-eabi/15.2.1/../../../../arm-none-eabi/lib/thumb/v7e-m+dp/hard\libc_nano.a(libc_a-msizer.o)
                0x08008bb8                _malloc_usable_size_r
 .text._sbrk    0x08008bc8       0x1c D:/STM32/arm-gnu-toolchain-15.2.rel1-mingw-w64-i686-arm-none-eabi/bin/../lib/gcc/arm-none-eabi/15.2.1/../../../../arm-none-eabi/lib/thumb/v7e-m+dp/hard\libnosys.a(sbrk.o)
                0x08008bc8                _sbrk
 .text.__udivmoddi4
                0x08008be4      0x320 D:/STM32/arm-gnu-toolchain-15.2.rel1-mingw-w64-i686-arm-none-eabi/bin/../lib/gcc/arm-none-eabi/15.2.1/thumb/v7e-m+dp/hard\libgcc.a(_udivmoddi4.o)
                0x08008be4                __udivmoddi4
 *(.glue_7)
 .glue_7        0x08008f04        0x0 linker stubs
 *(.glue_7t)
 .glue_7t       0x08008f04        0x0 linker stubs
 *(.eh_frame)
 .eh_frame      0x08008f04        0x0 D:/STM32/arm-gnu-toolchain-15.2.rel1-mingw-w64-i686-arm-none-eabi/bin/../lib/gcc/arm-none-eabi/15.2.1/thumb/v7e-m+dp/hard/crtbegin.o
 *(.init)
 .init          0x08008f04        0x4 D:/STM32/arm-gnu-toolchain-15.2.rel1-mingw-w64-i686-arm-none-eabi/bin/../lib/gcc/arm-none-eabi/15.2.1/thumb/v7e-m+dp/hard/crti.o
                0x08008f04                _init
 .init          0x08008f08        0x8 D:/STM32/arm-gnu-toolchain-15.2.rel1-mingw-w64-i686-arm-none-eabi/bin/../lib/gcc/arm-none-eabi/15.2.1/thumb/v7e-m+dp/hard/crtn.o
 *(.fini)
 .fini          0x08008f10        0x4 D:/STM32/arm-gnu-toolchain-15.2.rel1-mingw-w64-i686-arm-none-eabi/bin/../lib/gcc/arm-none-eabi/15.2.1/thumb/v7e-m+dp/hard/crti.o
                0x08008f10                _fini
 .fini          0x08008f14        0x8 D:/STM32/arm-gnu-toolchain-15.2.rel1-mingw-w64-i686-arm-none-eabi/bin/../lib/gcc/arm-none-eabi/15.2.1/thumb/v7e-m+dp/hard/crtn.o
                0x08008f1c                        . = ALIGN (0x4)
                0x08008f1c                        _etext = .

.vfp11_veneer   0x08008f1c        0x0
 .vfp11_veneer  0x08008f1c        0x0 linker stubs

.v4_bx          0x08008f1c        0x0
 .v4_bx         0x08008f1c        0x0 linker stubs

.iplt           0x08008f1c        0x0
 .iplt          0x08008f1c        0x0 D:/STM32/arm-gnu-toolchain-15.2.rel1-mingw-w64-i686-arm-none-eabi/bin/../lib/gcc/arm-none-eabi/15.2.1/thumb/v7e-m+dp/hard/crtbegin.o

.rodata         0x08008f1c      0x25c
                0x08008f1c                        . = ALIGN (0x4)
 *(.rodata)
 .rodata        0x08008f1c      0x13a CMakeFiles/DM_MC02_Gyro_2m.elf.dir/src/run_log.c.obj
 *fill*         0x08009056        0x2 
 .rodata        0x08009058       0x4c CMakeFiles/DM_MC02_Gyro_2m.elf.dir/vendor/stm32/Drivers/STM32H7xx_HAL_Driver/Src/stm32h7xx_hal_fdcan.c.obj
 *(.rodata*)
 .rodata.chassis
                0x080090a4       0x20 CMakeFiles/DM_MC02_Gyro_2m.elf.dir/src/main.c.obj
 .rodata.stopped.1
                0x080090c4       0x10 CMakeFiles/DM_MC02_Gyro_2m.elf.dir/src/main.c.obj
 .rodata.stopped.0
                0x080090d4       0x10 CMakeFiles/DM_MC02_Gyro_2m.elf.dir/src/main.c.obj
 .rodata.motor_base_id
                0x080090e4        0x8 CMakeFiles/DM_MC02_Gyro_2m.elf.dir/src/motor_output.c.obj
 .rodata.zero.0
                0x080090ec       0x10 CMakeFiles/DM_MC02_Gyro_2m.elf.dir/src/motor_output.c.obj
 .rodata.D1CorePrescTable
                0x080090fc       0x10 CMakeFiles/DM_MC02_Gyro_2m.elf.dir/vendor/stm32/system_stm32h7xx.c.obj
                0x080090fc                D1CorePrescTable
 .rodata.DLCtoBytes
                0x0800910c       0x10 CMakeFiles/DM_MC02_Gyro_2m.elf.dir/vendor/stm32/Drivers/STM32H7xx_HAL_Driver/Src/stm32h7xx_hal_fdcan.c.obj
 .rodata.UARTPrescTable
                0x0800911c       0x18 CMakeFiles/DM_MC02_Gyro_2m.elf.dir/vendor/stm32/Drivers/STM32H7xx_HAL_Driver/Src/stm32h7xx_hal_uart.c.obj
                0x0800911c                UARTPrescTable
 .rodata.numerator.1
                0x08009134        0x8 CMakeFiles/DM_MC02_Gyro_2m.elf.dir/vendor/stm32/Drivers/STM32H7xx_HAL_Driver/Src/stm32h7xx_hal_uart_ex.c.obj
 .rodata.denominator.0
                0x0800913c        0x8 CMakeFiles/DM_MC02_Gyro_2m.elf.dir/vendor/stm32/Drivers/STM32H7xx_HAL_Driver/Src/stm32h7xx_hal_uart_ex.c.obj
 .rodata._svfprintf_r.str1.1
                0x08009144       0x33 D:/STM32/arm-gnu-toolchain-15.2.rel1-mingw-w64-i686-arm-none-eabi/bin/../lib/gcc/arm-none-eabi/15.2.1/../../../../arm-none-eabi/lib/thumb/v7e-m+dp/hard\libc_nano.a(libc_a-nano-svfprintf.o)
                                 0x11 (size before relaxing)
 .rodata._printf_i.str1.1
                0x08009177        0x0 D:/STM32/arm-gnu-toolchain-15.2.rel1-mingw-w64-i686-arm-none-eabi/bin/../lib/gcc/arm-none-eabi/15.2.1/../../../../arm-none-eabi/lib/thumb/v7e-m+dp/hard\libc_nano.a(libc_a-nano-vfprintf_i.o)
                                 0x22 (size before relaxing)
                0x08009178                        . = ALIGN (0x4)
 *fill*         0x08009177        0x1 

.ARM.extab      0x08009178        0x0
                0x08009178                        . = ALIGN (0x4)
 *(.ARM.extab* .gnu.linkonce.armextab.*)
                0x08009178                        . = ALIGN (0x4)

.ARM            0x08009178        0x8
                0x08009178                        . = ALIGN (0x4)
                0x08009178                        __exidx_start = .
 *(.ARM.exidx*)
 .ARM.exidx     0x08009178        0x8 D:/STM32/arm-gnu-toolchain-15.2.rel1-mingw-w64-i686-arm-none-eabi/bin/../lib/gcc/arm-none-eabi/15.2.1/../../../../arm-none-eabi/lib/thumb/v7e-m+dp/hard\libc_nano.a(libc_a-strlen.o)
 .ARM.exidx     0x08009180        0x0 D:/STM32/arm-gnu-toolchain-15.2.rel1-mingw-w64-i686-arm-none-eabi/bin/../lib/gcc/arm-none-eabi/15.2.1/../../../../arm-none-eabi/lib/thumb/v7e-m+dp/hard\libc_nano.a(libc_a-memchr.o)
                                  0x8 (size before relaxing)
 .ARM.exidx.text.__udivmoddi4
                0x08009180        0x0 D:/STM32/arm-gnu-toolchain-15.2.rel1-mingw-w64-i686-arm-none-eabi/bin/../lib/gcc/arm-none-eabi/15.2.1/thumb/v7e-m+dp/hard\libgcc.a(_udivmoddi4.o)
                                  0x8 (size before relaxing)
                0x08009180                        __exidx_end = .
                0x08009180                        . = ALIGN (0x4)

.rel.dyn        0x08009180        0x0
 .rel.iplt      0x08009180        0x0 D:/STM32/arm-gnu-toolchain-15.2.rel1-mingw-w64-i686-arm-none-eabi/bin/../lib/gcc/arm-none-eabi/15.2.1/thumb/v7e-m+dp/hard/crtbegin.o

.preinit_array  0x08009180        0x0
                0x08009180                        . = ALIGN (0x4)
                0x08009180                        PROVIDE (__preinit_array_start = .)
 *(.preinit_array*)
                0x08009180                        PROVIDE (__preinit_array_end = .)
                0x08009180                        . = ALIGN (0x4)

.init_array     0x08009180        0x4
                0x08009180                        . = ALIGN (0x4)
                0x08009180                        PROVIDE (__init_array_start = .)
 *(SORT_BY_NAME(.init_array.*))
 *(.init_array*)
 .init_array    0x08009180        0x4 D:/STM32/arm-gnu-toolchain-15.2.rel1-mingw-w64-i686-arm-none-eabi/bin/../lib/gcc/arm-none-eabi/15.2.1/thumb/v7e-m+dp/hard/crtbegin.o
                0x08009184                        PROVIDE (__init_array_end = .)
                0x08009184                        . = ALIGN (0x4)

.fini_array     0x08009184        0x4
                0x08009184                        . = ALIGN (0x4)
                [!provide]                        PROVIDE (__fini_array_start = .)
 *(SORT_BY_NAME(.fini_array.*))
 *(.fini_array*)
 .fini_array    0x08009184        0x4 D:/STM32/arm-gnu-toolchain-15.2.rel1-mingw-w64-i686-arm-none-eabi/bin/../lib/gcc/arm-none-eabi/15.2.1/thumb/v7e-m+dp/hard/crtbegin.o
                [!provide]                        PROVIDE (__fini_array_end = .)
                0x08009188                        . = ALIGN (0x4)
                0x08009188                        _sidata = LOADADDR (.data)

.data           0x20000000       0x90 load address 0x08009188
                0x20000000                        . = ALIGN (0x4)
                0x20000000                        _sdata = .
 *(.data)
 *(.data*)
 .data.BMI088_ACCEL_SEN
                0x20000000        0x4 CMakeFiles/DM_MC02_Gyro_2m.elf.dir/bmi088/BMI088driver.c.obj
                0x20000000                BMI088_ACCEL_SEN
 .data.BMI088_GYRO_SEN
                0x20000004        0x4 CMakeFiles/DM_MC02_Gyro_2m.elf.dir/bmi088/BMI088driver.c.obj
                0x20000004                BMI088_GYRO_SEN
 .data.write_BMI088_accel_reg_data_error
                0x20000008       0x12 CMakeFiles/DM_MC02_Gyro_2m.elf.dir/bmi088/BMI088driver.c.obj
 *fill*         0x2000001a        0x2 
 .data.write_BMI088_gyro_reg_data_error
                0x2000001c       0x12 CMakeFiles/DM_MC02_Gyro_2m.elf.dir/bmi088/BMI088driver.c.obj
 *fill*         0x2000002e        0x2 
 .data.SystemCoreClock
                0x20000030        0x4 CMakeFiles/DM_MC02_Gyro_2m.elf.dir/vendor/stm32/system_stm32h7xx.c.obj
                0x20000030                SystemCoreClock
 .data.SystemD2Clock
                0x20000034        0x4 CMakeFiles/DM_MC02_Gyro_2m.elf.dir/vendor/stm32/system_stm32h7xx.c.obj
                0x20000034                SystemD2Clock
 .data.uwTickPrio
                0x20000038        0x4 CMakeFiles/DM_MC02_Gyro_2m.elf.dir/vendor/stm32/Drivers/STM32H7xx_HAL_Driver/Src/stm32h7xx_hal.c.obj
                0x20000038                uwTickPrio
 .data.uwTickFreq
                0x2000003c        0x1 CMakeFiles/DM_MC02_Gyro_2m.elf.dir/vendor/stm32/Drivers/STM32H7xx_HAL_Driver/Src/stm32h7xx_hal.c.obj
                0x2000003c                uwTickFreq
 *fill*         0x2000003d        0x3 
 .data._impure_ptr
                0x20000040        0x4 D:/STM32/arm-gnu-toolchain-15.2.rel1-mingw-w64-i686-arm-none-eabi/bin/../lib/gcc/arm-none-eabi/15.2.1/../../../../arm-none-eabi/lib/thumb/v7e-m+dp/hard\libc_nano.a(libc_a-impure.o)
                0x20000040                _impure_ptr
 .data._impure_data
                0x20000044       0x4c D:/STM32/arm-gnu-toolchain-15.2.rel1-mingw-w64-i686-arm-none-eabi/bin/../lib/gcc/arm-none-eabi/15.2.1/../../../../arm-none-eabi/lib/thumb/v7e-m+dp/hard\libc_nano.a(libc_a-impure.o)
                0x20000044                _impure_data
                0x20000090                        . = ALIGN (0x4)
                0x20000090                        _edata = .

.tm_clone_table
                0x20000090        0x0 load address 0x08009218
 .tm_clone_table
                0x20000090        0x0 D:/STM32/arm-gnu-toolchain-15.2.rel1-mingw-w64-i686-arm-none-eabi/bin/../lib/gcc/arm-none-eabi/15.2.1/thumb/v7e-m+dp/hard/crtbegin.o
 .tm_clone_table
                0x20000090        0x0 D:/STM32/arm-gnu-toolchain-15.2.rel1-mingw-w64-i686-arm-none-eabi/bin/../lib/gcc/arm-none-eabi/15.2.1/thumb/v7e-m+dp/hard/crtend.o

.igot.plt       0x20000090        0x0 load address 0x08009218
 .igot.plt      0x20000090        0x0 D:/STM32/arm-gnu-toolchain-15.2.rel1-mingw-w64-i686-arm-none-eabi/bin/../lib/gcc/arm-none-eabi/15.2.1/thumb/v7e-m+dp/hard/crtbegin.o

.bss            0x200000a0     0x4394 load address 0x08009218
                0x200000a0                        . = ALIGN (0x4)
                0x200000a0                        _sbss = .
                0x200000a0                        __bss_start__ = _sbss
 *(.bss)
 *(.bss*)
 .bss.completed.1
                0x200000a0        0x1 D:/STM32/arm-gnu-toolchain-15.2.rel1-mingw-w64-i686-arm-none-eabi/bin/../lib/gcc/arm-none-eabi/15.2.1/thumb/v7e-m+dp/hard/crtbegin.o
 *fill*         0x200000a1        0x3 
 .bss.object.0  0x200000a4       0x18 D:/STM32/arm-gnu-toolchain-15.2.rel1-mingw-w64-i686-arm-none-eabi/bin/../lib/gcc/arm-none-eabi/15.2.1/thumb/v7e-m+dp/hard/crtbegin.o
 .bss.g_run_state
                0x200000bc        0x1 CMakeFiles/DM_MC02_Gyro_2m.elf.dir/src/main.c.obj
                0x200000bc                g_run_state
 *fill*         0x200000bd        0x3 
 .bss.g_fault_code
                0x200000c0        0x4 CMakeFiles/DM_MC02_Gyro_2m.elf.dir/src/main.c.obj
                0x200000c0                g_fault_code
 .bss.g_bmi088_init_error
                0x200000c4        0x1 CMakeFiles/DM_MC02_Gyro_2m.elf.dir/src/main.c.obj
                0x200000c4                g_bmi088_init_error
 *fill*         0x200000c5        0x3 
 .bss.g_gyro_z_bias_rad_s
                0x200000c8        0x4 CMakeFiles/DM_MC02_Gyro_2m.elf.dir/src/main.c.obj
                0x200000c8                g_gyro_z_bias_rad_s
 .bss.g_gyro_z_rad_s
                0x200000cc        0x4 CMakeFiles/DM_MC02_Gyro_2m.elf.dir/src/main.c.obj
                0x200000cc                g_gyro_z_rad_s
 .bss.g_yaw_rad
                0x200000d0        0x4 CMakeFiles/DM_MC02_Gyro_2m.elf.dir/src/main.c.obj
                0x200000d0                g_yaw_rad
 .bss.g_command_speed_m_s
                0x200000d4        0x4 CMakeFiles/DM_MC02_Gyro_2m.elf.dir/src/main.c.obj
                0x200000d4                g_command_speed_m_s
 .bss.g_heading_correction_rad_s
                0x200000d8        0x4 CMakeFiles/DM_MC02_Gyro_2m.elf.dir/src/main.c.obj
                0x200000d8                g_heading_correction_rad_s
 .bss.g_estimated_distance_m
                0x200000dc        0x4 CMakeFiles/DM_MC02_Gyro_2m.elf.dir/src/main.c.obj
                0x200000dc                g_estimated_distance_m
 .bss.g_imu_temperature_c
                0x200000e0        0x4 CMakeFiles/DM_MC02_Gyro_2m.elf.dir/src/main.c.obj
                0x200000e0                g_imu_temperature_c
 .bss.hfdcan1   0x200000e4       0xa0 CMakeFiles/DM_MC02_Gyro_2m.elf.dir/src/board.c.obj
                0x200000e4                hfdcan1
 .bss.hspi2     0x20000184       0x88 CMakeFiles/DM_MC02_Gyro_2m.elf.dir/src/board.c.obj
                0x20000184                hspi2
 .bss.huart1    0x2000020c       0x94 CMakeFiles/DM_MC02_Gyro_2m.elf.dir/src/board.c.obj
                0x2000020c                huart1
 .bss.g_fdcan_tx_error_count
                0x200002a0        0x4 CMakeFiles/DM_MC02_Gyro_2m.elf.dir/src/board.c.obj
                0x200002a0                g_fdcan_tx_error_count
 .bss.g_fdcan_bus_off_count
                0x200002a4        0x4 CMakeFiles/DM_MC02_Gyro_2m.elf.dir/src/board.c.obj
                0x200002a4                g_fdcan_bus_off_count
 .bss.g_fdcan_abort_error_count
                0x200002a8        0x4 CMakeFiles/DM_MC02_Gyro_2m.elf.dir/src/board.c.obj
                0x200002a8                g_fdcan_abort_error_count
 .bss.fdcan_abort_unresolved
                0x200002ac        0x1 CMakeFiles/DM_MC02_Gyro_2m.elf.dir/src/board.c.obj
 *fill*         0x200002ad       0x13 
 .bss.records   0x200002c0     0x4000 CMakeFiles/DM_MC02_Gyro_2m.elf.dir/src/run_log.c.obj
 .bss.record_count
                0x200042c0        0x4 CMakeFiles/DM_MC02_Gyro_2m.elf.dir/src/run_log.c.obj
 .bss.saved     0x200042c4        0x1 CMakeFiles/DM_MC02_Gyro_2m.elf.dir/src/run_log.c.obj
 *fill*         0x200042c5        0x3 
 .bss.uwTick    0x200042c8        0x4 CMakeFiles/DM_MC02_Gyro_2m.elf.dir/vendor/stm32/Drivers/STM32H7xx_HAL_Driver/Src/stm32h7xx_hal.c.obj
                0x200042c8                uwTick
 .bss.pFlash    0x200042cc       0x1c CMakeFiles/DM_MC02_Gyro_2m.elf.dir/vendor/stm32/Drivers/STM32H7xx_HAL_Driver/Src/stm32h7xx_hal_flash.c.obj
                0x200042cc                pFlash
 .bss.__sf      0x200042e8      0x138 D:/STM32/arm-gnu-toolchain-15.2.rel1-mingw-w64-i686-arm-none-eabi/bin/../lib/gcc/arm-none-eabi/15.2.1/../../../../arm-none-eabi/lib/thumb/v7e-m+dp/hard\libc_nano.a(libc_a-findfp.o)
                0x200042e8                __sf
 .bss.errno     0x20004420        0x4 D:/STM32/arm-gnu-toolchain-15.2.rel1-mingw-w64-i686-arm-none-eabi/bin/../lib/gcc/arm-none-eabi/15.2.1/../../../../arm-none-eabi/lib/thumb/v7e-m+dp/hard\libc_nano.a(libc_a-reent.o)
                0x20004420                errno
 .bss.__lock___malloc_recursive_mutex
                0x20004424        0x1 D:/STM32/arm-gnu-toolchain-15.2.rel1-mingw-w64-i686-arm-none-eabi/bin/../lib/gcc/arm-none-eabi/15.2.1/../../../../arm-none-eabi/lib/thumb/v7e-m+dp/hard\libc_nano.a(libc_a-lock.o)
                0x20004424                __lock___malloc_recursive_mutex
 *fill*         0x20004425        0x3 
 .bss.__malloc_sbrk_start
                0x20004428        0x4 D:/STM32/arm-gnu-toolchain-15.2.rel1-mingw-w64-i686-arm-none-eabi/bin/../lib/gcc/arm-none-eabi/15.2.1/../../../../arm-none-eabi/lib/thumb/v7e-m+dp/hard\libc_nano.a(libc_a-mallocr.o)
                0x20004428                __malloc_sbrk_start
 .bss.__malloc_free_list
                0x2000442c        0x4 D:/STM32/arm-gnu-toolchain-15.2.rel1-mingw-w64-i686-arm-none-eabi/bin/../lib/gcc/arm-none-eabi/15.2.1/../../../../arm-none-eabi/lib/thumb/v7e-m+dp/hard\libc_nano.a(libc_a-mallocr.o)
                0x2000442c                __malloc_free_list
 .bss.heap_end.0
                0x20004430        0x4 D:/STM32/arm-gnu-toolchain-15.2.rel1-mingw-w64-i686-arm-none-eabi/bin/../lib/gcc/arm-none-eabi/15.2.1/../../../../arm-none-eabi/lib/thumb/v7e-m+dp/hard\libnosys.a(sbrk.o)
 *(COMMON)
                0x20004434                        . = ALIGN (0x4)
                0x20004434                        _ebss = .
                0x20004434                        __bss_end__ = _ebss

._user_heap_stack
                0x20004434     0x3004 load address 0x08009218
                0x20004438                        . = ALIGN (0x8)
 *fill*         0x20004434        0x4 
                0x20004438                        PROVIDE (end = .)
                [!provide]                        PROVIDE (_end = .)
                0x20005438                        . = (. + _Min_Heap_Size)
 *fill*         0x20004438     0x1000 
                0x20007438                        . = (. + _Min_Stack_Size)
 *fill*         0x20005438     0x2000 
                0x20007438                        . = ALIGN (0x8)

/DISCARD/
 libc.a(*)
 libm.a(*)
 libgcc.a(*)

.ARM.attributes
                0x00000000       0x2e
 *(.ARM.attributes)
 .ARM.attributes
                0x00000000       0x20 D:/STM32/arm-gnu-toolchain-15.2.rel1-mingw-w64-i686-arm-none-eabi/bin/../lib/gcc/arm-none-eabi/15.2.1/thumb/v7e-m+dp/hard/crti.o
 .ARM.attributes
                0x00000020       0x32 D:/STM32/arm-gnu-toolchain-15.2.rel1-mingw-w64-i686-arm-none-eabi/bin/../lib/gcc/arm-none-eabi/15.2.1/thumb/v7e-m+dp/hard/crtbegin.o
 .ARM.attributes
                0x00000052       0x21 CMakeFiles/DM_MC02_Gyro_2m.elf.dir/startup_stm32h723xx.s.obj
 .ARM.attributes
                0x00000073       0x32 CMakeFiles/DM_MC02_Gyro_2m.elf.dir/src/exit_run0_mode.c.obj
 .ARM.attributes
                0x000000a5       0x32 CMakeFiles/DM_MC02_Gyro_2m.elf.dir/src/main.c.obj
 .ARM.attributes
                0x000000d7       0x32 CMakeFiles/DM_MC02_Gyro_2m.elf.dir/src/board.c.obj
 .ARM.attributes
                0x00000109       0x32 CMakeFiles/DM_MC02_Gyro_2m.elf.dir/src/mecanum.c.obj
 .ARM.attributes
                0x0000013b       0x32 CMakeFiles/DM_MC02_Gyro_2m.elf.dir/src/motor_output.c.obj
 .ARM.attributes
                0x0000016d       0x32 CMakeFiles/DM_MC02_Gyro_2m.elf.dir/src/run_log.c.obj
 .ARM.attributes
                0x0000019f       0x32 CMakeFiles/DM_MC02_Gyro_2m.elf.dir/bmi088/BMI088driver.c.obj
 .ARM.attributes
                0x000001d1       0x32 CMakeFiles/DM_MC02_Gyro_2m.elf.dir/bmi088/BMI088Middleware.c.obj
 .ARM.attributes
                0x00000203       0x32 CMakeFiles/DM_MC02_Gyro_2m.elf.dir/vendor/dm_motor/dm_motor_protocol.c.obj
 .ARM.attributes
                0x00000235       0x32 CMakeFiles/DM_MC02_Gyro_2m.elf.dir/vendor/stm32/system_stm32h7xx.c.obj
 .ARM.attributes
                0x00000267       0x32 CMakeFiles/DM_MC02_Gyro_2m.elf.dir/vendor/stm32/Drivers/STM32H7xx_HAL_Driver/Src/stm32h7xx_hal.c.obj
 .ARM.attributes
                0x00000299       0x32 CMakeFiles/DM_MC02_Gyro_2m.elf.dir/vendor/stm32/Drivers/STM32H7xx_HAL_Driver/Src/stm32h7xx_hal_cortex.c.obj
 .ARM.attributes
                0x000002cb       0x32 CMakeFiles/DM_MC02_Gyro_2m.elf.dir/vendor/stm32/Drivers/STM32H7xx_HAL_Driver/Src/stm32h7xx_hal_fdcan.c.obj
 .ARM.attributes
                0x000002fd       0x32 CMakeFiles/DM_MC02_Gyro_2m.elf.dir/vendor/stm32/Drivers/STM32H7xx_HAL_Driver/Src/stm32h7xx_hal_flash.c.obj
 .ARM.attributes
                0x0000032f       0x32 CMakeFiles/DM_MC02_Gyro_2m.elf.dir/vendor/stm32/Drivers/STM32H7xx_HAL_Driver/Src/stm32h7xx_hal_flash_ex.c.obj
 .ARM.attributes
                0x00000361       0x32 CMakeFiles/DM_MC02_Gyro_2m.elf.dir/vendor/stm32/Drivers/STM32H7xx_HAL_Driver/Src/stm32h7xx_hal_gpio.c.obj
 .ARM.attributes
                0x00000393       0x32 CMakeFiles/DM_MC02_Gyro_2m.elf.dir/vendor/stm32/Drivers/STM32H7xx_HAL_Driver/Src/stm32h7xx_hal_pwr_ex.c.obj
 .ARM.attributes
                0x000003c5       0x32 CMakeFiles/DM_MC02_Gyro_2m.elf.dir/vendor/stm32/Drivers/STM32H7xx_HAL_Driver/Src/stm32h7xx_hal_rcc.c.obj
 .ARM.attributes
                0x000003f7       0x32 CMakeFiles/DM_MC02_Gyro_2m.elf.dir/vendor/stm32/Drivers/STM32H7xx_HAL_Driver/Src/stm32h7xx_hal_rcc_ex.c.obj
 .ARM.attributes
                0x00000429       0x32 CMakeFiles/DM_MC02_Gyro_2m.elf.dir/vendor/stm32/Drivers/STM32H7xx_HAL_Driver/Src/stm32h7xx_hal_spi.c.obj
 .ARM.attributes
                0x0000045b       0x32 CMakeFiles/DM_MC02_Gyro_2m.elf.dir/vendor/stm32/Drivers/STM32H7xx_HAL_Driver/Src/stm32h7xx_hal_uart.c.obj
 .ARM.attributes
                0x0000048d       0x32 CMakeFiles/DM_MC02_Gyro_2m.elf.dir/vendor/stm32/Drivers/STM32H7xx_HAL_Driver/Src/stm32h7xx_hal_uart_ex.c.obj
 .ARM.attributes
                0x000004bf       0x32 D:/STM32/arm-gnu-toolchain-15.2.rel1-mingw-w64-i686-arm-none-eabi/bin/../lib/gcc/arm-none-eabi/15.2.1/../../../../arm-none-eabi/lib/thumb/v7e-m+dp/hard\libm.a(libm_a-wf_sqrt.o)
 .ARM.attributes
                0x000004f1       0x32 D:/STM32/arm-gnu-toolchain-15.2.rel1-mingw-w64-i686-arm-none-eabi/bin/../lib/gcc/arm-none-eabi/15.2.1/../../../../arm-none-eabi/lib/thumb/v7e-m+dp/hard\libm.a(libm_a-ef_sqrt.o)
 .ARM.attributes
                0x00000523       0x32 D:/STM32/arm-gnu-toolchain-15.2.rel1-mingw-w64-i686-arm-none-eabi/bin/../lib/gcc/arm-none-eabi/15.2.1/../../../../arm-none-eabi/lib/thumb/v7e-m+dp/hard\libc_nano.a(libc_a-findfp.o)
 .ARM.attributes
                0x00000555       0x32 D:/STM32/arm-gnu-toolchain-15.2.rel1-mingw-w64-i686-arm-none-eabi/bin/../lib/gcc/arm-none-eabi/15.2.1/../../../../arm-none-eabi/lib/thumb/v7e-m+dp/hard\libc_nano.a(libc_a-snprintf.o)
 .ARM.attributes
                0x00000587       0x32 D:/STM32/arm-gnu-toolchain-15.2.rel1-mingw-w64-i686-arm-none-eabi/bin/../lib/gcc/arm-none-eabi/15.2.1/../../../../arm-none-eabi/lib/thumb/v7e-m+dp/hard\libc_nano.a(libc_a-memset.o)
 .ARM.attributes
                0x000005b9       0x32 D:/STM32/arm-gnu-toolchain-15.2.rel1-mingw-w64-i686-arm-none-eabi/bin/../lib/gcc/arm-none-eabi/15.2.1/../../../../arm-none-eabi/lib/thumb/v7e-m+dp/hard\libc_nano.a(libc_a-reent.o)
 .ARM.attributes
                0x000005eb       0x32 D:/STM32/arm-gnu-toolchain-15.2.rel1-mingw-w64-i686-arm-none-eabi/bin/../lib/gcc/arm-none-eabi/15.2.1/../../../../arm-none-eabi/lib/thumb/v7e-m+dp/hard\libc_nano.a(libc_a-impure.o)
 .ARM.attributes
                0x0000061d       0x32 D:/STM32/arm-gnu-toolchain-15.2.rel1-mingw-w64-i686-arm-none-eabi/bin/../lib/gcc/arm-none-eabi/15.2.1/../../../../arm-none-eabi/lib/thumb/v7e-m+dp/hard\libc_nano.a(libc_a-errno.o)
 .ARM.attributes
                0x0000064f       0x32 D:/STM32/arm-gnu-toolchain-15.2.rel1-mingw-w64-i686-arm-none-eabi/bin/../lib/gcc/arm-none-eabi/15.2.1/../../../../arm-none-eabi/lib/thumb/v7e-m+dp/hard\libc_nano.a(libc_a-init.o)
 .ARM.attributes
                0x00000681       0x32 D:/STM32/arm-gnu-toolchain-15.2.rel1-mingw-w64-i686-arm-none-eabi/bin/../lib/gcc/arm-none-eabi/15.2.1/../../../../arm-none-eabi/lib/thumb/v7e-m+dp/hard\libc_nano.a(libc_a-lock.o)
 .ARM.attributes
                0x000006b3       0x32 D:/STM32/arm-gnu-toolchain-15.2.rel1-mingw-w64-i686-arm-none-eabi/bin/../lib/gcc/arm-none-eabi/15.2.1/../../../../arm-none-eabi/lib/thumb/v7e-m+dp/hard\libc_nano.a(libc_a-memcpy-stub.o)
 .ARM.attributes
                0x000006e5       0x17 D:/STM32/arm-gnu-toolchain-15.2.rel1-mingw-w64-i686-arm-none-eabi/bin/../lib/gcc/arm-none-eabi/15.2.1/../../../../arm-none-eabi/lib/thumb/v7e-m+dp/hard\libc_nano.a(libc_a-strlen.o)
 .ARM.attributes
                0x000006fc       0x32 D:/STM32/arm-gnu-toolchain-15.2.rel1-mingw-w64-i686-arm-none-eabi/bin/../lib/gcc/arm-none-eabi/15.2.1/../../../../arm-none-eabi/lib/thumb/v7e-m+dp/hard\libc_nano.a(libc_a-freer.o)
 .ARM.attributes
                0x0000072e       0x32 D:/STM32/arm-gnu-toolchain-15.2.rel1-mingw-w64-i686-arm-none-eabi/bin/../lib/gcc/arm-none-eabi/15.2.1/../../../../arm-none-eabi/lib/thumb/v7e-m+dp/hard\libc_nano.a(libc_a-mallocr.o)
 .ARM.attributes
                0x00000760       0x32 D:/STM32/arm-gnu-toolchain-15.2.rel1-mingw-w64-i686-arm-none-eabi/bin/../lib/gcc/arm-none-eabi/15.2.1/../../../../arm-none-eabi/lib/thumb/v7e-m+dp/hard\libc_nano.a(libc_a-mlock.o)
 .ARM.attributes
                0x00000792       0x32 D:/STM32/arm-gnu-toolchain-15.2.rel1-mingw-w64-i686-arm-none-eabi/bin/../lib/gcc/arm-none-eabi/15.2.1/../../../../arm-none-eabi/lib/thumb/v7e-m+dp/hard\libc_nano.a(libc_a-nano-svfprintf.o)
 .ARM.attributes
                0x000007c4       0x32 D:/STM32/arm-gnu-toolchain-15.2.rel1-mingw-w64-i686-arm-none-eabi/bin/../lib/gcc/arm-none-eabi/15.2.1/../../../../arm-none-eabi/lib/thumb/v7e-m+dp/hard\libc_nano.a(libc_a-nano-vfprintf_i.o)
 .ARM.attributes
                0x000007f6       0x32 D:/STM32/arm-gnu-toolchain-15.2.rel1-mingw-w64-i686-arm-none-eabi/bin/../lib/gcc/arm-none-eabi/15.2.1/../../../../arm-none-eabi/lib/thumb/v7e-m+dp/hard\libc_nano.a(libc_a-memmove.o)
 .ARM.attributes
                0x00000828       0x32 D:/STM32/arm-gnu-toolchain-15.2.rel1-mingw-w64-i686-arm-none-eabi/bin/../lib/gcc/arm-none-eabi/15.2.1/../../../../arm-none-eabi/lib/thumb/v7e-m+dp/hard\libc_nano.a(libc_a-sbrkr.o)
 .ARM.attributes
                0x0000085a       0x1c D:/STM32/arm-gnu-toolchain-15.2.rel1-mingw-w64-i686-arm-none-eabi/bin/../lib/gcc/arm-none-eabi/15.2.1/../../../../arm-none-eabi/lib/thumb/v7e-m+dp/hard\libc_nano.a(libc_a-memchr.o)
 .ARM.attributes
                0x00000876       0x32 D:/STM32/arm-gnu-toolchain-15.2.rel1-mingw-w64-i686-arm-none-eabi/bin/../lib/gcc/arm-none-eabi/15.2.1/../../../../arm-none-eabi/lib/thumb/v7e-m+dp/hard\libc_nano.a(libc_a-reallocr.o)
 .ARM.attributes
                0x000008a8       0x32 D:/STM32/arm-gnu-toolchain-15.2.rel1-mingw-w64-i686-arm-none-eabi/bin/../lib/gcc/arm-none-eabi/15.2.1/../../../../arm-none-eabi/lib/thumb/v7e-m+dp/hard\libc_nano.a(libc_a-msizer.o)
 .ARM.attributes
                0x000008da       0x32 D:/STM32/arm-gnu-toolchain-15.2.rel1-mingw-w64-i686-arm-none-eabi/bin/../lib/gcc/arm-none-eabi/15.2.1/../../../../arm-none-eabi/lib/thumb/v7e-m+dp/hard\libnosys.a(sbrk.o)
 .ARM.attributes
                0x0000090c       0x20 D:/STM32/arm-gnu-toolchain-15.2.rel1-mingw-w64-i686-arm-none-eabi/bin/../lib/gcc/arm-none-eabi/15.2.1/thumb/v7e-m+dp/hard\libgcc.a(_aeabi_uldivmod.o)
 .ARM.attributes
                0x0000092c       0x32 D:/STM32/arm-gnu-toolchain-15.2.rel1-mingw-w64-i686-arm-none-eabi/bin/../lib/gcc/arm-none-eabi/15.2.1/thumb/v7e-m+dp/hard\libgcc.a(_udivmoddi4.o)
 .ARM.attributes
                0x0000095e       0x20 D:/STM32/arm-gnu-toolchain-15.2.rel1-mingw-w64-i686-arm-none-eabi/bin/../lib/gcc/arm-none-eabi/15.2.1/thumb/v7e-m+dp/hard\libgcc.a(_dvmd_tls.o)
 .ARM.attributes
                0x0000097e       0x32 D:/STM32/arm-gnu-toolchain-15.2.rel1-mingw-w64-i686-arm-none-eabi/bin/../lib/gcc/arm-none-eabi/15.2.1/thumb/v7e-m+dp/hard/crtend.o
 .ARM.attributes
                0x000009b0       0x20 D:/STM32/arm-gnu-toolchain-15.2.rel1-mingw-w64-i686-arm-none-eabi/bin/../lib/gcc/arm-none-eabi/15.2.1/thumb/v7e-m+dp/hard/crtn.o
OUTPUT(DM_MC02_Gyro_2m.elf elf32-littlearm)
LOAD linker stubs
LOAD D:/STM32/arm-gnu-toolchain-15.2.rel1-mingw-w64-i686-arm-none-eabi/bin/../lib/gcc/arm-none-eabi/15.2.1/../../../../arm-none-eabi/lib/thumb/v7e-m+dp/hard\libc.a
LOAD D:/STM32/arm-gnu-toolchain-15.2.rel1-mingw-w64-i686-arm-none-eabi/bin/../lib/gcc/arm-none-eabi/15.2.1/../../../../arm-none-eabi/lib/thumb/v7e-m+dp/hard\libm.a
LOAD D:/STM32/arm-gnu-toolchain-15.2.rel1-mingw-w64-i686-arm-none-eabi/bin/../lib/gcc/arm-none-eabi/15.2.1/thumb/v7e-m+dp/hard\libgcc.a

.debug_line     0x00000000    0x15a62
 .debug_line    0x00000000       0x7a CMakeFiles/DM_MC02_Gyro_2m.elf.dir/startup_stm32h723xx.s.obj
 .debug_line    0x0000007a      0x6fd CMakeFiles/DM_MC02_Gyro_2m.elf.dir/src/exit_run0_mode.c.obj
 .debug_line    0x00000777      0xae0 CMakeFiles/DM_MC02_Gyro_2m.elf.dir/src/main.c.obj
 .debug_line    0x00001257      0xd56 CMakeFiles/DM_MC02_Gyro_2m.elf.dir/src/board.c.obj
 .debug_line    0x00001fad      0x1ee CMakeFiles/DM_MC02_Gyro_2m.elf.dir/src/mecanum.c.obj
 .debug_line    0x0000219b      0x8b6 CMakeFiles/DM_MC02_Gyro_2m.elf.dir/src/motor_output.c.obj
 .debug_line    0x00002a51      0xa53 CMakeFiles/DM_MC02_Gyro_2m.elf.dir/src/run_log.c.obj
 .debug_line    0x000034a4      0xa2a CMakeFiles/DM_MC02_Gyro_2m.elf.dir/bmi088/BMI088driver.c.obj
 .debug_line    0x00003ece      0x807 CMakeFiles/DM_MC02_Gyro_2m.elf.dir/bmi088/BMI088Middleware.c.obj
 .debug_line    0x000046d5      0x6c1 CMakeFiles/DM_MC02_Gyro_2m.elf.dir/vendor/dm_motor/dm_motor_protocol.c.obj
 .debug_line    0x00004d96      0x8aa CMakeFiles/DM_MC02_Gyro_2m.elf.dir/vendor/stm32/system_stm32h7xx.c.obj
 .debug_line    0x00005640      0xd6e CMakeFiles/DM_MC02_Gyro_2m.elf.dir/vendor/stm32/Drivers/STM32H7xx_HAL_Driver/Src/stm32h7xx_hal.c.obj
 .debug_line    0x000063ae      0xcac CMakeFiles/DM_MC02_Gyro_2m.elf.dir/vendor/stm32/Drivers/STM32H7xx_HAL_Driver/Src/stm32h7xx_hal_cortex.c.obj
 .debug_line    0x0000705a     0x2767 CMakeFiles/DM_MC02_Gyro_2m.elf.dir/vendor/stm32/Drivers/STM32H7xx_HAL_Driver/Src/stm32h7xx_hal_fdcan.c.obj
 .debug_line    0x000097c1      0xb37 CMakeFiles/DM_MC02_Gyro_2m.elf.dir/vendor/stm32/Drivers/STM32H7xx_HAL_Driver/Src/stm32h7xx_hal_flash.c.obj
 .debug_line    0x0000a2f8      0xe91 CMakeFiles/DM_MC02_Gyro_2m.elf.dir/vendor/stm32/Drivers/STM32H7xx_HAL_Driver/Src/stm32h7xx_hal_flash_ex.c.obj
 .debug_line    0x0000b189      0xb4c CMakeFiles/DM_MC02_Gyro_2m.elf.dir/vendor/stm32/Drivers/STM32H7xx_HAL_Driver/Src/stm32h7xx_hal_gpio.c.obj
 .debug_line    0x0000bcd5      0xd9d CMakeFiles/DM_MC02_Gyro_2m.elf.dir/vendor/stm32/Drivers/STM32H7xx_HAL_Driver/Src/stm32h7xx_hal_pwr_ex.c.obj
 .debug_line    0x0000ca72     0x12e6 CMakeFiles/DM_MC02_Gyro_2m.elf.dir/vendor/stm32/Drivers/STM32H7xx_HAL_Driver/Src/stm32h7xx_hal_rcc.c.obj
 .debug_line    0x0000dd58     0x1b27 CMakeFiles/DM_MC02_Gyro_2m.elf.dir/vendor/stm32/Drivers/STM32H7xx_HAL_Driver/Src/stm32h7xx_hal_rcc_ex.c.obj
 .debug_line    0x0000f87f     0x1e02 CMakeFiles/DM_MC02_Gyro_2m.elf.dir/vendor/stm32/Drivers/STM32H7xx_HAL_Driver/Src/stm32h7xx_hal_spi.c.obj
 .debug_line    0x00011681     0x3771 CMakeFiles/DM_MC02_Gyro_2m.elf.dir/vendor/stm32/Drivers/STM32H7xx_HAL_Driver/Src/stm32h7xx_hal_uart.c.obj
 .debug_line    0x00014df2      0xc70 CMakeFiles/DM_MC02_Gyro_2m.elf.dir/vendor/stm32/Drivers/STM32H7xx_HAL_Driver/Src/stm32h7xx_hal_uart_ex.c.obj

.debug_line_str
                0x00000000      0x21c
 .debug_line_str
                0x00000000      0x21c CMakeFiles/DM_MC02_Gyro_2m.elf.dir/startup_stm32h723xx.s.obj
                                 0x53 (size before relaxing)
 .debug_line_str
                0x0000021c        0x0 D:/STM32/arm-gnu-toolchain-15.2.rel1-mingw-w64-i686-arm-none-eabi/bin/../lib/gcc/arm-none-eabi/15.2.1/../../../../arm-none-eabi/lib/thumb/v7e-m+dp/hard\libc_nano.a(libc_a-strlen.o)
                                 0xeb (size before relaxing)
 .debug_line_str
                0x0000021c        0x0 D:/STM32/arm-gnu-toolchain-15.2.rel1-mingw-w64-i686-arm-none-eabi/bin/../lib/gcc/arm-none-eabi/15.2.1/../../../../arm-none-eabi/lib/thumb/v7e-m+dp/hard\libc_nano.a(libc_a-memchr.o)
                                 0xe1 (size before relaxing)
 .debug_line_str
                0x0000021c        0x0 D:/STM32/arm-gnu-toolchain-15.2.rel1-mingw-w64-i686-arm-none-eabi/bin/../lib/gcc/arm-none-eabi/15.2.1/thumb/v7e-m+dp/hard\libgcc.a(_aeabi_uldivmod.o)
                                 0xc9 (size before relaxing)
 .debug_line_str
                0x0000021c        0x0 D:/STM32/arm-gnu-toolchain-15.2.rel1-mingw-w64-i686-arm-none-eabi/bin/../lib/gcc/arm-none-eabi/15.2.1/thumb/v7e-m+dp/hard\libgcc.a(_dvmd_tls.o)
                                 0xcd (size before relaxing)

.debug_info     0x00000000    0x171bc
 .debug_info    0x00000000       0x30 CMakeFiles/DM_MC02_Gyro_2m.elf.dir/startup_stm32h723xx.s.obj
 .debug_info    0x00000030      0x15d CMakeFiles/DM_MC02_Gyro_2m.elf.dir/src/exit_run0_mode.c.obj
 .debug_info    0x0000018d      0x79a CMakeFiles/DM_MC02_Gyro_2m.elf.dir/src/main.c.obj
 .debug_info    0x00000927     0x29fa CMakeFiles/DM_MC02_Gyro_2m.elf.dir/src/board.c.obj
 .debug_info    0x00003321      0x1c6 CMakeFiles/DM_MC02_Gyro_2m.elf.dir/src/mecanum.c.obj
 .debug_info    0x000034e7      0x37c CMakeFiles/DM_MC02_Gyro_2m.elf.dir/src/motor_output.c.obj
 .debug_info    0x00003863      0xabf CMakeFiles/DM_MC02_Gyro_2m.elf.dir/src/run_log.c.obj
 .debug_info    0x00004322      0x3b8 CMakeFiles/DM_MC02_Gyro_2m.elf.dir/bmi088/BMI088driver.c.obj
 .debug_info    0x000046da      0xa6b CMakeFiles/DM_MC02_Gyro_2m.elf.dir/bmi088/BMI088Middleware.c.obj
 .debug_info    0x00005145      0x664 CMakeFiles/DM_MC02_Gyro_2m.elf.dir/vendor/dm_motor/dm_motor_protocol.c.obj
 .debug_info    0x000057a9      0xb33 CMakeFiles/DM_MC02_Gyro_2m.elf.dir/vendor/stm32/system_stm32h7xx.c.obj
 .debug_info    0x000062dc     0x169d CMakeFiles/DM_MC02_Gyro_2m.elf.dir/vendor/stm32/Drivers/STM32H7xx_HAL_Driver/Src/stm32h7xx_hal.c.obj
 .debug_info    0x00007979     0x1059 CMakeFiles/DM_MC02_Gyro_2m.elf.dir/vendor/stm32/Drivers/STM32H7xx_HAL_Driver/Src/stm32h7xx_hal_cortex.c.obj
 .debug_info    0x000089d2     0x2b8c CMakeFiles/DM_MC02_Gyro_2m.elf.dir/vendor/stm32/Drivers/STM32H7xx_HAL_Driver/Src/stm32h7xx_hal_fdcan.c.obj
 .debug_info    0x0000b55e      0x75f CMakeFiles/DM_MC02_Gyro_2m.elf.dir/vendor/stm32/Drivers/STM32H7xx_HAL_Driver/Src/stm32h7xx_hal_flash.c.obj
 .debug_info    0x0000bcbd      0xc09 CMakeFiles/DM_MC02_Gyro_2m.elf.dir/vendor/stm32/Drivers/STM32H7xx_HAL_Driver/Src/stm32h7xx_hal_flash_ex.c.obj
 .debug_info    0x0000c8c6      0xc61 CMakeFiles/DM_MC02_Gyro_2m.elf.dir/vendor/stm32/Drivers/STM32H7xx_HAL_Driver/Src/stm32h7xx_hal_gpio.c.obj
 .debug_info    0x0000d527      0xdc9 CMakeFiles/DM_MC02_Gyro_2m.elf.dir/vendor/stm32/Drivers/STM32H7xx_HAL_Driver/Src/stm32h7xx_hal_pwr_ex.c.obj
 .debug_info    0x0000e2f0      0xd78 CMakeFiles/DM_MC02_Gyro_2m.elf.dir/vendor/stm32/Drivers/STM32H7xx_HAL_Driver/Src/stm32h7xx_hal_rcc.c.obj
 .debug_info    0x0000f068     0x1201 CMakeFiles/DM_MC02_Gyro_2m.elf.dir/vendor/stm32/Drivers/STM32H7xx_HAL_Driver/Src/stm32h7xx_hal_rcc_ex.c.obj
 .debug_info    0x00010269     0x1481 CMakeFiles/DM_MC02_Gyro_2m.elf.dir/vendor/stm32/Drivers/STM32H7xx_HAL_Driver/Src/stm32h7xx_hal_spi.c.obj
 .debug_info    0x000116ea     0x4b18 CMakeFiles/DM_MC02_Gyro_2m.elf.dir/vendor/stm32/Drivers/STM32H7xx_HAL_Driver/Src/stm32h7xx_hal_uart.c.obj
 .debug_info    0x00016202      0xfba CMakeFiles/DM_MC02_Gyro_2m.elf.dir/vendor/stm32/Drivers/STM32H7xx_HAL_Driver/Src/stm32h7xx_hal_uart_ex.c.obj

.debug_abbrev   0x00000000     0x32f0
 .debug_abbrev  0x00000000       0x24 CMakeFiles/DM_MC02_Gyro_2m.elf.dir/startup_stm32h723xx.s.obj
 .debug_abbrev  0x00000024       0xa5 CMakeFiles/DM_MC02_Gyro_2m.elf.dir/src/exit_run0_mode.c.obj
 .debug_abbrev  0x000000c9      0x27e CMakeFiles/DM_MC02_Gyro_2m.elf.dir/src/main.c.obj
 .debug_abbrev  0x00000347      0x403 CMakeFiles/DM_MC02_Gyro_2m.elf.dir/src/board.c.obj
 .debug_abbrev  0x0000074a      0x116 CMakeFiles/DM_MC02_Gyro_2m.elf.dir/src/mecanum.c.obj
 .debug_abbrev  0x00000860      0x180 CMakeFiles/DM_MC02_Gyro_2m.elf.dir/src/motor_output.c.obj
 .debug_abbrev  0x000009e0      0x2ae CMakeFiles/DM_MC02_Gyro_2m.elf.dir/src/run_log.c.obj
 .debug_abbrev  0x00000c8e      0x1b3 CMakeFiles/DM_MC02_Gyro_2m.elf.dir/bmi088/BMI088driver.c.obj
 .debug_abbrev  0x00000e41      0x224 CMakeFiles/DM_MC02_Gyro_2m.elf.dir/bmi088/BMI088Middleware.c.obj
 .debug_abbrev  0x00001065      0x1a8 CMakeFiles/DM_MC02_Gyro_2m.elf.dir/vendor/dm_motor/dm_motor_protocol.c.obj
 .debug_abbrev  0x0000120d      0x140 CMakeFiles/DM_MC02_Gyro_2m.elf.dir/vendor/stm32/system_stm32h7xx.c.obj
 .debug_abbrev  0x0000134d      0x2a4 CMakeFiles/DM_MC02_Gyro_2m.elf.dir/vendor/stm32/Drivers/STM32H7xx_HAL_Driver/Src/stm32h7xx_hal.c.obj
 .debug_abbrev  0x000015f1      0x33f CMakeFiles/DM_MC02_Gyro_2m.elf.dir/vendor/stm32/Drivers/STM32H7xx_HAL_Driver/Src/stm32h7xx_hal_cortex.c.obj
 .debug_abbrev  0x00001930      0x28e CMakeFiles/DM_MC02_Gyro_2m.elf.dir/vendor/stm32/Drivers/STM32H7xx_HAL_Driver/Src/stm32h7xx_hal_fdcan.c.obj
 .debug_abbrev  0x00001bbe      0x258 CMakeFiles/DM_MC02_Gyro_2m.elf.dir/vendor/stm32/Drivers/STM32H7xx_HAL_Driver/Src/stm32h7xx_hal_flash.c.obj
 .debug_abbrev  0x00001e16      0x243 CMakeFiles/DM_MC02_Gyro_2m.elf.dir/vendor/stm32/Drivers/STM32H7xx_HAL_Driver/Src/stm32h7xx_hal_flash_ex.c.obj
 .debug_abbrev  0x00002059      0x204 CMakeFiles/DM_MC02_Gyro_2m.elf.dir/vendor/stm32/Drivers/STM32H7xx_HAL_Driver/Src/stm32h7xx_hal_gpio.c.obj
 .debug_abbrev  0x0000225d      0x29b CMakeFiles/DM_MC02_Gyro_2m.elf.dir/vendor/stm32/Drivers/STM32H7xx_HAL_Driver/Src/stm32h7xx_hal_pwr_ex.c.obj
 .debug_abbrev  0x000024f8      0x2b7 CMakeFiles/DM_MC02_Gyro_2m.elf.dir/vendor/stm32/Drivers/STM32H7xx_HAL_Driver/Src/stm32h7xx_hal_rcc.c.obj
 .debug_abbrev  0x000027af      0x26f CMakeFiles/DM_MC02_Gyro_2m.elf.dir/vendor/stm32/Drivers/STM32H7xx_HAL_Driver/Src/stm32h7xx_hal_rcc_ex.c.obj
 .debug_abbrev  0x00002a1e      0x2b7 CMakeFiles/DM_MC02_Gyro_2m.elf.dir/vendor/stm32/Drivers/STM32H7xx_HAL_Driver/Src/stm32h7xx_hal_spi.c.obj
 .debug_abbrev  0x00002cd5      0x343 CMakeFiles/DM_MC02_Gyro_2m.elf.dir/vendor/stm32/Drivers/STM32H7xx_HAL_Driver/Src/stm32h7xx_hal_uart.c.obj
 .debug_abbrev  0x00003018      0x2d8 CMakeFiles/DM_MC02_Gyro_2m.elf.dir/vendor/stm32/Drivers/STM32H7xx_HAL_Driver/Src/stm32h7xx_hal_uart_ex.c.obj

.debug_aranges  0x00000000     0x12d0
 .debug_aranges
                0x00000000       0x28 CMakeFiles/DM_MC02_Gyro_2m.elf.dir/startup_stm32h723xx.s.obj
 .debug_aranges
                0x00000028       0x20 CMakeFiles/DM_MC02_Gyro_2m.elf.dir/src/exit_run0_mode.c.obj
 .debug_aranges
                0x00000048       0x58 CMakeFiles/DM_MC02_Gyro_2m.elf.dir/src/main.c.obj
 .debug_aranges
                0x000000a0       0x98 CMakeFiles/DM_MC02_Gyro_2m.elf.dir/src/board.c.obj
 .debug_aranges
                0x00000138       0x28 CMakeFiles/DM_MC02_Gyro_2m.elf.dir/src/mecanum.c.obj
 .debug_aranges
                0x00000160       0x50 CMakeFiles/DM_MC02_Gyro_2m.elf.dir/src/motor_output.c.obj
 .debug_aranges
                0x000001b0       0x58 CMakeFiles/DM_MC02_Gyro_2m.elf.dir/src/run_log.c.obj
 .debug_aranges
                0x00000208       0x50 CMakeFiles/DM_MC02_Gyro_2m.elf.dir/bmi088/BMI088driver.c.obj
 .debug_aranges
                0x00000258       0x60 CMakeFiles/DM_MC02_Gyro_2m.elf.dir/bmi088/BMI088Middleware.c.obj
 .debug_aranges
                0x000002b8       0x88 CMakeFiles/DM_MC02_Gyro_2m.elf.dir/vendor/dm_motor/dm_motor_protocol.c.obj
 .debug_aranges
                0x00000340       0x28 CMakeFiles/DM_MC02_Gyro_2m.elf.dir/vendor/stm32/system_stm32h7xx.c.obj
 .debug_aranges
                0x00000368      0x1c8 CMakeFiles/DM_MC02_Gyro_2m.elf.dir/vendor/stm32/Drivers/STM32H7xx_HAL_Driver/Src/stm32h7xx_hal.c.obj
 .debug_aranges
                0x00000530      0x120 CMakeFiles/DM_MC02_Gyro_2m.elf.dir/vendor/stm32/Drivers/STM32H7xx_HAL_Driver/Src/stm32h7xx_hal_cortex.c.obj
 .debug_aranges
                0x00000650      0x338 CMakeFiles/DM_MC02_Gyro_2m.elf.dir/vendor/stm32/Drivers/STM32H7xx_HAL_Driver/Src/stm32h7xx_hal_fdcan.c.obj
 .debug_aranges
                0x00000988       0x88 CMakeFiles/DM_MC02_Gyro_2m.elf.dir/vendor/stm32/Drivers/STM32H7xx_HAL_Driver/Src/stm32h7xx_hal_flash.c.obj
 .debug_aranges
                0x00000a10      0x108 CMakeFiles/DM_MC02_Gyro_2m.elf.dir/vendor/stm32/Drivers/STM32H7xx_HAL_Driver/Src/stm32h7xx_hal_flash_ex.c.obj
 .debug_aranges
                0x00000b18       0x58 CMakeFiles/DM_MC02_Gyro_2m.elf.dir/vendor/stm32/Drivers/STM32H7xx_HAL_Driver/Src/stm32h7xx_hal_gpio.c.obj
 .debug_aranges
                0x00000b70      0x148 CMakeFiles/DM_MC02_Gyro_2m.elf.dir/vendor/stm32/Drivers/STM32H7xx_HAL_Driver/Src/stm32h7xx_hal_pwr_ex.c.obj
 .debug_aranges
                0x00000cb8       0x88 CMakeFiles/DM_MC02_Gyro_2m.elf.dir/vendor/stm32/Drivers/STM32H7xx_HAL_Driver/Src/stm32h7xx_hal_rcc.c.obj
 .debug_aranges
                0x00000d40       0xf8 CMakeFiles/DM_MC02_Gyro_2m.elf.dir/vendor/stm32/Drivers/STM32H7xx_HAL_Driver/Src/stm32h7xx_hal_rcc_ex.c.obj
 .debug_aranges
                0x00000e38      0x1a8 CMakeFiles/DM_MC02_Gyro_2m.elf.dir/vendor/stm32/Drivers/STM32H7xx_HAL_Driver/Src/stm32h7xx_hal_spi.c.obj
 .debug_aranges
                0x00000fe0      0x248 CMakeFiles/DM_MC02_Gyro_2m.elf.dir/vendor/stm32/Drivers/STM32H7xx_HAL_Driver/Src/stm32h7xx_hal_uart.c.obj
 .debug_aranges
                0x00001228       0xa8 CMakeFiles/DM_MC02_Gyro_2m.elf.dir/vendor/stm32/Drivers/STM32H7xx_HAL_Driver/Src/stm32h7xx_hal_uart_ex.c.obj

.debug_str      0x00000000   0x1507c2
 .debug_str     0x00000000   0x1507c2 CMakeFiles/DM_MC02_Gyro_2m.elf.dir/startup_stm32h723xx.s.obj
                                 0x6f (size before relaxing)
 .debug_str     0x001507c2        0x0 CMakeFiles/DM_MC02_Gyro_2m.elf.dir/src/exit_run0_mode.c.obj
                             0x14603d (size before relaxing)
 .debug_str     0x001507c2        0x0 CMakeFiles/DM_MC02_Gyro_2m.elf.dir/src/main.c.obj
                             0x146e98 (size before relaxing)
 .debug_str     0x001507c2        0x0 CMakeFiles/DM_MC02_Gyro_2m.elf.dir/src/board.c.obj
                             0x147f60 (size before relaxing)
 .debug_str     0x001507c2        0x0 CMakeFiles/DM_MC02_Gyro_2m.elf.dir/src/mecanum.c.obj
                               0x30a2 (size before relaxing)
 .debug_str     0x001507c2        0x0 CMakeFiles/DM_MC02_Gyro_2m.elf.dir/src/motor_output.c.obj
                             0x14669e (size before relaxing)
 .debug_str     0x001507c2        0x0 CMakeFiles/DM_MC02_Gyro_2m.elf.dir/src/run_log.c.obj
                             0x146c71 (size before relaxing)
 .debug_str     0x001507c2        0x0 CMakeFiles/DM_MC02_Gyro_2m.elf.dir/bmi088/BMI088driver.c.obj
                             0x148101 (size before relaxing)
 .debug_str     0x001507c2        0x0 CMakeFiles/DM_MC02_Gyro_2m.elf.dir/bmi088/BMI088Middleware.c.obj
                             0x14684f (size before relaxing)
 .debug_str     0x001507c2        0x0 CMakeFiles/DM_MC02_Gyro_2m.elf.dir/vendor/dm_motor/dm_motor_protocol.c.obj
                               0x7072 (size before relaxing)
 .debug_str     0x001507c2        0x0 CMakeFiles/DM_MC02_Gyro_2m.elf.dir/vendor/stm32/system_stm32h7xx.c.obj
                             0x1464d7 (size before relaxing)
 .debug_str     0x001507c2        0x0 CMakeFiles/DM_MC02_Gyro_2m.elf.dir/vendor/stm32/Drivers/STM32H7xx_HAL_Driver/Src/stm32h7xx_hal.c.obj
                             0x14756a (size before relaxing)
 .debug_str     0x001507c2        0x0 CMakeFiles/DM_MC02_Gyro_2m.elf.dir/vendor/stm32/Drivers/STM32H7xx_HAL_Driver/Src/stm32h7xx_hal_cortex.c.obj
                             0x146e4c (size before relaxing)
 .debug_str     0x001507c2        0x0 CMakeFiles/DM_MC02_Gyro_2m.elf.dir/vendor/stm32/Drivers/STM32H7xx_HAL_Driver/Src/stm32h7xx_hal_fdcan.c.obj
                             0x148260 (size before relaxing)
 .debug_str     0x001507c2        0x0 CMakeFiles/DM_MC02_Gyro_2m.elf.dir/vendor/stm32/Drivers/STM32H7xx_HAL_Driver/Src/stm32h7xx_hal_flash.c.obj
                             0x1464dc (size before relaxing)
 .debug_str     0x001507c2        0x0 CMakeFiles/DM_MC02_Gyro_2m.elf.dir/vendor/stm32/Drivers/STM32H7xx_HAL_Driver/Src/stm32h7xx_hal_flash_ex.c.obj
                             0x1467f3 (size before relaxing)
 .debug_str     0x001507c2        0x0 CMakeFiles/DM_MC02_Gyro_2m.elf.dir/vendor/stm32/Drivers/STM32H7xx_HAL_Driver/Src/stm32h7xx_hal_gpio.c.obj
                             0x14652b (size before relaxing)
 .debug_str     0x001507c2        0x0 CMakeFiles/DM_MC02_Gyro_2m.elf.dir/vendor/stm32/Drivers/STM32H7xx_HAL_Driver/Src/stm32h7xx_hal_pwr_ex.c.obj
                             0x146933 (size before relaxing)
 .debug_str     0x001507c2        0x0 CMakeFiles/DM_MC02_Gyro_2m.elf.dir/vendor/stm32/Drivers/STM32H7xx_HAL_Driver/Src/stm32h7xx_hal_rcc.c.obj
                             0x1468ae (size before relaxing)
 .debug_str     0x001507c2        0x0 CMakeFiles/DM_MC02_Gyro_2m.elf.dir/vendor/stm32/Drivers/STM32H7xx_HAL_Driver/Src/stm32h7xx_hal_rcc_ex.c.obj
                             0x146dc6 (size before relaxing)
 .debug_str     0x001507c2        0x0 CMakeFiles/DM_MC02_Gyro_2m.elf.dir/vendor/stm32/Drivers/STM32H7xx_HAL_Driver/Src/stm32h7xx_hal_spi.c.obj
                             0x146c18 (size before relaxing)
 .debug_str     0x001507c2        0x0 CMakeFiles/DM_MC02_Gyro_2m.elf.dir/vendor/stm32/Drivers/STM32H7xx_HAL_Driver/Src/stm32h7xx_hal_uart.c.obj
                             0x14744e (size before relaxing)
 .debug_str     0x001507c2        0x0 CMakeFiles/DM_MC02_Gyro_2m.elf.dir/vendor/stm32/Drivers/STM32H7xx_HAL_Driver/Src/stm32h7xx_hal_uart_ex.c.obj
                             0x146a0e (size before relaxing)

.debug_rnglists
                0x00000000      0xe72
 .debug_rnglists
                0x00000000       0x19 CMakeFiles/DM_MC02_Gyro_2m.elf.dir/startup_stm32h723xx.s.obj
 .debug_rnglists
                0x00000019       0x13 CMakeFiles/DM_MC02_Gyro_2m.elf.dir/src/exit_run0_mode.c.obj
 .debug_rnglists
                0x0000002c       0x41 CMakeFiles/DM_MC02_Gyro_2m.elf.dir/src/main.c.obj
 .debug_rnglists
                0x0000006d       0x78 CMakeFiles/DM_MC02_Gyro_2m.elf.dir/src/board.c.obj
 .debug_rnglists
                0x000000e5       0x1a CMakeFiles/DM_MC02_Gyro_2m.elf.dir/src/mecanum.c.obj
 .debug_rnglists
                0x000000ff       0x39 CMakeFiles/DM_MC02_Gyro_2m.elf.dir/src/motor_output.c.obj
 .debug_rnglists
                0x00000138       0x40 CMakeFiles/DM_MC02_Gyro_2m.elf.dir/src/run_log.c.obj
 .debug_rnglists
                0x00000178       0x3a CMakeFiles/DM_MC02_Gyro_2m.elf.dir/bmi088/BMI088driver.c.obj
 .debug_rnglists
                0x000001b2       0x44 CMakeFiles/DM_MC02_Gyro_2m.elf.dir/bmi088/BMI088Middleware.c.obj
 .debug_rnglists
                0x000001f6       0x65 CMakeFiles/DM_MC02_Gyro_2m.elf.dir/vendor/dm_motor/dm_motor_protocol.c.obj
 .debug_rnglists
                0x0000025b       0x1b CMakeFiles/DM_MC02_Gyro_2m.elf.dir/vendor/stm32/system_stm32h7xx.c.obj
 .debug_rnglists
                0x00000276      0x155 CMakeFiles/DM_MC02_Gyro_2m.elf.dir/vendor/stm32/Drivers/STM32H7xx_HAL_Driver/Src/stm32h7xx_hal.c.obj
 .debug_rnglists