Archive member included to satisfy reference by file (symbol)

D:/STM32/arm-gnu-toolchain-15.2.rel1-mingw-w64-i686-arm-none-eabi/bin/../lib/gcc/arm-none-eabi/15.2.1/../../../../arm-none-eabi/lib/thumb/v7e-m+dp/hard\libc_nano.a(libc_a-exit.o)
                              D:/STM32/arm-gnu-toolchain-15.2.rel1-mingw-w64-i686-arm-none-eabi/bin/../lib/gcc/arm-none-eabi/15.2.1/../../../../arm-none-eabi/lib/thumb/v7e-m+dp/hard/crt0.o (exit)
D:/STM32/arm-gnu-toolchain-15.2.rel1-mingw-w64-i686-arm-none-eabi/bin/../lib/gcc/arm-none-eabi/15.2.1/../../../../arm-none-eabi/lib/thumb/v7e-m+dp/hard\libc_nano.a(libc_a-findfp.o)
                              D:/STM32/arm-gnu-toolchain-15.2.rel1-mingw-w64-i686-arm-none-eabi/bin/../lib/gcc/arm-none-eabi/15.2.1/../../../../arm-none-eabi/lib/thumb/v7e-m+dp/hard\libc_nano.a(libc_a-exit.o) (__stdio_exit_handler)
D:/STM32/arm-gnu-toolchain-15.2.rel1-mingw-w64-i686-arm-none-eabi/bin/../lib/gcc/arm-none-eabi/15.2.1/../../../../arm-none-eabi/lib/thumb/v7e-m+dp/hard\libc_nano.a(libc_a-fwalk.o)
                              D:/STM32/arm-gnu-toolchain-15.2.rel1-mingw-w64-i686-arm-none-eabi/bin/../lib/gcc/arm-none-eabi/15.2.1/../../../../arm-none-eabi/lib/thumb/v7e-m+dp/hard\libc_nano.a(libc_a-findfp.o) (_fwalk_sglue)
D:/STM32/arm-gnu-toolchain-15.2.rel1-mingw-w64-i686-arm-none-eabi/bin/../lib/gcc/arm-none-eabi/15.2.1/../../../../arm-none-eabi/lib/thumb/v7e-m+dp/hard\libc_nano.a(libc_a-snprintf.o)
                              CMakeFiles/DM_MC02_Gyro_3m.elf.dir/src/main.c.obj (snprintf)
D:/STM32/arm-gnu-toolchain-15.2.rel1-mingw-w64-i686-arm-none-eabi/bin/../lib/gcc/arm-none-eabi/15.2.1/../../../../arm-none-eabi/lib/thumb/v7e-m+dp/hard\libc_nano.a(libc_a-stdio.o)
                              D:/STM32/arm-gnu-toolchain-15.2.rel1-mingw-w64-i686-arm-none-eabi/bin/../lib/gcc/arm-none-eabi/15.2.1/../../../../arm-none-eabi/lib/thumb/v7e-m+dp/hard\libc_nano.a(libc_a-findfp.o) (__sread)
D:/STM32/arm-gnu-toolchain-15.2.rel1-mingw-w64-i686-arm-none-eabi/bin/../lib/gcc/arm-none-eabi/15.2.1/../../../../arm-none-eabi/lib/thumb/v7e-m+dp/hard\libc_nano.a(libc_a-memset.o)
                              D:/STM32/arm-gnu-toolchain-15.2.rel1-mingw-w64-i686-arm-none-eabi/bin/../lib/gcc/arm-none-eabi/15.2.1/../../../../arm-none-eabi/lib/thumb/v7e-m+dp/hard/crt0.o (memset)
D:/STM32/arm-gnu-toolchain-15.2.rel1-mingw-w64-i686-arm-none-eabi/bin/../lib/gcc/arm-none-eabi/15.2.1/../../../../arm-none-eabi/lib/thumb/v7e-m+dp/hard\libc_nano.a(libc_a-closer.o)
                              D:/STM32/arm-gnu-toolchain-15.2.rel1-mingw-w64-i686-arm-none-eabi/bin/../lib/gcc/arm-none-eabi/15.2.1/../../../../arm-none-eabi/lib/thumb/v7e-m+dp/hard\libc_nano.a(libc_a-stdio.o) (_close_r)
D:/STM32/arm-gnu-toolchain-15.2.rel1-mingw-w64-i686-arm-none-eabi/bin/../lib/gcc/arm-none-eabi/15.2.1/../../../../arm-none-eabi/lib/thumb/v7e-m+dp/hard\libc_nano.a(libc_a-reent.o)
                              D:/STM32/arm-gnu-toolchain-15.2.rel1-mingw-w64-i686-arm-none-eabi/bin/../lib/gcc/arm-none-eabi/15.2.1/../../../../arm-none-eabi/lib/thumb/v7e-m+dp/hard\libc_nano.a(libc_a-closer.o) (errno)
D:/STM32/arm-gnu-toolchain-15.2.rel1-mingw-w64-i686-arm-none-eabi/bin/../lib/gcc/arm-none-eabi/15.2.1/../../../../arm-none-eabi/lib/thumb/v7e-m+dp/hard\libc_nano.a(libc_a-impure.o)
                              D:/STM32/arm-gnu-toolchain-15.2.rel1-mingw-w64-i686-arm-none-eabi/bin/../lib/gcc/arm-none-eabi/15.2.1/../../../../arm-none-eabi/lib/thumb/v7e-m+dp/hard\libc_nano.a(libc_a-snprintf.o) (_impure_ptr)
D:/STM32/arm-gnu-toolchain-15.2.rel1-mingw-w64-i686-arm-none-eabi/bin/../lib/gcc/arm-none-eabi/15.2.1/../../../../arm-none-eabi/lib/thumb/v7e-m+dp/hard\libc_nano.a(libc_a-lseekr.o)
                              D:/STM32/arm-gnu-toolchain-15.2.rel1-mingw-w64-i686-arm-none-eabi/bin/../lib/gcc/arm-none-eabi/15.2.1/../../../../arm-none-eabi/lib/thumb/v7e-m+dp/hard\libc_nano.a(libc_a-stdio.o) (_lseek_r)
D:/STM32/arm-gnu-toolchain-15.2.rel1-mingw-w64-i686-arm-none-eabi/bin/../lib/gcc/arm-none-eabi/15.2.1/../../../../arm-none-eabi/lib/thumb/v7e-m+dp/hard\libc_nano.a(libc_a-readr.o)
                              D:/STM32/arm-gnu-toolchain-15.2.rel1-mingw-w64-i686-arm-none-eabi/bin/../lib/gcc/arm-none-eabi/15.2.1/../../../../arm-none-eabi/lib/thumb/v7e-m+dp/hard\libc_nano.a(libc_a-stdio.o) (_read_r)
D:/STM32/arm-gnu-toolchain-15.2.rel1-mingw-w64-i686-arm-none-eabi/bin/../lib/gcc/arm-none-eabi/15.2.1/../../../../arm-none-eabi/lib/thumb/v7e-m+dp/hard\libc_nano.a(libc_a-writer.o)
                              D:/STM32/arm-gnu-toolchain-15.2.rel1-mingw-w64-i686-arm-none-eabi/bin/../lib/gcc/arm-none-eabi/15.2.1/../../../../arm-none-eabi/lib/thumb/v7e-m+dp/hard\libc_nano.a(libc_a-stdio.o) (_write_r)
D:/STM32/arm-gnu-toolchain-15.2.rel1-mingw-w64-i686-arm-none-eabi/bin/../lib/gcc/arm-none-eabi/15.2.1/../../../../arm-none-eabi/lib/thumb/v7e-m+dp/hard\libc_nano.a(libc_a-init.o)
[...]
Memory Configuration

Name             Origin             Length             Attributes
ITCMRAM          0x00000000         0x00010000         xrw
RAM              0x20000000         0x00020000         xrw
ROM              0x08000000         0x000e0000         xr
RAM_D1           0x24000000         0x00050000         xrw
*default*        0x00000000         0xffffffff

Linker script and memory map

LOAD D:/STM32/arm-gnu-toolchain-15.2.rel1-mingw-w64-i686-arm-none-eabi/bin/../lib/gcc/arm-none-eabi/15.2.1/thumb/v7e-m+dp/hard/crti.o
LOAD D:/STM32/arm-gnu-toolchain-15.2.rel1-mingw-w64-i686-arm-none-eabi/bin/../lib/gcc/arm-none-eabi/15.2.1/thumb/v7e-m+dp/hard/crtbegin.o
LOAD D:/STM32/arm-gnu-toolchain-15.2.rel1-mingw-w64-i686-arm-none-eabi/bin/../lib/gcc/arm-none-eabi/15.2.1/../../../../arm-none-eabi/lib/thumb/v7e-m+dp/hard/crt0.o
LOAD CMakeFiles/DM_MC02_Gyro_3m.elf.dir/startup_stm32h723xx.s.obj
LOAD CMakeFiles/DM_MC02_Gyro_3m.elf.dir/src/exit_run0_mode.c.obj
LOAD CMakeFiles/DM_MC02_Gyro_3m.elf.dir/src/main.c.obj
LOAD CMakeFiles/DM_MC02_Gyro_3m.elf.dir/src/board.c.obj
LOAD CMakeFiles/DM_MC02_Gyro_3m.elf.dir/src/mecanum.c.obj
LOAD CMakeFiles/DM_MC02_Gyro_3m.elf.dir/src/motor_output.c.obj
LOAD CMakeFiles/DM_MC02_Gyro_3m.elf.dir/src/run_log.c.obj
LOAD CMakeFiles/DM_MC02_Gyro_3m.elf.dir/usb_device/app/usb_device.c.obj
LOAD CMakeFiles/DM_MC02_Gyro_3m.elf.dir/usb_device/app/usbd_cdc_if.c.obj
LOAD CMakeFiles/DM_MC02_Gyro_3m.elf.dir/usb_device/app/usbd_desc.c.obj
LOAD CMakeFiles/DM_MC02_Gyro_3m.elf.dir/usb_device/target/usbd_conf.c.obj
LOAD CMakeFiles/DM_MC02_Gyro_3m.elf.dir/bmi088/BMI088driver.c.obj
LOAD CMakeFiles/DM_MC02_Gyro_3m.elf.dir/bmi088/BMI088Middleware.c.obj
LOAD CMakeFiles/DM_MC02_Gyro_3m.elf.dir/vendor/dm_motor/dm_motor_protocol.c.obj
LOAD CMakeFiles/DM_MC02_Gyro_3m.elf.dir/vendor/stm32/system_stm32h7xx.c.obj
LOAD CMakeFiles/DM_MC02_Gyro_3m.elf.dir/vendor/stm32/Drivers/STM32H7xx_HAL_Driver/Src/stm32h7xx_hal.c.obj
LOAD CMakeFiles/DM_MC02_Gyro_3m.elf.dir/vendor/stm32/Drivers/STM32H7xx_HAL_Driver/Src/stm32h7xx_hal_cortex.c.obj
LOAD CMakeFiles/DM_MC02_Gyro_3m.elf.dir/vendor/stm32/Drivers/STM32H7xx_HAL_Driver/Src/stm32h7xx_hal_fdcan.c.obj
LOAD CMakeFiles/DM_MC02_Gyro_3m.elf.dir/vendor/stm32/Drivers/STM32H7xx_HAL_Driver/Src/stm32h7xx_hal_flash.c.obj
LOAD CMakeFiles/DM_MC02_Gyro_3m.elf.dir/vendor/stm32/Drivers/STM32H7xx_HAL_Driver/Src/stm32h7xx_hal_flash_ex.c.obj
LOAD CMakeFiles/DM_MC02_Gyro_3m.elf.dir/vendor/stm32/Drivers/STM32H7xx_HAL_Driver/Src/stm32h7xx_hal_gpio.c.obj
LOAD CMakeFiles/DM_MC02_Gyro_3m.elf.dir/vendor/stm32/Drivers/STM32H7xx_HAL_Driver/Src/stm32h7xx_hal_pwr.c.obj
LOAD CMakeFiles/DM_MC02_Gyro_3m.elf.dir/vendor/stm32/Drivers/STM32H7xx_HAL_Driver/Src/stm32h7xx_hal_pwr_ex.c.obj
LOAD CMakeFiles/DM_MC02_Gyro_3m.elf.dir/vendor/stm32/Drivers/STM32H7xx_HAL_Driver/Src/stm32h7xx_hal_pcd.c.obj
LOAD CMakeFiles/DM_MC02_Gyro_3m.elf.dir/vendor/stm32/Drivers/STM32H7xx_HAL_Driver/Src/stm32h7xx_hal_pcd_ex.c.obj
LOAD CMakeFiles/DM_MC02_Gyro_3m.elf.dir/vendor/stm32/Drivers/STM32H7xx_HAL_Driver/Src/stm32h7xx_hal_rcc.c.obj
LOAD CMakeFiles/DM_MC02_Gyro_3m.elf.dir/vendor/stm32/Drivers/STM32H7xx_HAL_Driver/Src/stm32h7xx_hal_rcc_ex.c.obj
LOAD CMakeFiles/DM_MC02_Gyro_3m.elf.dir/vendor/stm32/Drivers/STM32H7xx_HAL_Driver/Src/stm32h7xx_hal_spi.c.obj
LOAD CMakeFiles/DM_MC02_Gyro_3m.elf.dir/vendor/stm32/Drivers/STM32H7xx_HAL_Driver/Src/stm32h7xx_hal_spi_ex.c.obj
LOAD CMakeFiles/DM_MC02_Gyro_3m.elf.dir/vendor/stm32/Drivers/STM32H7xx_HAL_Driver/Src/stm32h7xx_hal_tim.c.obj
LOAD CMakeFiles/DM_MC02_Gyro_3m.elf.dir/vendor/stm32/Drivers/STM32H7xx_HAL_Driver/Src/stm32h7xx_hal_tim_ex.c.obj
LOAD CMakeFiles/DM_MC02_Gyro_3m.elf.dir/vendor/stm32/Drivers/STM32H7xx_HAL_Driver/Src/stm32h7xx_hal_uart.c.obj
LOAD CMakeFiles/DM_MC02_Gyro_3m.elf.dir/vendor/stm32/Drivers/STM32H7xx_HAL_Driver/Src/stm32h7xx_hal_uart_ex.c.obj
LOAD CMakeFiles/DM_MC02_Gyro_3m.elf.dir/vendor/stm32/Drivers/STM32H7xx_HAL_Driver/Src/stm32h7xx_ll_usb.c.obj
LOAD CMakeFiles/DM_MC02_Gyro_3m.elf.dir/vendor/stm32/Middlewares/ST/STM32_USB_Device_Library/Core/Src/usbd_core.c.obj
LOAD CMakeFiles/DM_MC02_Gyro_3m.elf.dir/vendor/stm32/Middlewares/ST/STM32_USB_Device_Library/Core/Src/usbd_ctlreq.c.obj
LOAD CMakeFiles/DM_MC02_Gyro_3m.elf.dir/vendor/stm32/Middlewares/ST/STM32_USB_Device_Library/Core/Src/usbd_ioreq.c.obj
LOAD CMakeFiles/DM_MC02_Gyro_3m.elf.dir/vendor/stm32/Middlewares/ST/STM32_USB_Device_Library/Class/CDC/Src/usbd_cdc.c.obj
LOAD D:/STM32/arm-gnu-toolchain-15.2.rel1-mingw-w64-i686-arm-none-eabi/bin/../lib/gcc/arm-none-eabi/15.2.1/../../../../arm-none-eabi/lib/thumb/v7e-m+dp/hard\libm.a
LOAD D:/STM32/arm-gnu-toolchain-15.2.rel1-mingw-w64-i686-arm-none-eabi/bin/../lib/gcc/arm-none-eabi/15.2.1/../../../../arm-none-eabi/lib/thumb/v7e-m+dp/hard\libc_nano.a
LOAD D:/STM32/arm-gnu-toolchain-15.2.rel1-mingw-w64-i686-arm-none-eabi/bin/../lib/gcc/arm-none-eabi/15.2.1/../../../../arm-none-eabi/lib/thumb/v7e-m+dp/hard\libnosys.a
START GROUP
LOAD D:/STM32/arm-gnu-toolchain-15.2.rel1-mingw-w64-i686-arm-none-eabi/bin/../lib/gcc/arm-none-eabi/15.2.1/thumb/v7e-m+dp/hard\libgcc.a
LOAD D:/STM32/arm-gnu-toolchain-15.2.rel1-mingw-w64-i686-arm-none-eabi/bin/../lib/gcc/arm-none-eabi/15.2.1/../../../../arm-none-eabi/lib/thumb/v7e-m+dp/hard\libc_nano.a
END GROUP
START GROUP
LOAD D:/STM32/arm-gnu-toolchain-15.2.rel1-mingw-w64-i686-arm-none-eabi/bin/../lib/gcc/arm-none-eabi/15.2.1/thumb/v7e-m+dp/hard\libgcc.a
LOAD D:/STM32/arm-gnu-toolchain-15.2.rel1-mingw-w64-i686-arm-none-eabi/bin/../lib/gcc/arm-none-eabi/15.2.1/../../../../arm-none-eabi/lib/thumb/v7e-m+dp/hard\libc_nano.a
LOAD D:/STM32/arm-gnu-toolchain-15.2.rel1-mingw-w64-i686-arm-none-eabi/bin/../lib/gcc/arm-none-eabi/15.2.1/../../../../arm-none-eabi/lib/thumb/v7e-m+dp/hard\libnosys.a
END GROUP
START GROUP
LOAD D:/STM32/arm-gnu-toolchain-15.2.rel1-mingw-w64-i686-arm-none-eabi/bin/../lib/gcc/arm-none-eabi/15.2.1/thumb/v7e-m+dp/hard\libgcc.a
LOAD D:/STM32/arm-gnu-toolchain-15.2.rel1-mingw-w64-i686-arm-none-eabi/bin/../lib/gcc/arm-none-eabi/15.2.1/../../../../arm-none-eabi/lib/thumb/v7e-m+dp/hard\libc_nano.a
LOAD D:/STM32/arm-gnu-toolchain-15.2.rel1-mingw-w64-i686-arm-none-eabi/bin/../lib/gcc/arm-none-eabi/15.2.1/../../../../arm-none-eabi/lib/thumb/v7e-m+dp/hard\libnosys.a
END GROUP
LOAD D:/STM32/arm-gnu-toolchain-15.2.rel1-mingw-w64-i686-arm-none-eabi/bin/../lib/gcc/arm-none-eabi/15.2.1/thumb/v7e-m+dp/hard/crtend.o
LOAD D:/STM32/arm-gnu-toolchain-15.2.rel1-mingw-w64-i686-arm-none-eabi/bin/../lib/gcc/arm-none-eabi/15.2.1/thumb/v7e-m+dp/hard/crtn.o
                0x20020000                        _estack = (ORIGIN (RAM) + LENGTH (RAM))
                0x00001000                        _Min_Heap_Size = 0x1000
                0x00002000                        _Min_Stack_Size = 0x2000

.isr_vector     0x08000000      0x2cc
                0x08000000                        . = ALIGN (0x4)
 *(.isr_vector)
 .isr_vector    0x08000000      0x2cc CMakeFiles/DM_MC02_Gyro_3m.elf.dir/startup_stm32h723xx.s.obj
                0x08000000                g_pfnVectors
                0x080002cc                        . = ALIGN (0x4)

.text           0x080002d0     0xac6c
                0x080002d0                        . = ALIGN (0x4)
 *(.text)
 .text          0x080002d0       0x10 D:/STM32/arm-gnu-toolchain-15.2.rel1-mingw-w64-i686-arm-none-eabi/bin/../lib/gcc/arm-none-eabi/15.2.1/../../../../arm-none-eabi/lib/thumb/v7e-m+dp/hard\libc_nano.a(libc_a-strlen.o)
                0x080002d0                strlen
 .text          0x080002e0       0xa0 D:/STM32/arm-gnu-toolchain-15.2.rel1-mingw-w64-i686-arm-none-eabi/bin/../lib/gcc/arm-none-eabi/15.2.1/../../../../arm-none-eabi/lib/thumb/v7e-m+dp/hard\libc_nano.a(libc_a-memchr.o)
                0x080002e0                memchr
 .text          0x08000380       0x30 D:/STM32/arm-gnu-toolchain-15.2.rel1-mingw-w64-i686-arm-none-eabi/bin/../lib/gcc/arm-none-eabi/15.2.1/thumb/v7e-m+dp/hard\libgcc.a(_aeabi_uldivmod.o)
                0x08000380                __aeabi_uldivmod
 .text          0x080003b0        0x4 D:/STM32/arm-gnu-toolchain-15.2.rel1-mingw-w64-i686-arm-none-eabi/bin/../lib/gcc/arm-none-eabi/15.2.1/thumb/v7e-m+dp/hard\libgcc.a(_dvmd_tls.o)
                0x080003b0                __aeabi_idiv0
                0x080003b0                __aeabi_ldiv0
 *(.text*)
 .text.deregister_tm_clones
                0x080003b4       0x1c D:/STM32/arm-gnu-toolchain-15.2.rel1-mingw-w64-i686-arm-none-eabi/bin/../lib/gcc/arm-none-eabi/15.2.1/thumb/v7e-m+dp/hard/crtbegin.o
 .text.register_tm_clones
                0x080003d0       0x24 D:/STM32/arm-gnu-toolchain-15.2.rel1-mingw-w64-i686-arm-none-eabi/bin/../lib/gcc/arm-none-eabi/15.2.1/thumb/v7e-m+dp/hard/crtbegin.o
 .text.__do_global_dtors_aux
                0x080003f4       0x28 D:/STM32/arm-gnu-toolchain-15.2.rel1-mingw-w64-i686-arm-none-eabi/bin/../lib/gcc/arm-none-eabi/15.2.1/thumb/v7e-m+dp/hard/crtbegin.o
 .text.frame_dummy
                0x0800041c       0x24 D:/STM32/arm-gnu-toolchain-15.2.rel1-mingw-w64-i686-arm-none-eabi/bin/../lib/gcc/arm-none-eabi/15.2.1/thumb/v7e-m+dp/hard/crtbegin.o
 .text.Reset_Handler
                0x08000440       0x54 CMakeFiles/DM_MC02_Gyro_3m.elf.dir/startup_stm32h723xx.s.obj
                0x08000440                Reset_Handler
 .text.Default_Handler
                0x08000494        0x2 CMakeFiles/DM_MC02_Gyro_3m.elf.dir/startup_stm32h723xx.s.obj
                0x08000494                RTC_Alarm_IRQHandler
                0x08000494                EXTI2_IRQHandler
                0x08000494                TIM8_CC_IRQHandler
                0x08000494                DebugMon_Handler
                0x08000494                UART8_IRQHandler
                0x08000494                SPI4_IRQHandler
                0x08000494                FDCAN3_IT0_IRQHandler
                0x08000494                TIM1_CC_IRQHandler
                0x08000494                BDMA_Channel6_IRQHandler
                0x08000494                DMA2_Stream5_IRQHandler
                0x08000494                HardFault_Handler
                0x08000494                DMA1_Stream5_IRQHandler
                0x08000494                CORDIC_IRQHandler
                0x08000494                BDMA_Channel1_IRQHandler
                0x08000494                TAMP_STAMP_IRQHandler
                0x08000494                PendSV_Handler
                0x08000494                NMI_Handler
                0x08000494                EXTI3_IRQHandler
                0x08000494                LPTIM4_IRQHandler
                0x08000494                TIM8_TRG_COM_TIM14_IRQHandler
                0x08000494                LPTIM2_IRQHandler
                0x08000494                DFSDM1_FLT1_IRQHandler
                0x08000494                DMAMUX2_OVR_IRQHandler
                0x08000494                TIM8_UP_TIM13_IRQHandler
                0x08000494                I2C3_ER_IRQHandler
                0x08000494                DFSDM1_FLT2_IRQHandler
                0x08000494                I2C5_EV_IRQHandler
                0x08000494                USART10_IRQHandler
                0x08000494                MDMA_IRQHandler
                0x08000494                LPTIM3_IRQHandler
                0x08000494                HSEM1_IRQHandler
                0x08000494                EXTI0_IRQHandler
                0x08000494                I2C2_EV_IRQHandler
                0x08000494                DMA1_Stream2_IRQHandler
                0x08000494                FPU_IRQHandler
                0x08000494                OTG_HS_WKUP_IRQHandler
                0x08000494                FDCAN1_IT1_IRQHandler
                0x08000494                UsageFault_Handler
                0x08000494                LTDC_ER_IRQHandler
                0x08000494                DMA2_Stream2_IRQHandler
                0x08000494                SPI1_IRQHandler
                0x08000494                OCTOSPI1_IRQHandler
                0x08000494                TIM6_DAC_IRQHandler
                0x08000494                DMA2_Stream3_IRQHandler
                0x08000494                OCTOSPI2_IRQHandler
                0x08000494                DFSDM1_FLT3_IRQHandler
                0x08000494                TIM23_IRQHandler
                0x08000494                USART6_IRQHandler
                0x08000494                TIM17_IRQHandler
                0x08000494                USART3_IRQHandler
                0x08000494                BDMA_Channel7_IRQHandler
                0x08000494                LPTIM5_IRQHandler
                0x08000494                UART5_IRQHandler
                0x08000494                ADC3_IRQHandler
                0x08000494                DMA2_Stream0_IRQHandler
                0x08000494                TIM4_IRQHandler
                0x08000494                BDMA_Channel2_IRQHandler
                0x08000494                I2C1_EV_IRQHandler
                0x08000494                DMA1_Stream6_IRQHandler
                0x08000494                DMAMUX1_OVR_IRQHandler
                0x08000494                DMA1_Stream1_IRQHandler
                0x08000494                TIM16_IRQHandler
                0x08000494                UART4_IRQHandler
                0x08000494                BDMA_Channel5_IRQHandler
                0x08000494                TIM3_IRQHandler
                0x08000494                RCC_IRQHandler
                0x08000494                UART9_IRQHandler
                0x08000494                TIM8_BRK_TIM12_IRQHandler
                0x08000494                TIM1_TRG_COM_IRQHandler
                0x08000494                Default_Handler
                0x08000494                ECC_IRQHandler
                0x08000494                FMAC_IRQHandler
                0x08000494                CEC_IRQHandler
                0x08000494                EXTI15_10_IRQHandler
                0x08000494                BDMA_Channel0_IRQHandler
                0x08000494                ADC_IRQHandler
                0x08000494                I2C5_ER_IRQHandler
                0x08000494                DMA1_Stream7_IRQHandler
                0x08000494                SPI5_IRQHandler
                0x08000494                TIM7_IRQHandler
                0x08000494                FDCAN3_IT1_IRQHandler
                0x08000494                SDMMC1_IRQHandler
                0x08000494                TIM5_IRQHandler
                0x08000494                DMA2_Stream7_IRQHandler
                0x08000494                TIM15_IRQHandler
                0x08000494                PVD_AVD_IRQHandler
                0x08000494                I2C3_EV_IRQHandler
                0x08000494                EXTI9_5_IRQHandler
                0x08000494                RTC_WKUP_IRQHandler
                0x08000494                LTDC_IRQHandler
                0x08000494                ETH_WKUP_IRQHandler
                0x08000494                SPDIF_RX_IRQHandler
                0x08000494                SPI2_IRQHandler
                0x08000494                OTG_HS_EP1_IN_IRQHandler
                0x08000494                MemManage_Handler
                0x08000494                DMA1_Stream0_IRQHandler
                0x08000494                TIM24_IRQHandler
                0x08000494                SVC_Handler
                0x08000494                CRS_IRQHandler
                0x08000494                EXTI4_IRQHandler
                0x08000494                RNG_IRQHandler
                0x08000494                FDCAN2_IT1_IRQHandler
                0x08000494                ETH_IRQHandler
                0x08000494                TIM1_UP_IRQHandler
                0x08000494                BDMA_Channel4_IRQHandler
                0x08000494                OTG_HS_EP1_OUT_IRQHandler
                0x08000494                WWDG_IRQHandler
                0x08000494                SPI6_IRQHandler
                0x08000494                MDIOS_IRQHandler
                0x08000494                I2C4_EV_IRQHandler
                0x08000494                FDCAN2_IT0_IRQHandler
                0x08000494                LPUART1_IRQHandler
                0x08000494                FDCAN1_IT0_IRQHandler
                0x08000494                TIM2_IRQHandler
                0x08000494                DMA2D_IRQHandler
                0x08000494                TIM1_BRK_IRQHandler
                0x08000494                EXTI1_IRQHandler
                0x08000494                SDMMC2_IRQHandler
                0x08000494                BDMA_Channel3_IRQHandler
                0x08000494                DTS_IRQHandler
                0x08000494                UART7_IRQHandler
                0x08000494                MDIOS_WKUP_IRQHandler
                0x08000494                USART2_IRQHandler
                0x08000494                DFSDM1_FLT0_IRQHandler
                0x08000494                SAI4_IRQHandler
                0x08000494                I2C2_ER_IRQHandler
                0x08000494                DMA2_Stream1_IRQHandler
                0x08000494                FLASH_IRQHandler
                0x08000494                DMA2_Stream4_IRQHandler
                0x08000494                BusFault_Handler
                0x08000494                USART1_IRQHandler
                0x08000494                SPI3_IRQHandler
                0x08000494                WAKEUP_PIN_IRQHandler
                0x08000494                DMA1_Stream4_IRQHandler
                0x08000494                I2C1_ER_IRQHandler
                0x08000494                FMC_IRQHandler
                0x08000494                FDCAN_CAL_IRQHandler
                0x08000494                SWPMI1_IRQHandler
                0x08000494                COMP1_IRQHandler
                0x08000494                LPTIM1_IRQHandler
                0x08000494                DCMI_PSSI_IRQHandler
                0x08000494                I2C4_ER_IRQHandler
                0x08000494                DMA2_Stream6_IRQHandler
                0x08000494                SAI1_IRQHandler
                0x08000494                DMA1_Stream3_IRQHandler
 *fill*         0x08000496        0x2 
 .text.ExitRun0Mode
                0x08000498       0x18 CMakeFiles/DM_MC02_Gyro_3m.elf.dir/src/exit_run0_mode.c.obj
                0x08000498                ExitRun0Mode
 .text.log_route_sample
                0x080004b0       0x68 CMakeFiles/DM_MC02_Gyro_3m.elf.dir/src/main.c.obj
 .text.enter_fault
                0x08000518       0x88 CMakeFiles/DM_MC02_Gyro_3m.elf.dir/src/main.c.obj
 .text.update_imu
                0x080005a0       0x70 CMakeFiles/DM_MC02_Gyro_3m.elf.dir/src/main.c.obj
 .text.run_translation
                0x08000610      0x2f8 CMakeFiles/DM_MC02_Gyro_3m.elf.dir/src/main.c.obj
 .text.run_relative_turn
                0x08000908      0x204 CMakeFiles/DM_MC02_Gyro_3m.elf.dir/src/main.c.obj
 .text.hold_zero
                0x08000b0c       0x4c CMakeFiles/DM_MC02_Gyro_3m.elf.dir/src/main.c.obj
 .text.stop_rk_arm_task.constprop.0
                0x08000b58      0x208 CMakeFiles/DM_MC02_Gyro_3m.elf.dir/src/main.c.obj
 .text.start_rk_arm_task.constprop.0
                0x08000d60      0x260 CMakeFiles/DM_MC02_Gyro_3m.elf.dir/src/main.c.obj
 .text.wait_for_rk_arm_task
                0x08000fc0      0x374 CMakeFiles/DM_MC02_Gyro_3m.elf.dir/src/main.c.obj
 .text.startup.main
                0x08001334      0x738 CMakeFiles/DM_MC02_Gyro_3m.elf.dir/src/main.c.obj
                0x08001334                main
 .text.Error_Handler
                0x08001a6c        0x4 CMakeFiles/DM_MC02_Gyro_3m.elf.dir/src/main.c.obj
                0x08001a6c                Error_Handler
 .text.fdcan_protocol_healthy
                0x08001a70       0x48 CMakeFiles/DM_MC02_Gyro_3m.elf.dir/src/board.c.obj
 .text.board_init
                0x08001ab8      0x534 CMakeFiles/DM_MC02_Gyro_3m.elf.dir/src/board.c.obj
                0x08001ab8                board_init
 .text.board_servo_set_angle_deg_index
                0x08001fec       0x84 CMakeFiles/DM_MC02_Gyro_3m.elf.dir/src/board.c.obj
                0x08001fec                board_servo_set_angle_deg_index
 .text.board_servo_disable_index
                0x08002070       0x3c CMakeFiles/DM_MC02_Gyro_3m.elf.dir/src/board.c.obj
                0x08002070                board_servo_disable_index
 .text.board_uart1_write_only
                0x080020ac       0x30 CMakeFiles/DM_MC02_Gyro_3m.elf.dir/src/board.c.obj
                0x080020ac                board_uart1_write_only
 .text.board_usb_write
                0x080020dc       0x68 CMakeFiles/DM_MC02_Gyro_3m.elf.dir/src/board.c.obj
                0x080020dc                board_usb_write
 .text.board_uart1_write
                0x08002144       0x30 CMakeFiles/DM_MC02_Gyro_3m.elf.dir/src/board.c.obj
                0x08002144                board_uart1_write
 *fill*         0x08002174        0x4 
 .text.HAL_UART_MspInit
                0x08002178       0x80 CMakeFiles/DM_MC02_Gyro_3m.elf.dir/src/board.c.obj
                0x08002178                HAL_UART_MspInit
 .text.board_fdcan1_abort_all_pending
                0x080021f8       0x74 CMakeFiles/DM_MC02_Gyro_3m.elf.dir/src/board.c.obj
                0x080021f8                board_fdcan1_abort_all_pending
 .text.board_fdcan1_wait_tx_fifo_free
                0x0800226c       0x5c CMakeFiles/DM_MC02_Gyro_3m.elf.dir/src/board.c.obj
                0x0800226c                board_fdcan1_wait_tx_fifo_free
 .text.board_fdcan1_send_classic_std8_batch4
                0x080022c8       0xb8 CMakeFiles/DM_MC02_Gyro_3m.elf.dir/src/board.c.obj
                0x080022c8                board_fdcan1_send_classic_std8_batch4
 .text.board_fdcan1_read_classic_std8
                0x08002380       0x5c CMakeFiles/DM_MC02_Gyro_3m.elf.dir/src/board.c.obj
                0x08002380                board_fdcan1_read_classic_std8
 .text.HAL_SPI_MspInit
                0x080023dc       0xcc CMakeFiles/DM_MC02_Gyro_3m.elf.dir/src/board.c.obj
                0x080023dc                HAL_SPI_MspInit
 .text.HAL_FDCAN_MspInit
                0x080024a8       0xbc CMakeFiles/DM_MC02_Gyro_3m.elf.dir/src/board.c.obj
                0x080024a8                HAL_FDCAN_MspInit
 .text.HAL_MspInit
                0x08002564       0x24 CMakeFiles/DM_MC02_Gyro_3m.elf.dir/src/board.c.obj
                0x08002564                HAL_MspInit
 .text.SysTick_Handler
                0x08002588        0x4 CMakeFiles/DM_MC02_Gyro_3m.elf.dir/src/board.c.obj
                0x08002588                SysTick_Handler
 .text.OTG_HS_IRQHandler
                0x0800258c        0xc CMakeFiles/DM_MC02_Gyro_3m.elf.dir/src/board.c.obj
                0x0800258c                OTG_HS_IRQHandler
 .text.mecanum_inverse
                0x08002598       0xf0 CMakeFiles/DM_MC02_Gyro_3m.elf.dir/src/mecanum.c.obj
                0x08002598                mecanum_inverse
 .text.mecanum_forward
                0x08002688       0xec CMakeFiles/DM_MC02_Gyro_3m.elf.dir/src/mecanum.c.obj
                0x08002688                mecanum_forward
 .text.send_special_batch
                0x08002774       0x54 CMakeFiles/DM_MC02_Gyro_3m.elf.dir/src/motor_output.c.obj
 .text.send_special_to_all
                0x080027c8       0x38 CMakeFiles/DM_MC02_Gyro_3m.elf.dir/src/motor_output.c.obj
 .text.motor_send_wheel_speeds
                0x08002800       0x60 CMakeFiles/DM_MC02_Gyro_3m.elf.dir/src/motor_output.c.obj
                0x08002800                motor_send_wheel_speeds
 .text.motor_send_zero_all
                0x08002860       0x18 CMakeFiles/DM_MC02_Gyro_3m.elf.dir/src/motor_output.c.obj
                0x08002860                motor_send_zero_all
 .text.motor_clear_errors_all
                0x08002878        0xc CMakeFiles/DM_MC02_Gyro_3m.elf.dir/src/motor_output.c.obj
                0x08002878                motor_clear_errors_all
 .text.motor_enable_all
                0x08002884        0xc CMakeFiles/DM_MC02_Gyro_3m.elf.dir/src/motor_output.c.obj
                0x08002884                motor_enable_all
 .text.motor_disable_all
                0x08002890        0xc CMakeFiles/DM_MC02_Gyro_3m.elf.dir/src/motor_output.c.obj
                0x08002890                motor_disable_all
 .text.motor_feedback_update
                0x0800289c       0xd8 CMakeFiles/DM_MC02_Gyro_3m.elf.dir/src/motor_output.c.obj
                0x0800289c                motor_feedback_update
 .text.log_slot_valid
                0x08002974       0x7c CMakeFiles/DM_MC02_Gyro_3m.elf.dir/src/run_log.c.obj
 .text.find_latest_log.constprop.0
                0x080029f0       0x5c CMakeFiles/DM_MC02_Gyro_3m.elf.dir/src/run_log.c.obj
 .text.run_log_reset
                0x08002a4c       0x14 CMakeFiles/DM_MC02_Gyro_3m.elf.dir/src/run_log.c.obj
                0x08002a4c                run_log_reset
 .text.run_log_sample
                0x08002a60       0x74 CMakeFiles/DM_MC02_Gyro_3m.elf.dir/src/run_log.c.obj
                0x08002a60                run_log_sample
 *fill*         0x08002ad4        0x4 
 .text.run_log_save
                0x08002ad8      0x218 CMakeFiles/DM_MC02_Gyro_3m.elf.dir/src/run_log.c.obj
                0x08002ad8                run_log_save
 .text.run_log_dump_stored
                0x08002cf0      0x264 CMakeFiles/DM_MC02_Gyro_3m.elf.dir/src/run_log.c.obj
                0x08002cf0                run_log_dump_stored
 .text.MX_USB_DEVICE_Init
                0x08002f54       0x7c CMakeFiles/DM_MC02_Gyro_3m.elf.dir/usb_device/app/usb_device.c.obj
                0x08002f54                MX_USB_DEVICE_Init
 .text.CDC_DeInit_HS
                0x08002fd0        0x4 CMakeFiles/DM_MC02_Gyro_3m.elf.dir/usb_device/app/usbd_cdc_if.c.obj
 .text.CDC_Control_HS
                0x08002fd4        0x4 CMakeFiles/DM_MC02_Gyro_3m.elf.dir/usb_device/app/usbd_cdc_if.c.obj
 .text.CDC_TransmitCplt_HS
                0x08002fd8        0x4 CMakeFiles/DM_MC02_Gyro_3m.elf.dir/usb_device/app/usbd_cdc_if.c.obj
 .text.CDC_Receive_HS
                0x08002fdc       0x58 CMakeFiles/DM_MC02_Gyro_3m.elf.dir/usb_device/app/usbd_cdc_if.c.obj
 .text.CDC_Init_HS
                0x08003034       0x24 CMakeFiles/DM_MC02_Gyro_3m.elf.dir/usb_device/app/usbd_cdc_if.c.obj
 .text.CDC_Transmit_HS
                0x08003058       0x38 CMakeFiles/DM_MC02_Gyro_3m.elf.dir/usb_device/app/usbd_cdc_if.c.obj
                0x08003058                CDC_Transmit_HS
 .text.CDC_Read_HS
                0x08003090       0x5c CMakeFiles/DM_MC02_Gyro_3m.elf.dir/usb_device/app/usbd_cdc_if.c.obj
                0x08003090                CDC_Read_HS
 .text.USBD_HS_DeviceDescriptor
                0x080030ec        0xc CMakeFiles/DM_MC02_Gyro_3m.elf.dir/usb_device/app/usbd_desc.c.obj
                0x080030ec                USBD_HS_DeviceDescriptor
 .text.USBD_HS_LangIDStrDescriptor
                0x080030f8        0xc CMakeFiles/DM_MC02_Gyro_3m.elf.dir/usb_device/app/usbd_desc.c.obj
                0x080030f8                USBD_HS_LangIDStrDescriptor
 .text.USBD_HS_ManufacturerStrDescriptor
                0x08003104       0x18 CMakeFiles/DM_MC02_Gyro_3m.elf.dir/usb_device/app/usbd_desc.c.obj
                0x08003104                USBD_HS_ManufacturerStrDescriptor
 .text.USBD_HS_ProductStrDescriptor
                0x0800311c       0x18 CMakeFiles/DM_MC02_Gyro_3m.elf.dir/usb_device/app/usbd_desc.c.obj
                0x0800311c                USBD_HS_ProductStrDescriptor
 .text.USBD_HS_ConfigStrDescriptor
                0x08003134       0x18 CMakeFiles/DM_MC02_Gyro_3m.elf.dir/usb_device/app/usbd_desc.c.obj
                0x08003134                USBD_HS_ConfigStrDescriptor
 .text.USBD_HS_InterfaceStrDescriptor
                0x0800314c       0x18 CMakeFiles/DM_MC02_Gyro_3m.elf.dir/usb_device/app/usbd_desc.c.obj
                0x0800314c                USBD_HS_InterfaceStrDescriptor
 .text.USBD_HS_SerialStrDescriptor
                0x08003164       0x74 CMakeFiles/DM_MC02_Gyro_3m.elf.dir/usb_device/app/usbd_desc.c.obj
                0x08003164                USBD_HS_SerialStrDescriptor
 .text.HAL_PCD_MspInit
                0x080031d8       0x80 CMakeFiles/DM_MC02_Gyro_3m.elf.dir/usb_device/target/usbd_conf.c.obj
                0x080031d8                HAL_PCD_MspInit
 .text.HAL_PCD_SetupStageCallback
                0x08003258        0xc CMakeFiles/DM_MC02_Gyro_3m.elf.dir/usb_device/target/usbd_conf.c.obj
                0x08003258                HAL_PCD_SetupStageCallback
 .text.HAL_PCD_DataOutStageCallback
                0x08003264       0x18 CMakeFiles/DM_MC02_Gyro_3m.elf.dir/usb_device/target/usbd_conf.c.obj
                0x08003264                HAL_PCD_DataOutStageCallback
 .text.HAL_PCD_DataInStageCallback
                0x0800327c       0x14 CMakeFiles/DM_MC02_Gyro_3m.elf.dir/usb_device/target/usbd_conf.c.obj
                0x0800327c                HAL_PCD_DataInStageCallback
 .text.HAL_PCD_SOFCallback
                0x08003290        0x8 CMakeFiles/DM_MC02_Gyro_3m.elf.dir/usb_device/target/usbd_conf.c.obj
                0x08003290                HAL_PCD_SOFCallback
 .text.HAL_PCD_ResetCallback
                0x08003298       0x2c CMakeFiles/DM_MC02_Gyro_3m.elf.dir/usb_device/target/usbd_conf.c.obj
                0x08003298                HAL_PCD_ResetCallback
 .text.HAL_PCD_SuspendCallback
                0x080032c4       0x30 CMakeFiles/DM_MC02_Gyro_3m.elf.dir/usb_device/target/usbd_conf.c.obj
                0x080032c4                HAL_PCD_SuspendCallback
 .text.HAL_PCD_ResumeCallback
                0x080032f4        0x8 CMakeFiles/DM_MC02_Gyro_3m.elf.dir/usb_device/target/usbd_conf.c.obj
                0x080032f4                HAL_PCD_ResumeCallback
 .text.HAL_PCD_ISOOUTIncompleteCallback
                0x080032fc        0x8 CMakeFiles/DM_MC02_Gyro_3m.elf.dir/usb_device/target/usbd_conf.c.obj
                0x080032fc                HAL_PCD_ISOOUTIncompleteCallback
 .text.HAL_PCD_ISOINIncompleteCallback
                0x08003304        0x8 CMakeFiles/DM_MC02_Gyro_3m.elf.dir/usb_device/target/usbd_conf.c.obj
                0x08003304                HAL_PCD_ISOINIncompleteCallback
 .text.HAL_PCD_ConnectCallback
                0x0800330c        0x8 CMakeFiles/DM_MC02_Gyro_3m.elf.dir/usb_device/target/usbd_conf.c.obj
                0x0800330c                HAL_PCD_ConnectCallback
 .text.HAL_PCD_DisconnectCallback
                0x08003314        0x8 CMakeFiles/DM_MC02_Gyro_3m.elf.dir/usb_device/target/usbd_conf.c.obj
                0x08003314                HAL_PCD_DisconnectCallback
 .text.USBD_LL_Init
                0x0800331c       0x74 CMakeFiles/DM_MC02_Gyro_3m.elf.dir/usb_device/target/usbd_conf.c.obj
                0x0800331c                USBD_LL_Init
 .text.USBD_LL_Start
                0x08003390       0x30 CMakeFiles/DM_MC02_Gyro_3m.elf.dir/usb_device/target/usbd_conf.c.obj
                0x08003390                USBD_LL_Start
 .text.USBD_LL_OpenEP
                0x080033c0       0x1c CMakeFiles/DM_MC02_Gyro_3m.elf.dir/usb_device/target/usbd_conf.c.obj
                0x080033c0                USBD_LL_OpenEP
 .text.USBD_LL_CloseEP
                0x080033dc       0x18 CMakeFiles/DM_MC02_Gyro_3m.elf.dir/usb_device/target/usbd_conf.c.obj
                0x080033dc                USBD_LL_CloseEP
 .text.USBD_LL_StallEP
                0x080033f4       0x18 CMakeFiles/DM_MC02_Gyro_3m.elf.dir/usb_device/target/usbd_conf.c.obj
                0x080033f4                USBD_LL_StallEP
 .text.USBD_LL_ClearStallEP
                0x0800340c       0x18 CMakeFiles/DM_MC02_Gyro_3m.elf.dir/usb_device/target/usbd_conf.c.obj
                0x0800340c                USBD_LL_ClearStallEP
 .text.USBD_LL_IsStallEP
                0x08003424       0x28 CMakeFiles/DM_MC02_Gyro_3m.elf.dir/usb_device/target/usbd_conf.c.obj
                0x08003424                USBD_LL_IsStallEP
 .text.USBD_LL_SetUSBAddress
                0x0800344c       0x18 CMakeFiles/DM_MC02_Gyro_3m.elf.dir/usb_device/target/usbd_conf.c.obj
                0x0800344c                USBD_LL_SetUSBAddress
 .text.USBD_LL_Transmit
                0x08003464       0x18 CMakeFiles/DM_MC02_Gyro_3m.elf.dir/usb_device/target/usbd_conf.c.obj
                0x08003464                USBD_LL_Transmit
 .text.USBD_LL_PrepareReceive
                0x0800347c       0x18 CMakeFiles/DM_MC02_Gyro_3m.elf.dir/usb_device/target/usbd_conf.c.obj
                0x0800347c                USBD_LL_PrepareReceive
 .text.USBD_LL_GetRxDataSize
                0x08003494        0x8 CMakeFiles/DM_MC02_Gyro_3m.elf.dir/usb_device/target/usbd_conf.c.obj
                0x08003494                USBD_LL_GetRxDataSize
 .text.USBD_static_malloc
                0x0800349c        0x8 CMakeFiles/DM_MC02_Gyro_3m.elf.dir/usb_device/target/usbd_conf.c.obj
                0x0800349c                USBD_static_malloc
 .text.USBD_static_free
                0x080034a4        0x4 CMakeFiles/DM_MC02_Gyro_3m.elf.dir/usb_device/target/usbd_conf.c.obj
                0x080034a4                USBD_static_free
 .text.bmi088_accel_init
                0x080034a8      0x10c CMakeFiles/DM_MC02_Gyro_3m.elf.dir/bmi088/BMI088driver.c.obj
                0x080034a8                bmi088_accel_init
 .text.bmi088_gyro_init
                0x080035b4       0xf0 CMakeFiles/DM_MC02_Gyro_3m.elf.dir/bmi088/BMI088driver.c.obj
                0x080035b4                bmi088_gyro_init
 .text.BMI088_init
                0x080036a4       0x1c CMakeFiles/DM_MC02_Gyro_3m.elf.dir/bmi088/BMI088driver.c.obj
                0x080036a4                BMI088_init
 .text.BMI088_read
                0x080036c0      0x150 CMakeFiles/DM_MC02_Gyro_3m.elf.dir/bmi088/BMI088driver.c.obj
                0x080036c0                BMI088_read
 .text.BMI088_GPIO_init
                0x08003810        0x4 CMakeFiles/DM_MC02_Gyro_3m.elf.dir/bmi088/BMI088Middleware.c.obj
                0x08003810                BMI088_GPIO_init
 .text.BMI088_com_init
                0x08003814        0x4 CMakeFiles/DM_MC02_Gyro_3m.elf.dir/bmi088/BMI088Middleware.c.obj
                0x08003814                BMI088_com_init
 .text.BMI088_delay_ms
                0x08003818       0x48 CMakeFiles/DM_MC02_Gyro_3m.elf.dir/bmi088/BMI088Middleware.c.obj
                0x08003818                BMI088_delay_ms
 .text.BMI088_delay_us
                0x08003860       0x38 CMakeFiles/DM_MC02_Gyro_3m.elf.dir/bmi088/BMI088Middleware.c.obj
                0x08003860                BMI088_delay_us
 .text.BMI088_ACCEL_NS_L
                0x08003898       0x10 CMakeFiles/DM_MC02_Gyro_3m.elf.dir/bmi088/BMI088Middleware.c.obj
                0x08003898                BMI088_ACCEL_NS_L
 .text.BMI088_ACCEL_NS_H
                0x080038a8       0x10 CMakeFiles/DM_MC02_Gyro_3m.elf.dir/bmi088/BMI088Middleware.c.obj
                0x080038a8                BMI088_ACCEL_NS_H
 .text.BMI088_GYRO_NS_L
                0x080038b8       0x10 CMakeFiles/DM_MC02_Gyro_3m.elf.dir/bmi088/BMI088Middleware.c.obj
                0x080038b8                BMI088_GYRO_NS_L
 .text.BMI088_GYRO_NS_H
                0x080038c8       0x10 CMakeFiles/DM_MC02_Gyro_3m.elf.dir/bmi088/BMI088Middleware.c.obj
                0x080038c8                BMI088_GYRO_NS_H
 .text.BMI088_read_write_byte
                0x080038d8       0x2c CMakeFiles/DM_MC02_Gyro_3m.elf.dir/bmi088/BMI088Middleware.c.obj
                0x080038d8                BMI088_read_write_byte
 .text.dm_pack_clear_error
                0x08003904       0x1c CMakeFiles/DM_MC02_Gyro_3m.elf.dir/vendor/dm_motor/dm_motor_protocol.c.obj
                0x08003904                dm_pack_clear_error
 .text.dm_pack_enable
                0x08003920       0x1c CMakeFiles/DM_MC02_Gyro_3m.elf.dir/vendor/dm_motor/dm_motor_protocol.c.obj
                0x08003920                dm_pack_enable
 .text.dm_pack_disable
                0x0800393c       0x1c CMakeFiles/DM_MC02_Gyro_3m.elf.dir/vendor/dm_motor/dm_motor_protocol.c.obj
                0x0800393c                dm_pack_disable
 .text.dm_unpack_feedback
                0x08003958       0xe0 CMakeFiles/DM_MC02_Gyro_3m.elf.dir/vendor/dm_motor/dm_motor_protocol.c.obj
                0x08003958                dm_unpack_feedback
 .text.dm_pack_velocity
                0x08003a38       0x18 CMakeFiles/DM_MC02_Gyro_3m.elf.dir/vendor/dm_motor/dm_motor_protocol.c.obj
                0x08003a38                dm_pack_velocity
 .text.SystemInit
                0x08003a50       0xb0 CMakeFiles/DM_MC02_Gyro_3m.elf.dir/vendor/stm32/system_stm32h7xx.c.obj
                0x08003a50                SystemInit
 .text.HAL_InitTick
                0x08003b00       0x54 CMakeFiles/DM_MC02_Gyro_3m.elf.dir/vendor/stm32/Drivers/STM32H7xx_HAL_Driver/Src/stm32h7xx_hal.c.obj
                0x08003b00                HAL_InitTick
 .text.HAL_Init
                0x08003b54       0x60 CMakeFiles/DM_MC02_Gyro_3m.elf.dir/vendor/stm32/Drivers/STM32H7xx_HAL_Driver/Src/stm32h7xx_hal.c.obj
                0x08003b54                HAL_Init
 .text.HAL_IncTick
                0x08003bb4       0x18 CMakeFiles/DM_MC02_Gyro_3m.elf.dir/vendor/stm32/Drivers/STM32H7xx_HAL_Driver/Src/stm32h7xx_hal.c.obj
                0x08003bb4                HAL_IncTick
 .text.HAL_GetTick
                0x08003bcc        0xc CMakeFiles/DM_MC02_Gyro_3m.elf.dir/vendor/stm32/Drivers/STM32H7xx_HAL_Driver/Src/stm32h7xx_hal.c.obj
                0x08003bcc                HAL_GetTick
 .text.HAL_Delay
                0x08003bd8       0x24 CMakeFiles/DM_MC02_Gyro_3m.elf.dir/vendor/stm32/Drivers/STM32H7xx_HAL_Driver/Src/stm32h7xx_hal.c.obj
                0x08003bd8                HAL_Delay
 .text.HAL_NVIC_SetPriorityGrouping
                0x08003bfc       0x24 CMakeFiles/DM_MC02_Gyro_3m.elf.dir/vendor/stm32/Drivers/STM32H7xx_HAL_Driver/Src/stm32h7xx_hal_cortex.c.obj
                0x08003bfc                HAL_NVIC_SetPriorityGrouping
 .text.HAL_NVIC_SetPriority
                0x08003c20       0x60 CMakeFiles/DM_MC02_Gyro_3m.elf.dir/vendor/stm32/Drivers/STM32H7xx_HAL_Driver/Src/stm32h7xx_hal_cortex.c.obj
                0x08003c20                HAL_NVIC_SetPriority
 .text.HAL_NVIC_EnableIRQ
                0x08003c80       0x1c CMakeFiles/DM_MC02_Gyro_3m.elf.dir/vendor/stm32/Drivers/STM32H7xx_HAL_Driver/Src/stm32h7xx_hal_cortex.c.obj
                0x08003c80                HAL_NVIC_EnableIRQ
 .text.HAL_SYSTICK_Config
                0x08003c9c       0x2c CMakeFiles/DM_MC02_Gyro_3m.elf.dir/vendor/stm32/Drivers/STM32H7xx_HAL_Driver/Src/stm32h7xx_hal_cortex.c.obj
                0x08003c9c                HAL_SYSTICK_Config
 .text.FDCAN_CopyMessageToRAM
                0x08003cc8       0x84 CMakeFiles/DM_MC02_Gyro_3m.elf.dir/vendor/stm32/Drivers/STM32H7xx_HAL_Driver/Src/stm32h7xx_hal_fdcan.c.obj
 .text.HAL_FDCAN_Init
                0x08003d4c      0x3ec CMakeFiles/DM_MC02_Gyro_3m.elf.dir/vendor/stm32/Drivers/STM32H7xx_HAL_Driver/Src/stm32h7xx_hal_fdcan.c.obj
                0x08003d4c                HAL_FDCAN_Init
 .text.HAL_FDCAN_ConfigGlobalFilter
                0x08004138       0x34 CMakeFiles/DM_MC02_Gyro_3m.elf.dir/vendor/stm32/Drivers/STM32H7xx_HAL_Driver/Src/stm32h7xx_hal_fdcan.c.obj
                0x08004138                HAL_FDCAN_ConfigGlobalFilter
 .text.HAL_FDCAN_Start
                0x0800416c       0x3c CMakeFiles/DM_MC02_Gyro_3m.elf.dir/vendor/stm32/Drivers/STM32H7xx_HAL_Driver/Src/stm32h7xx_hal_fdcan.c.obj
                0x0800416c                HAL_FDCAN_Start
 .text.HAL_FDCAN_AddMessageToTxFifoQ
                0x080041a8       0x7c CMakeFiles/DM_MC02_Gyro_3m.elf.dir/vendor/stm32/Drivers/STM32H7xx_HAL_Driver/Src/stm32h7xx_hal_fdcan.c.obj
                0x080041a8                HAL_FDCAN_AddMessageToTxFifoQ
 .text.HAL_FDCAN_GetLatestTxFifoQRequestBuffer
                0x08004224        0x8 CMakeFiles/DM_MC02_Gyro_3m.elf.dir/vendor/stm32/Drivers/STM32H7xx_HAL_Driver/Src/stm32h7xx_hal_fdcan.c.obj
                0x08004224                HAL_FDCAN_GetLatestTxFifoQRequestBuffer
 .text.HAL_FDCAN_AbortTxRequest
                0x0800422c       0x24 CMakeFiles/DM_MC02_Gyro_3m.elf.dir/vendor/stm32/Drivers/STM32H7xx_HAL_Driver/Src/stm32h7xx_hal_fdcan.c.obj
                0x0800422c                HAL_FDCAN_AbortTxRequest
 .text.HAL_FDCAN_GetRxMessage
                0x08004250      0x180 CMakeFiles/DM_MC02_Gyro_3m.elf.dir/vendor/stm32/Drivers/STM32H7xx_HAL_Driver/Src/stm32h7xx_hal_fdcan.c.obj
                0x08004250                HAL_FDCAN_GetRxMessage
 .text.HAL_FDCAN_GetProtocolStatus
                0x080043d0       0x4c CMakeFiles/DM_MC02_Gyro_3m.elf.dir/vendor/stm32/Drivers/STM32H7xx_HAL_Driver/Src/stm32h7xx_hal_fdcan.c.obj
                0x080043d0                HAL_FDCAN_GetProtocolStatus
 .text.HAL_FDCAN_GetRxFifoFillLevel
                0x0800441c       0x1c CMakeFiles/DM_MC02_Gyro_3m.elf.dir/vendor/stm32/Drivers/STM32H7xx_HAL_Driver/Src/stm32h7xx_hal_fdcan.c.obj
                0x0800441c                HAL_FDCAN_GetRxFifoFillLevel
 .text.HAL_FDCAN_GetTxFifoFreeLevel
                0x08004438        0xc CMakeFiles/DM_MC02_Gyro_3m.elf.dir/vendor/stm32/Drivers/STM32H7xx_HAL_Driver/Src/stm32h7xx_hal_fdcan.c.obj
                0x08004438                HAL_FDCAN_GetTxFifoFreeLevel
 .text.HAL_FLASH_Unlock
                0x08004444       0x28 CMakeFiles/DM_MC02_Gyro_3m.elf.dir/vendor/stm32/Drivers/STM32H7xx_HAL_Driver/Src/stm32h7xx_hal_flash.c.obj
                0x08004444                HAL_FLASH_Unlock
 .text.HAL_FLASH_Lock
                0x0800446c       0x18 CMakeFiles/DM_MC02_Gyro_3m.elf.dir/vendor/stm32/Drivers/STM32H7xx_HAL_Driver/Src/stm32h7xx_hal_flash.c.obj
                0x0800446c                HAL_FLASH_Lock
 .text.FLASH_WaitForLastOperation
                0x08004484       0x74 CMakeFiles/DM_MC02_Gyro_3m.elf.dir/vendor/stm32/Drivers/STM32H7xx_HAL_Driver/Src/stm32h7xx_hal_flash.c.obj
                0x08004484                FLASH_WaitForLastOperation
 .text.HAL_FLASH_Program
                0x080044f8       0x84 CMakeFiles/DM_MC02_Gyro_3m.elf.dir/vendor/stm32/Drivers/STM32H7xx_HAL_Driver/Src/stm32h7xx_hal_flash.c.obj
                0x080044f8                HAL_FLASH_Program
 .text.HAL_FLASHEx_Erase
                0x0800457c      0x100 CMakeFiles/DM_MC02_Gyro_3m.elf.dir/vendor/stm32/Drivers/STM32H7xx_HAL_Driver/Src/stm32h7xx_hal_flash_ex.c.obj
                0x0800457c                HAL_FLASHEx_Erase
 .text.HAL_GPIO_Init
                0x0800467c      0x26c CMakeFiles/DM_MC02_Gyro_3m.elf.dir/vendor/stm32/Drivers/STM32H7xx_HAL_Driver/Src/stm32h7xx_hal_gpio.c.obj
                0x0800467c                HAL_GPIO_Init
 .text.HAL_GPIO_WritePin
                0x080048e8        0x8 CMakeFiles/DM_MC02_Gyro_3m.elf.dir/vendor/stm32/Drivers/STM32H7xx_HAL_Driver/Src/stm32h7xx_hal_gpio.c.obj
                0x080048e8                HAL_GPIO_WritePin
 .text.HAL_PWREx_ConfigSupply
                0x080048f0       0x48 CMakeFiles/DM_MC02_Gyro_3m.elf.dir/vendor/stm32/Drivers/STM32H7xx_HAL_Driver/Src/stm32h7xx_hal_pwr_ex.c.obj
                0x080048f0                HAL_PWREx_ConfigSupply
 .text.HAL_PWREx_EnableUSBVoltageDetector
                0x08004938       0x10 CMakeFiles/DM_MC02_Gyro_3m.elf.dir/vendor/stm32/Drivers/STM32H7xx_HAL_Driver/Src/stm32h7xx_hal_pwr_ex.c.obj
                0x08004938                HAL_PWREx_EnableUSBVoltageDetector
 .text.HAL_PCD_Init
                0x08004948      0x130 CMakeFiles/DM_MC02_Gyro_3m.elf.dir/vendor/stm32/Drivers/STM32H7xx_HAL_Driver/Src/stm32h7xx_hal_pcd.c.obj
                0x08004948                HAL_PCD_Init
 .text.HAL_PCD_Start
                0x08004a78       0x44 CMakeFiles/DM_MC02_Gyro_3m.elf.dir/vendor/stm32/Drivers/STM32H7xx_HAL_Driver/Src/stm32h7xx_hal_pcd.c.obj
                0x08004a78                HAL_PCD_Start
 .text.HAL_PCD_IRQHandler
                0x08004abc      0x7e8 CMakeFiles/DM_MC02_Gyro_3m.elf.dir/vendor/stm32/Drivers/STM32H7xx_HAL_Driver/Src/stm32h7xx_hal_pcd.c.obj
                0x08004abc                HAL_PCD_IRQHandler
 .text.HAL_PCD_DevDisconnect
                0x080052a4       0x58 CMakeFiles/DM_MC02_Gyro_3m.elf.dir/vendor/stm32/Drivers/STM32H7xx_HAL_Driver/Src/stm32h7xx_hal_pcd.c.obj
                0x080052a4                HAL_PCD_DevDisconnect
 .text.HAL_PCD_SetAddress
                0x080052fc       0x34 CMakeFiles/DM_MC02_Gyro_3m.elf.dir/vendor/stm32/Drivers/STM32H7xx_HAL_Driver/Src/stm32h7xx_hal_pcd.c.obj
                0x080052fc                HAL_PCD_SetAddress
 .text.HAL_PCD_EP_Open
                0x08005330       0x7c CMakeFiles/DM_MC02_Gyro_3m.elf.dir/vendor/stm32/Drivers/STM32H7xx_HAL_Driver/Src/stm32h7xx_hal_pcd.c.obj
                0x08005330                HAL_PCD_EP_Open
 .text.HAL_PCD_EP_Close
                0x080053ac       0x6c CMakeFiles/DM_MC02_Gyro_3m.elf.dir/vendor/stm32/Drivers/STM32H7xx_HAL_Driver/Src/stm32h7xx_hal_pcd.c.obj
                0x080053ac                HAL_PCD_EP_Close
 .text.HAL_PCD_EP_Receive
                0x08005418       0x48 CMakeFiles/DM_MC02_Gyro_3m.elf.dir/vendor/stm32/Drivers/STM32H7xx_HAL_Driver/Src/stm32h7xx_hal_pcd.c.obj
                0x08005418                HAL_PCD_EP_Receive
 .text.HAL_PCD_EP_GetRxCount
                0x08005460       0x14 CMakeFiles/DM_MC02_Gyro_3m.elf.dir/vendor/stm32/Drivers/STM32H7xx_HAL_Driver/Src/stm32h7xx_hal_pcd.c.obj
                0x08005460                HAL_PCD_EP_GetRxCount
 .text.HAL_PCD_EP_Transmit
                0x08005474       0x44 CMakeFiles/DM_MC02_Gyro_3m.elf.dir/vendor/stm32/Drivers/STM32H7xx_HAL_Driver/Src/stm32h7xx_hal_pcd.c.obj
                0x08005474                HAL_PCD_EP_Transmit
 .text.HAL_PCD_EP_SetStall
                0x080054b8       0x98 CMakeFiles/DM_MC02_Gyro_3m.elf.dir/vendor/stm32/Drivers/STM32H7xx_HAL_Driver/Src/stm32h7xx_hal_pcd.c.obj
                0x080054b8                HAL_PCD_EP_SetStall
 .text.HAL_PCD_EP_ClrStall
                0x08005550       0x78 CMakeFiles/DM_MC02_Gyro_3m.elf.dir/vendor/stm32/Drivers/STM32H7xx_HAL_Driver/Src/stm32h7xx_hal_pcd.c.obj
                0x08005550                HAL_PCD_EP_ClrStall
 .text.HAL_PCDEx_SetTxFiFo
                0x080055c8       0x4c CMakeFiles/DM_MC02_Gyro_3m.elf.dir/vendor/stm32/Drivers/STM32H7xx_HAL_Driver/Src/stm32h7xx_hal_pcd_ex.c.obj
                0x080055c8                HAL_PCDEx_SetTxFiFo
 .text.HAL_PCDEx_SetRxFiFo
                0x08005614        0xc CMakeFiles/DM_MC02_Gyro_3m.elf.dir/vendor/stm32/Drivers/STM32H7xx_HAL_Driver/Src/stm32h7xx_hal_pcd_ex.c.obj
                0x08005614                HAL_PCDEx_SetRxFiFo
 .text.HAL_PCDEx_ActivateLPM
                0x08005620       0x28 CMakeFiles/DM_MC02_Gyro_3m.elf.dir/vendor/stm32/Drivers/STM32H7xx_HAL_Driver/Src/stm32h7xx_hal_pcd_ex.c.obj
                0x08005620                HAL_PCDEx_ActivateLPM
 .text.HAL_PCDEx_LPM_Callback
                0x08005648        0x4 CMakeFiles/DM_MC02_Gyro_3m.elf.dir/vendor/stm32/Drivers/STM32H7xx_HAL_Driver/Src/stm32h7xx_hal_pcd_ex.c.obj
                0x08005648                HAL_PCDEx_LPM_Callback
 .text.HAL_RCC_GetSysClockFreq.part.0
                0x0800564c       0xe8 CMakeFiles/DM_MC02_Gyro_3m.elf.dir/vendor/stm32/Drivers/STM32H7xx_HAL_Driver/Src/stm32h7xx_hal_rcc.c.obj
 .text.HAL_RCC_OscConfig
                0x08005734      0x554 CMakeFiles/DM_MC02_Gyro_3m.elf.dir/vendor/stm32/Drivers/STM32H7xx_HAL_Driver/Src/stm32h7xx_hal_rcc.c.obj
                0x08005734                HAL_RCC_OscConfig
 .text.HAL_RCC_GetSysClockFreq
                0x08005c88       0x44 CMakeFiles/DM_MC02_Gyro_3m.elf.dir/vendor/stm32/Drivers/STM32H7xx_HAL_Driver/Src/stm32h7xx_hal_rcc.c.obj
                0x08005c88                HAL_RCC_GetSysClockFreq
 .text.HAL_RCC_ClockConfig
                0x08005ccc      0x248 CMakeFiles/DM_MC02_Gyro_3m.elf.dir/vendor/stm32/Drivers/STM32H7xx_HAL_Driver/Src/stm32h7xx_hal_rcc.c.obj
                0x08005ccc                HAL_RCC_ClockConfig
 .text.HAL_RCC_GetHCLKFreq
                0x08005f14       0x8c CMakeFiles/DM_MC02_Gyro_3m.elf.dir/vendor/stm32/Drivers/STM32H7xx_HAL_Driver/Src/stm32h7xx_hal_rcc.c.obj
                0x08005f14                HAL_RCC_GetHCLKFreq
 .text.HAL_RCC_GetPCLK1Freq
                0x08005fa0       0x24 CMakeFiles/DM_MC02_Gyro_3m.elf.dir/vendor/stm32/Drivers/STM32H7xx_HAL_Driver/Src/stm32h7xx_hal_rcc.c.obj
                0x08005fa0                HAL_RCC_GetPCLK1Freq
 .text.HAL_RCC_GetPCLK2Freq
                0x08005fc4       0x24 CMakeFiles/DM_MC02_Gyro_3m.elf.dir/vendor/stm32/Drivers/STM32H7xx_HAL_Driver/Src/stm32h7xx_hal_rcc.c.obj
                0x08005fc4                HAL_RCC_GetPCLK2Freq
 .text.RCCEx_PLL2_Config.part.0
                0x08005fe8       0xe0 CMakeFiles/DM_MC02_Gyro_3m.elf.dir/vendor/stm32/Drivers/STM32H7xx_HAL_Driver/Src/stm32h7xx_hal_rcc_ex.c.obj
 .text.RCCEx_PLL3_Config.part.0
                0x080060c8       0xe0 CMakeFiles/DM_MC02_Gyro_3m.elf.dir/vendor/stm32/Drivers/STM32H7xx_HAL_Driver/Src/stm32h7xx_hal_rcc_ex.c.obj
 .text.HAL_RCCEx_PeriphCLKConfig
                0x080061a8      0xdfc CMakeFiles/DM_MC02_Gyro_3m.elf.dir/vendor/stm32/Drivers/STM32H7xx_HAL_Driver/Src/stm32h7xx_hal_rcc_ex.c.obj
                0x080061a8                HAL_RCCEx_PeriphCLKConfig
 .text.HAL_RCCEx_GetD3PCLK1Freq
                0x08006fa4       0x24 CMakeFiles/DM_MC02_Gyro_3m.elf.dir/vendor/stm32/Drivers/STM32H7xx_HAL_Driver/Src/stm32h7xx_hal_rcc_ex.c.obj
                0x08006fa4                HAL_RCCEx_GetD3PCLK1Freq
 .text.HAL_RCCEx_GetPLL2ClockFreq
                0x08006fc8      0x138 CMakeFiles/DM_MC02_Gyro_3m.elf.dir/vendor/stm32/Drivers/STM32H7xx_HAL_Driver/Src/stm32h7xx_hal_rcc_ex.c.obj
                0x08006fc8                HAL_RCCEx_GetPLL2ClockFreq
 .text.HAL_RCCEx_GetPLL3ClockFreq
                0x08007100      0x138 CMakeFiles/DM_MC02_Gyro_3m.elf.dir/vendor/stm32/Drivers/STM32H7xx_HAL_Driver/Src/stm32h7xx_hal_rcc_ex.c.obj
                0x08007100                HAL_RCCEx_GetPLL3ClockFreq
 .text.SPI_CloseTransfer
                0x08007238       0xc0 CMakeFiles/DM_MC02_Gyro_3m.elf.dir/vendor/stm32/Drivers/STM32H7xx_HAL_Driver/Src/stm32h7xx_hal_spi.c.obj
 .text.HAL_SPI_Init
                0x080072f8      0x1b0 CMakeFiles/DM_MC02_Gyro_3m.elf.dir/vendor/stm32/Drivers/STM32H7xx_HAL_Driver/Src/stm32h7xx_hal_spi.c.obj
                0x080072f8                HAL_SPI_Init
 .text.HAL_SPI_TransmitReceive
                0x080074a8      0x288 CMakeFiles/DM_MC02_Gyro_3m.elf.dir/vendor/stm32/Drivers/STM32H7xx_HAL_Driver/Src/stm32h7xx_hal_spi.c.obj
                0x080074a8                HAL_SPI_TransmitReceive
 .text.TIM_OC1_SetConfig
                0x08007730       0x84 CMakeFiles/DM_MC02_Gyro_3m.elf.dir/vendor/stm32/Drivers/STM32H7xx_HAL_Driver/Src/stm32h7xx_hal_tim.c.obj
 .text.TIM_OC3_SetConfig
                0x080077b4       0x88 CMakeFiles/DM_MC02_Gyro_3m.elf.dir/vendor/stm32/Drivers/STM32H7xx_HAL_Driver/Src/stm32h7xx_hal_tim.c.obj
 .text.TIM_OC4_SetConfig
                0x0800783c       0x7c CMakeFiles/DM_MC02_Gyro_3m.elf.dir/vendor/stm32/Drivers/STM32H7xx_HAL_Driver/Src/stm32h7xx_hal_tim.c.obj
 .text.TIM_OC5_SetConfig
                0x080078b8       0x7c CMakeFiles/DM_MC02_Gyro_3m.elf.dir/vendor/stm32/Drivers/STM32H7xx_HAL_Driver/Src/stm32h7xx_hal_tim.c.obj
 .text.TIM_OC6_SetConfig
                0x08007934       0x7c CMakeFiles/DM_MC02_Gyro_3m.elf.dir/vendor/stm32/Drivers/STM32H7xx_HAL_Driver/Src/stm32h7xx_hal_tim.c.obj
 .text.HAL_TIM_OC_Start
                0x080079b0      0x164 CMakeFiles/DM_MC02_Gyro_3m.elf.dir/vendor/stm32/Drivers/STM32H7xx_HAL_Driver/Src/stm32h7xx_hal_tim.c.obj
                0x080079b0                HAL_TIM_OC_Start
 .text.HAL_TIM_PWM_MspInit
                0x08007b14        0x4 CMakeFiles/DM_MC02_Gyro_3m.elf.dir/vendor/stm32/Drivers/STM32H7xx_HAL_Driver/Src/stm32h7xx_hal_tim.c.obj
                0x08007b14                HAL_TIM_PWM_MspInit
 .text.HAL_TIM_PWM_Start
                0x08007b18        0x4 CMakeFiles/DM_MC02_Gyro_3m.elf.dir/vendor/stm32/Drivers/STM32H7xx_HAL_Driver/Src/stm32h7xx_hal_tim.c.obj
                0x08007b18                HAL_TIM_PWM_Start
 .text.TIM_Base_SetConfig
                0x08007b1c      0x100 CMakeFiles/DM_MC02_Gyro_3m.elf.dir/vendor/stm32/Drivers/STM32H7xx_HAL_Driver/Src/stm32h7xx_hal_tim.c.obj
                0x08007b1c                TIM_Base_SetConfig
 .text.HAL_TIM_PWM_Init
                0x08007c1c       0x64 CMakeFiles/DM_MC02_Gyro_3m.elf.dir/vendor/stm32/Drivers/STM32H7xx_HAL_Driver/Src/stm32h7xx_hal_tim.c.obj
                0x08007c1c                HAL_TIM_PWM_Init
 .text.TIM_OC2_SetConfig
                0x08007c80       0x8c CMakeFiles/DM_MC02_Gyro_3m.elf.dir/vendor/stm32/Drivers/STM32H7xx_HAL_Driver/Src/stm32h7xx_hal_tim.c.obj
                0x08007c80                TIM_OC2_SetConfig
 .text.HAL_TIM_PWM_ConfigChannel
                0x08007d0c      0x140 CMakeFiles/DM_MC02_Gyro_3m.elf.dir/vendor/stm32/Drivers/STM32H7xx_HAL_Driver/Src/stm32h7xx_hal_tim.c.obj
                0x08007d0c                HAL_TIM_PWM_ConfigChannel
 .text.HAL_TIMEx_MasterConfigSynchronization
                0x08007e4c       0xd4 CMakeFiles/DM_MC02_Gyro_3m.elf.dir/vendor/stm32/Drivers/STM32H7xx_HAL_Driver/Src/stm32h7xx_hal_tim_ex.c.obj
                0x08007e4c                HAL_TIMEx_MasterConfigSynchronization
 .text.UART_EndRxTransfer
                0x08007f20       0x70 CMakeFiles/DM_MC02_Gyro_3m.elf.dir/vendor/stm32/Drivers/STM32H7xx_HAL_Driver/Src/stm32h7xx_hal_uart.c.obj
 .text.UART_SetConfig
                0x08007f90      0x39c CMakeFiles/DM_MC02_Gyro_3m.elf.dir/vendor/stm32/Drivers/STM32H7xx_HAL_Driver/Src/stm32h7xx_hal_uart.c.obj
                0x08007f90                UART_SetConfig
 .text.UART_AdvFeatureConfig
                0x0800832c       0xb0 CMakeFiles/DM_MC02_Gyro_3m.elf.dir/vendor/stm32/Drivers/STM32H7xx_HAL_Driver/Src/stm32h7xx_hal_uart.c.obj
                0x0800832c                UART_AdvFeatureConfig
 .text.UART_WaitOnFlagUntilTimeout
                0x080083dc       0xb8 CMakeFiles/DM_MC02_Gyro_3m.elf.dir/vendor/stm32/Drivers/STM32H7xx_HAL_Driver/Src/stm32h7xx_hal_uart.c.obj
                0x080083dc                UART_WaitOnFlagUntilTimeout
 .text.HAL_UART_Transmit
                0x08008494       0xd8 CMakeFiles/DM_MC02_Gyro_3m.elf.dir/vendor/stm32/Drivers/STM32H7xx_HAL_Driver/Src/stm32h7xx_hal_uart.c.obj
                0x08008494                HAL_UART_Transmit
 .text.UART_CheckIdleState
                0x0800856c       0xc0 CMakeFiles/DM_MC02_Gyro_3m.elf.dir/vendor/stm32/Drivers/STM32H7xx_HAL_Driver/Src/stm32h7xx_hal_uart.c.obj
                0x0800856c                UART_CheckIdleState
 .text.HAL_UART_Init
                0x0800862c       0x68 CMakeFiles/DM_MC02_Gyro_3m.elf.dir/vendor/stm32/Drivers/STM32H7xx_HAL_Driver/Src/stm32h7xx_hal_uart.c.obj
                0x0800862c                HAL_UART_Init
 .text.UARTEx_SetNbDataToProcess.part.0
                0x08008694       0x44 CMakeFiles/DM_MC02_Gyro_3m.elf.dir/vendor/stm32/Drivers/STM32H7xx_HAL_Driver/Src/stm32h7xx_hal_uart_ex.c.obj
 .text.HAL_UARTEx_DisableFifoMode
                0x080086d8       0x40 CMakeFiles/DM_MC02_Gyro_3m.elf.dir/vendor/stm32/Drivers/STM32H7xx_HAL_Driver/Src/stm32h7xx_hal_uart_ex.c.obj
                0x080086d8                HAL_UARTEx_DisableFifoMode
 .text.HAL_UARTEx_SetTxFifoThreshold
                0x08008718       0x64 CMakeFiles/DM_MC02_Gyro_3m.elf.dir/vendor/stm32/Drivers/STM32H7xx_HAL_Driver/Src/stm32h7xx_hal_uart_ex.c.obj
                0x08008718                HAL_UARTEx_SetTxFifoThreshold
 .text.HAL_UARTEx_SetRxFifoThreshold
                0x0800877c       0x64 CMakeFiles/DM_MC02_Gyro_3m.elf.dir/vendor/stm32/Drivers/STM32H7xx_HAL_Driver/Src/stm32h7xx_hal_uart_ex.c.obj
                0x0800877c                HAL_UARTEx_SetRxFifoThreshold
 .text.USB_CoreReset
                0x080087e0       0x54 CMakeFiles/DM_MC02_Gyro_3m.elf.dir/vendor/stm32/Drivers/STM32H7xx_HAL_Driver/Src/stm32h7xx_ll_usb.c.obj
 .text.USB_CoreInit
                0x08008834       0x9c CMakeFiles/DM_MC02_Gyro_3m.elf.dir/vendor/stm32/Drivers/STM32H7xx_HAL_Driver/Src/stm32h7xx_ll_usb.c.obj
                0x08008834                USB_CoreInit
 .text.USB_SetTurnaroundTime
                0x080088d0       0xf4 CMakeFiles/DM_MC02_Gyro_3m.elf.dir/vendor/stm32/Drivers/STM32H7xx_HAL_Driver/Src/stm32h7xx_ll_usb.c.obj
                0x080088d0                USB_SetTurnaroundTime
 .text.USB_EnableGlobalInt
                0x080089c4       0x10 CMakeFiles/DM_MC02_Gyro_3m.elf.dir/vendor/stm32/Drivers/STM32H7xx_HAL_Driver/Src/stm32h7xx_ll_usb.c.obj
                0x080089c4                USB_EnableGlobalInt
 .text.USB_DisableGlobalInt
                0x080089d4       0x10 CMakeFiles/DM_MC02_Gyro_3m.elf.dir/vendor/stm32/Drivers/STM32H7xx_HAL_Driver/Src/stm32h7xx_ll_usb.c.obj
                0x080089d4                USB_DisableGlobalInt
 .text.USB_SetCurrentMode
                0x080089e4       0x6c CMakeFiles/DM_MC02_Gyro_3m.elf.dir/vendor/stm32/Drivers/STM32H7xx_HAL_Driver/Src/stm32h7xx_ll_usb.c.obj
                0x080089e4                USB_SetCurrentMode
 .text.USB_FlushTxFifo
                0x08008a50       0x54 CMakeFiles/DM_MC02_Gyro_3m.elf.dir/vendor/stm32/Drivers/STM32H7xx_HAL_Driver/Src/stm32h7xx_ll_usb.c.obj
                0x08008a50                USB_FlushTxFifo
 .text.USB_FlushRxFifo
                0x08008aa4       0x50 CMakeFiles/DM_MC02_Gyro_3m.elf.dir/vendor/stm32/Drivers/STM32H7xx_HAL_Driver/Src/stm32h7xx_ll_usb.c.obj
                0x08008aa4                USB_FlushRxFifo
 .text.USB_DevInit
                0x08008af4      0x1ac CMakeFiles/DM_MC02_Gyro_3m.elf.dir/vendor/stm32/Drivers/STM32H7xx_HAL_Driver/Src/stm32h7xx_ll_usb.c.obj
                0x08008af4                USB_DevInit
 .text.USB_GetDevSpeed
                0x08008ca0       0x18 CMakeFiles/DM_MC02_Gyro_3m.elf.dir/vendor/stm32/Drivers/STM32H7xx_HAL_Driver/Src/stm32h7xx_ll_usb.c.obj
                0x08008ca0                USB_GetDevSpeed
 .text.USB_ActivateEndpoint
                0x08008cb8       0x94 CMakeFiles/DM_MC02_Gyro_3m.elf.dir/vendor/stm32/Drivers/STM32H7xx_HAL_Driver/Src/stm32h7xx_ll_usb.c.obj
                0x08008cb8                USB_ActivateEndpoint
 .text.USB_DeactivateEndpoint
                0x08008d4c       0xbc CMakeFiles/DM_MC02_Gyro_3m.elf.dir/vendor/stm32/Drivers/STM32H7xx_HAL_Driver/Src/stm32h7xx_ll_usb.c.obj
                0x08008d4c                USB_DeactivateEndpoint
 .text.USB_EPStartXfer
                0x08008e08      0x228 CMakeFiles/DM_MC02_Gyro_3m.elf.dir/vendor/stm32/Drivers/STM32H7xx_HAL_Driver/Src/stm32h7xx_ll_usb.c.obj
                0x08008e08                USB_EPStartXfer
 .text.USB_EPStopXfer
                0x08009030       0x9c CMakeFiles/DM_MC02_Gyro_3m.elf.dir/vendor/stm32/Drivers/STM32H7xx_HAL_Driver/Src/stm32h7xx_ll_usb.c.obj
                0x08009030                USB_EPStopXfer
 .text.USB_WritePacket
                0x080090cc       0x28 CMakeFiles/DM_MC02_Gyro_3m.elf.dir/vendor/stm32/Drivers/STM32H7xx_HAL_Driver/Src/stm32h7xx_ll_usb.c.obj
                0x080090cc                USB_WritePacket
 .text.USB_ReadPacket
                0x080090f4       0x4c CMakeFiles/DM_MC02_Gyro_3m.elf.dir/vendor/stm32/Drivers/STM32H7xx_HAL_Driver/Src/stm32h7xx_ll_usb.c.obj
                0x080090f4                USB_ReadPacket
 .text.USB_EPSetStall
                0x08009140       0x68 CMakeFiles/DM_MC02_Gyro_3m.elf.dir/vendor/stm32/Drivers/STM32H7xx_HAL_Driver/Src/stm32h7xx_ll_usb.c.obj
                0x08009140                USB_EPSetStall
 .text.USB_EPClearStall
                0x080091a8       0x58 CMakeFiles/DM_MC02_Gyro_3m.elf.dir/vendor/stm32/Drivers/STM32H7xx_HAL_Driver/Src/stm32h7xx_ll_usb.c.obj
                0x080091a8                USB_EPClearStall
 .text.USB_SetDevAddress
                0x08009200       0x24 CMakeFiles/DM_MC02_Gyro_3m.elf.dir/vendor/stm32/Drivers/STM32H7xx_HAL_Driver/Src/stm32h7xx_ll_usb.c.obj
                0x08009200                USB_SetDevAddress
 .text.USB_DevConnect
                0x08009224       0x20 CMakeFiles/DM_MC02_Gyro_3m.elf.dir/vendor/stm32/Drivers/STM32H7xx_HAL_Driver/Src/stm32h7xx_ll_usb.c.obj
                0x08009224                USB_DevConnect
 .text.USB_DevDisconnect
                0x08009244       0x20 CMakeFiles/DM_MC02_Gyro_3m.elf.dir/vendor/stm32/Drivers/STM32H7xx_HAL_Driver/Src/stm32h7xx_ll_usb.c.obj
                0x08009244                USB_DevDisconnect
 .text.USB_ReadInterrupts
                0x08009264        0x8 CMakeFiles/DM_MC02_Gyro_3m.elf.dir/vendor/stm32/Drivers/STM32H7xx_HAL_Driver/Src/stm32h7xx_ll_usb.c.obj
                0x08009264                USB_ReadInterrupts
 .text.USB_ReadDevAllOutEpInterrupt
                0x0800926c       0x10 CMakeFiles/DM_MC02_Gyro_3m.elf.dir/vendor/stm32/Drivers/STM32H7xx_HAL_Driver/Src/stm32h7xx_ll_usb.c.obj
                0x0800926c                USB_ReadDevAllOutEpInterrupt
 .text.USB_ReadDevAllInEpInterrupt
                0x0800927c       0x10 CMakeFiles/DM_MC02_Gyro_3m.elf.dir/vendor/stm32/Drivers/STM32H7xx_HAL_Driver/Src/stm32h7xx_ll_usb.c.obj
                0x0800927c                USB_ReadDevAllInEpInterrupt
 .text.USB_ReadDevOutEPInterrupt
                0x0800928c       0x10 CMakeFiles/DM_MC02_Gyro_3m.elf.dir/vendor/stm32/Drivers/STM32H7xx_HAL_Driver/Src/stm32h7xx_ll_usb.c.obj
                0x0800928c                USB_ReadDevOutEPInterrupt
 .text.USB_ReadDevInEPInterrupt
                0x0800929c       0x20 CMakeFiles/DM_MC02_Gyro_3m.elf.dir/vendor/stm32/Drivers/STM32H7xx_HAL_Driver/Src/stm32h7xx_ll_usb.c.obj
                0x0800929c                USB_ReadDevInEPInterrupt
 .text.USB_GetMode
                0x080092bc        0x8 CMakeFiles/DM_MC02_Gyro_3m.elf.dir/vendor/stm32/Drivers/STM32H7xx_HAL_Driver/Src/stm32h7xx_ll_usb.c.obj
                0x080092bc                USB_GetMode
 .text.USB_ActivateSetup
                0x080092c4       0x20 CMakeFiles/DM_MC02_Gyro_3m.elf.dir/vendor/stm32/Drivers/STM32H7xx_HAL_Driver/Src/stm32h7xx_ll_usb.c.obj
                0x080092c4                USB_ActivateSetup
 .text.USB_EP0_OutStart
                0x080092e4       0x54 CMakeFiles/DM_MC02_Gyro_3m.elf.dir/vendor/stm32/Drivers/STM32H7xx_HAL_Driver/Src/stm32h7xx_ll_usb.c.obj
                0x080092e4                USB_EP0_OutStart
 .text.USBD_Init
                0x08009338       0x28 CMakeFiles/DM_MC02_Gyro_3m.elf.dir/vendor/stm32/Middlewares/ST/STM32_USB_Device_Library/Core/Src/usbd_core.c.obj
                0x08009338                USBD_Init
 .text.USBD_RegisterClass
                0x08009360       0x3c CMakeFiles/DM_MC02_Gyro_3m.elf.dir/vendor/stm32/Middlewares/ST/STM32_USB_Device_Library/Core/Src/usbd_core.c.obj
                0x08009360                USBD_RegisterClass
 .text.USBD_Start
                0x0800939c        0x4 CMakeFiles/DM_MC02_Gyro_3m.elf.dir/vendor/stm32/Middlewares/ST/STM32_USB_Device_Library/Core/Src/usbd_core.c.obj
                0x0800939c                USBD_Start
 .text.USBD_SetClassConfig
                0x080093a0       0x10 CMakeFiles/DM_MC02_Gyro_3m.elf.dir/vendor/stm32/Middlewares/ST/STM32_USB_Device_Library/Core/Src/usbd_core.c.obj
                0x080093a0                USBD_SetClassConfig
 .text.USBD_ClrClassConfig
                0x080093b0       0x14 CMakeFiles/DM_MC02_Gyro_3m.elf.dir/vendor/stm32/Middlewares/ST/STM32_USB_Device_Library/Core/Src/usbd_core.c.obj
                0x080093b0                USBD_ClrClassConfig
 .text.USBD_LL_SetupStage
                0x080093c4       0x6c CMakeFiles/DM_MC02_Gyro_3m.elf.dir/vendor/stm32/Middlewares/ST/STM32_USB_Device_Library/Core/Src/usbd_core.c.obj
                0x080093c4                USBD_LL_SetupStage
 .text.USBD_LL_DataOutStage
                0x08009430       0x7c CMakeFiles/DM_MC02_Gyro_3m.elf.dir/vendor/stm32/Middlewares/ST/STM32_USB_Device_Library/Core/Src/usbd_core.c.obj
                0x08009430                USBD_LL_DataOutStage
 .text.USBD_LL_DataInStage
                0x080094ac       0xcc CMakeFiles/DM_MC02_Gyro_3m.elf.dir/vendor/stm32/Middlewares/ST/STM32_USB_Device_Library/Core/Src/usbd_core.c.obj
                0x080094ac                USBD_LL_DataInStage
 .text.USBD_LL_Reset
                0x08009578       0x5c CMakeFiles/DM_MC02_Gyro_3m.elf.dir/vendor/stm32/Middlewares/ST/STM32_USB_Device_Library/Core/Src/usbd_core.c.obj
                0x08009578                USBD_LL_Reset
 .text.USBD_LL_SetSpeed
                0x080095d4        0x8 CMakeFiles/DM_MC02_Gyro_3m.elf.dir/vendor/stm32/Middlewares/ST/STM32_USB_Device_Library/Core/Src/usbd_core.c.obj
                0x080095d4                USBD_LL_SetSpeed
 .text.USBD_LL_Suspend
                0x080095dc       0x1c CMakeFiles/DM_MC02_Gyro_3m.elf.dir/vendor/stm32/Middlewares/ST/STM32_USB_Device_Library/Core/Src/usbd_core.c.obj
                0x080095dc                USBD_LL_Suspend
 .text.USBD_LL_Resume
                0x080095f8       0x14 CMakeFiles/DM_MC02_Gyro_3m.elf.dir/vendor/stm32/Middlewares/ST/STM32_USB_Device_Library/Core/Src/usbd_core.c.obj
                0x080095f8                USBD_LL_Resume
 .text.USBD_LL_SOF
                0x0800960c       0x20 CMakeFiles/DM_MC02_Gyro_3m.elf.dir/vendor/stm32/Middlewares/ST/STM32_USB_Device_Library/Core/Src/usbd_core.c.obj
                0x0800960c                USBD_LL_SOF
 .text.USBD_LL_IsoINIncomplete
                0x0800962c       0x2c CMakeFiles/DM_MC02_Gyro_3m.elf.dir/vendor/stm32/Middlewares/ST/STM32_USB_Device_Library/Core/Src/usbd_core.c.obj
                0x0800962c                USBD_LL_IsoINIncomplete
 .text.USBD_LL_IsoOUTIncomplete
                0x08009658       0x2c CMakeFiles/DM_MC02_Gyro_3m.elf.dir/vendor/stm32/Middlewares/ST/STM32_USB_Device_Library/Core/Src/usbd_core.c.obj
                0x08009658                USBD_LL_IsoOUTIncomplete
 .text.USBD_LL_DevConnected
                0x08009684        0x4 CMakeFiles/DM_MC02_Gyro_3m.elf.dir/vendor/stm32/Middlewares/ST/STM32_USB_Device_Library/Core/Src/usbd_core.c.obj
                0x08009684                USBD_LL_DevConnected
 .text.USBD_LL_DevDisconnected
                0x08009688       0x24 CMakeFiles/DM_MC02_Gyro_3m.elf.dir/vendor/stm32/Middlewares/ST/STM32_USB_Device_Library/Core/Src/usbd_core.c.obj
                0x08009688                USBD_LL_DevDisconnected
 .text.USBD_CoreFindIF
                0x080096ac        0x4 CMakeFiles/DM_MC02_Gyro_3m.elf.dir/vendor/stm32/Middlewares/ST/STM32_USB_Device_Library/Core/Src/usbd_core.c.obj
                0x080096ac                USBD_CoreFindIF
 .text.USBD_CoreFindEP
                0x080096b0        0x4 CMakeFiles/DM_MC02_Gyro_3m.elf.dir/vendor/stm32/Middlewares/ST/STM32_USB_Device_Library/Core/Src/usbd_core.c.obj
                0x080096b0                USBD_CoreFindEP
 .text.USBD_GetEpDesc
                0x080096b4       0x2c CMakeFiles/DM_MC02_Gyro_3m.elf.dir/vendor/stm32/Middlewares/ST/STM32_USB_Device_Library/Core/Src/usbd_core.c.obj
                0x080096b4                USBD_GetEpDesc
 .text.USBD_StdDevReq
                0x080096e0      0x3ac CMakeFiles/DM_MC02_Gyro_3m.elf.dir/vendor/stm32/Middlewares/ST/STM32_USB_Device_Library/Core/Src/usbd_ctlreq.c.obj
                0x080096e0                USBD_StdDevReq
 .text.USBD_StdItfReq
                0x08009a8c       0x8c CMakeFiles/DM_MC02_Gyro_3m.elf.dir/vendor/stm32/Middlewares/ST/STM32_USB_Device_Library/Core/Src/usbd_ctlreq.c.obj
                0x08009a8c                USBD_StdItfReq
 .text.USBD_StdEPReq
                0x08009b18      0x1bc CMakeFiles/DM_MC02_Gyro_3m.elf.dir/vendor/stm32/Middlewares/ST/STM32_USB_Device_Library/Core/Src/usbd_ctlreq.c.obj
                0x08009b18                USBD_StdEPReq
 .text.USBD_ParseSetupRequest
                0x08009cd4       0x18 CMakeFiles/DM_MC02_Gyro_3m.elf.dir/vendor/stm32/Middlewares/ST/STM32_USB_Device_Library/Core/Src/usbd_ctlreq.c.obj
                0x08009cd4                USBD_ParseSetupRequest
 .text.USBD_CtlError
                0x08009cec       0x18 CMakeFiles/DM_MC02_Gyro_3m.elf.dir/vendor/stm32/Middlewares/ST/STM32_USB_Device_Library/Core/Src/usbd_ctlreq.c.obj
                0x08009cec                USBD_CtlError
 .text.USBD_GetString
                0x08009d04       0x64 CMakeFiles/DM_MC02_Gyro_3m.elf.dir/vendor/stm32/Middlewares/ST/STM32_USB_Device_Library/Core/Src/usbd_ctlreq.c.obj
                0x08009d04                USBD_GetString
 .text.USBD_CtlSendData
                0x08009d68       0x1c CMakeFiles/DM_MC02_Gyro_3m.elf.dir/vendor/stm32/Middlewares/ST/STM32_USB_Device_Library/Core/Src/usbd_ioreq.c.obj
                0x08009d68                USBD_CtlSendData
 .text.USBD_CtlContinueSendData
                0x08009d84       0x10 CMakeFiles/DM_MC02_Gyro_3m.elf.dir/vendor/stm32/Middlewares/ST/STM32_USB_Device_Library/Core/Src/usbd_ioreq.c.obj
                0x08009d84                USBD_CtlContinueSendData
 .text.USBD_CtlPrepareRx
                0x08009d94       0x1c CMakeFiles/DM_MC02_Gyro_3m.elf.dir/vendor/stm32/Middlewares/ST/STM32_USB_Device_Library/Core/Src/usbd_ioreq.c.obj
                0x08009d94                USBD_CtlPrepareRx
 .text.USBD_CtlContinueRx
                0x08009db0       0x10 CMakeFiles/DM_MC02_Gyro_3m.elf.dir/vendor/stm32/Middlewares/ST/STM32_USB_Device_Library/Core/Src/usbd_ioreq.c.obj
                0x08009db0                USBD_CtlContinueRx
 .text.USBD_CtlSendStatus
                0x08009dc0       0x18 CMakeFiles/DM_MC02_Gyro_3m.elf.dir/vendor/stm32/Middlewares/ST/STM32_USB_Device_Library/Core/Src/usbd_ioreq.c.obj
                0x08009dc0                USBD_CtlSendStatus
 .text.USBD_CtlReceiveStatus
                0x08009dd8       0x18 CMakeFiles/DM_MC02_Gyro_3m.elf.dir/vendor/stm32/Middlewares/ST/STM32_USB_Device_Library/Core/Src/usbd_ioreq.c.obj
                0x08009dd8                USBD_CtlReceiveStatus
 .text.USBD_CDC_EP0_RxReady
                0x08009df0       0x40 CMakeFiles/DM_MC02_Gyro_3m.elf.dir/vendor/stm32/Middlewares/ST/STM32_USB_Device_Library/Class/CDC/Src/usbd_cdc.c.obj
 .text.USBD_CDC_GetDeviceQualifierDescriptor
                0x08009e30       0x10 CMakeFiles/DM_MC02_Gyro_3m.elf.dir/vendor/stm32/Middlewares/ST/STM32_USB_Device_Library/Class/CDC/Src/usbd_cdc.c.obj
                0x08009e30                USBD_CDC_GetDeviceQualifierDescriptor
 .text.USBD_CDC_GetFSCfgDesc
                0x08009e40       0x48 CMakeFiles/DM_MC02_Gyro_3m.elf.dir/vendor/stm32/Middlewares/ST/STM32_USB_Device_Library/Class/CDC/Src/usbd_cdc.c.obj
 .text.USBD_CDC_GetOtherSpeedCfgDesc
                0x08009e88        0x4 CMakeFiles/DM_MC02_Gyro_3m.elf.dir/vendor/stm32/Middlewares/ST/STM32_USB_Device_Library/Class/CDC/Src/usbd_cdc.c.obj
 .text.USBD_CDC_GetHSCfgDesc
                0x08009e8c       0x48 CMakeFiles/DM_MC02_Gyro_3m.elf.dir/vendor/stm32/Middlewares/ST/STM32_USB_Device_Library/Class/CDC/Src/usbd_cdc.c.obj
 .text.USBD_CDC_DataOut
                0x08009ed4       0x44 CMakeFiles/DM_MC02_Gyro_3m.elf.dir/vendor/stm32/Middlewares/ST/STM32_USB_Device_Library/Class/CDC/Src/usbd_cdc.c.obj
 .text.USBD_CDC_DataIn
                0x08009f18       0x68 CMakeFiles/DM_MC02_Gyro_3m.elf.dir/vendor/stm32/Middlewares/ST/STM32_USB_Device_Library/Class/CDC/Src/usbd_cdc.c.obj
 .text.USBD_CDC_Setup
                0x08009f80      0x100 CMakeFiles/DM_MC02_Gyro_3m.elf.dir/vendor/stm32/Middlewares/ST/STM32_USB_Device_Library/Class/CDC/Src/usbd_cdc.c.obj
 .text.USBD_CDC_DeInit
                0x0800a080       0x5c CMakeFiles/DM_MC02_Gyro_3m.elf.dir/vendor/stm32/Middlewares/ST/STM32_USB_Device_Library/Class/CDC/Src/usbd_cdc.c.obj
 .text.USBD_CDC_Init
                0x0800a0dc       0xd8 CMakeFiles/DM_MC02_Gyro_3m.elf.dir/vendor/stm32/Middlewares/ST/STM32_USB_Device_Library/Class/CDC/Src/usbd_cdc.c.obj
 .text.USBD_CDC_RegisterInterface
                0x0800a1b4       0x18 CMakeFiles/DM_MC02_Gyro_3m.elf.dir/vendor/stm32/Middlewares/ST/STM32_USB_Device_Library/Class/CDC/Src/usbd_cdc.c.obj
                0x0800a1b4                USBD_CDC_RegisterInterface
 .text.USBD_CDC_SetTxBuffer
                0x0800a1cc       0x1c CMakeFiles/DM_MC02_Gyro_3m.elf.dir/vendor/stm32/Middlewares/ST/STM32_USB_Device_Library/Class/CDC/Src/usbd_cdc.c.obj
                0x0800a1cc                USBD_CDC_SetTxBuffer
 .text.USBD_CDC_SetRxBuffer
                0x0800a1e8       0x18 CMakeFiles/DM_MC02_Gyro_3m.elf.dir/vendor/stm32/Middlewares/ST/STM32_USB_Device_Library/Class/CDC/Src/usbd_cdc.c.obj
                0x0800a1e8                USBD_CDC_SetRxBuffer
 .text.USBD_CDC_TransmitPacket
                0x0800a200       0x3c CMakeFiles/DM_MC02_Gyro_3m.elf.dir/vendor/stm32/Middlewares/ST/STM32_USB_Device_Library/Class/CDC/Src/usbd_cdc.c.obj
                0x0800a200                USBD_CDC_TransmitPacket
 .text.USBD_CDC_ReceivePacket
                0x0800a23c       0x34 CMakeFiles/DM_MC02_Gyro_3m.elf.dir/vendor/stm32/Middlewares/ST/STM32_USB_Device_Library/Class/CDC/Src/usbd_cdc.c.obj
                0x0800a23c                USBD_CDC_ReceivePacket
 .text.snprintf
                0x0800a270       0x64 D:/STM32/arm-gnu-toolchain-15.2.rel1-mingw-w64-i686-arm-none-eabi/bin/../lib/gcc/arm-none-eabi/15.2.1/../../../../arm-none-eabi/lib/thumb/v7e-m+dp/hard\libc_nano.a(libc_a-snprintf.o)
                0x0800a270                sniprintf
                0x0800a270                snprintf
 .text.memset   0x0800a2d4       0x10 D:/STM32/arm-gnu-toolchain-15.2.rel1-mingw-w64-i686-arm-none-eabi/bin/../lib/gcc/arm-none-eabi/15.2.1/../../../../arm-none-eabi/lib/thumb/v7e-m+dp/hard\libc_nano.a(libc_a-memset.o)
                0x0800a2d4                memset
 .text.__libc_init_array
                0x0800a2e4       0x48 D:/STM32/arm-gnu-toolchain-15.2.rel1-mingw-w64-i686-arm-none-eabi/bin/../lib/gcc/arm-none-eabi/15.2.1/../../../../arm-none-eabi/lib/thumb/v7e-m+dp/hard\libc_nano.a(libc_a-init.o)
                0x0800a2e4                __libc_init_array
 .text.__retarget_lock_acquire_recursive
                0x0800a32c        0x2 D:/STM32/arm-gnu-toolchain-15.2.rel1-mingw-w64-i686-arm-none-eabi/bin/../lib/gcc/arm-none-eabi/15.2.1/../../../../arm-none-eabi/lib/thumb/v7e-m+dp/hard\libc_nano.a(libc_a-lock.o)
                0x0800a32c                __retarget_lock_acquire_recursive
 .text.__retarget_lock_release_recursive
                0x0800a32e        0x2 D:/STM32/arm-gnu-toolchain-15.2.rel1-mingw-w64-i686-arm-none-eabi/bin/../lib/gcc/arm-none-eabi/15.2.1/../../../../arm-none-eabi/lib/thumb/v7e-m+dp/hard\libc_nano.a(libc_a-lock.o)
                0x0800a32e                __retarget_lock_release_recursive
 .text.memcpy   0x0800a330       0x1c D:/STM32/arm-gnu-toolchain-15.2.rel1-mingw-w64-i686-arm-none-eabi/bin/../lib/gcc/arm-none-eabi/15.2.1/../../../../arm-none-eabi/lib/thumb/v7e-m+dp/hard\libc_nano.a(libc_a-memcpy-stub.o)
                0x0800a330                memcpy
 .text._free_r  0x0800a34c       0x98 D:/STM32/arm-gnu-toolchain-15.2.rel1-mingw-w64-i686-arm-none-eabi/bin/../lib/gcc/arm-none-eabi/15.2.1/../../../../arm-none-eabi/lib/thumb/v7e-m+dp/hard\libc_nano.a(libc_a-freer.o)
                0x0800a34c                _free_r
 .text.sbrk_aligned
                0x0800a3e4       0x44 D:/STM32/arm-gnu-toolchain-15.2.rel1-mingw-w64-i686-arm-none-eabi/bin/../lib/gcc/arm-none-eabi/15.2.1/../../../../arm-none-eabi/lib/thumb/v7e-m+dp/hard\libc_nano.a(libc_a-mallocr.o)
 .text._malloc_r
                0x0800a428       0xf8 D:/STM32/arm-gnu-toolchain-15.2.rel1-mingw-w64-i686-arm-none-eabi/bin/../lib/gcc/arm-none-eabi/15.2.1/../../../../arm-none-eabi/lib/thumb/v7e-m+dp/hard\libc_nano.a(libc_a-mallocr.o)
                0x0800a428                _malloc_r
 .text.__malloc_lock
                0x0800a520        0xc D:/STM32/arm-gnu-toolchain-15.2.rel1-mingw-w64-i686-arm-none-eabi/bin/../lib/gcc/arm-none-eabi/15.2.1/../../../../arm-none-eabi/lib/thumb/v7e-m+dp/hard\libc_nano.a(libc_a-mlock.o)
                0x0800a520                __malloc_lock
 .text.__malloc_unlock
                0x0800a52c        0xc D:/STM32/arm-gnu-toolchain-15.2.rel1-mingw-w64-i686-arm-none-eabi/bin/../lib/gcc/arm-none-eabi/15.2.1/../../../../arm-none-eabi/lib/thumb/v7e-m+dp/hard\libc_nano.a(libc_a-mlock.o)
                0x0800a52c                __malloc_unlock
 .text.__ssputs_r
                0x0800a538       0xc0 D:/STM32/arm-gnu-toolchain-15.2.rel1-mingw-w64-i686-arm-none-eabi/bin/../lib/gcc/arm-none-eabi/15.2.1/../../../../arm-none-eabi/lib/thumb/v7e-m+dp/hard\libc_nano.a(libc_a-nano-svfprintf.o)
                0x0800a538                __ssputs_r
 .text._svfprintf_r
                0x0800a5f8      0x1f0 D:/STM32/arm-gnu-toolchain-15.2.rel1-mingw-w64-i686-arm-none-eabi/bin/../lib/gcc/arm-none-eabi/15.2.1/../../../../arm-none-eabi/lib/thumb/v7e-m+dp/hard\libc_nano.a(libc_a-nano-svfprintf.o)
                0x0800a5f8                _svfiprintf_r
                0x0800a5f8                _svfprintf_r
 .text._printf_common
                0x0800a7e8       0xea D:/STM32/arm-gnu-toolchain-15.2.rel1-mingw-w64-i686-arm-none-eabi/bin/../lib/gcc/arm-none-eabi/15.2.1/../../../../arm-none-eabi/lib/thumb/v7e-m+dp/hard\libc_nano.a(libc_a-nano-vfprintf_i.o)
                0x0800a7e8                _printf_common
 *fill*         0x0800a8d2        0x2 
 .text._printf_i
                0x0800a8d4      0x254 D:/STM32/arm-gnu-toolchain-15.2.rel1-mingw-w64-i686-arm-none-eabi/bin/../lib/gcc/arm-none-eabi/15.2.1/../../../../arm-none-eabi/lib/thumb/v7e-m+dp/hard\libc_nano.a(libc_a-nano-vfprintf_i.o)
                0x0800a8d4                _printf_i
 .text.memmove  0x0800ab28       0x32 D:/STM32/arm-gnu-toolchain-15.2.rel1-mingw-w64-i686-arm-none-eabi/bin/../lib/gcc/arm-none-eabi/15.2.1/../../../../arm-none-eabi/lib/thumb/v7e-m+dp/hard\libc_nano.a(libc_a-memmove.o)
                0x0800ab28                memmove
 *fill*         0x0800ab5a        0x2 
 .text._sbrk_r  0x0800ab5c       0x20 D:/STM32/arm-gnu-toolchain-15.2.rel1-mingw-w64-i686-arm-none-eabi/bin/../lib/gcc/arm-none-eabi/15.2.1/../../../../arm-none-eabi/lib/thumb/v7e-m+dp/hard\libc_nano.a(libc_a-sbrkr.o)
                0x0800ab5c                _sbrk_r
 .text._realloc_r
                0x0800ab7c       0x5c D:/STM32/arm-gnu-toolchain-15.2.rel1-mingw-w64-i686-arm-none-eabi/bin/../lib/gcc/arm-none-eabi/15.2.1/../../../../arm-none-eabi/lib/thumb/v7e-m+dp/hard\libc_nano.a(libc_a-reallocr.o)
                0x0800ab7c                _realloc_r
 .text._malloc_usable_size_r
                0x0800abd8       0x10 D:/STM32/arm-gnu-toolchain-15.2.rel1-mingw-w64-i686-arm-none-eabi/bin/../lib/gcc/arm-none-eabi/15.2.1/../../../../arm-none-eabi/lib/thumb/v7e-m+dp/hard\libc_nano.a(libc_a-msizer.o)
                0x0800abd8                _malloc_usable_size_r
 .text._sbrk    0x0800abe8       0x1c D:/STM32/arm-gnu-toolchain-15.2.rel1-mingw-w64-i686-arm-none-eabi/bin/../lib/gcc/arm-none-eabi/15.2.1/../../../../arm-none-eabi/lib/thumb/v7e-m+dp/hard\libnosys.a(sbrk.o)
                0x0800abe8                _sbrk
 .text.__udivmoddi4
                0x0800ac04      0x320 D:/STM32/arm-gnu-toolchain-15.2.rel1-mingw-w64-i686-arm-none-eabi/bin/../lib/gcc/arm-none-eabi/15.2.1/thumb/v7e-m+dp/hard\libgcc.a(_udivmoddi4.o)
                0x0800ac04                __udivmoddi4
 *(.glue_7)
 .glue_7        0x0800af24        0x0 linker stubs
 *(.glue_7t)
 .glue_7t       0x0800af24        0x0 linker stubs
 *(.eh_frame)
 .eh_frame      0x0800af24        0x0 D:/STM32/arm-gnu-toolchain-15.2.rel1-mingw-w64-i686-arm-none-eabi/bin/../lib/gcc/arm-none-eabi/15.2.1/thumb/v7e-m+dp/hard/crtbegin.o
 *(.init)
 .init          0x0800af24        0x4 D:/STM32/arm-gnu-toolchain-15.2.rel1-mingw-w64-i686-arm-none-eabi/bin/../lib/gcc/arm-none-eabi/15.2.1/thumb/v7e-m+dp/hard/crti.o
                0x0800af24                _init
 .init          0x0800af28        0x8 D:/STM32/arm-gnu-toolchain-15.2.rel1-mingw-w64-i686-arm-none-eabi/bin/../lib/gcc/arm-none-eabi/15.2.1/thumb/v7e-m+dp/hard/crtn.o
 *(.fini)
 .fini          0x0800af30        0x4 D:/STM32/arm-gnu-toolchain-15.2.rel1-mingw-w64-i686-arm-none-eabi/bin/../lib/gcc/arm-none-eabi/15.2.1/thumb/v7e-m+dp/hard/crti.o
                0x0800af30                _fini
 .fini          0x0800af34        0x8 D:/STM32/arm-gnu-toolchain-15.2.rel1-mingw-w64-i686-arm-none-eabi/bin/../lib/gcc/arm-none-eabi/15.2.1/thumb/v7e-m+dp/hard/crtn.o
                0x0800af3c                        . = ALIGN (0x4)
                0x0800af3c                        _etext = .

.vfp11_veneer   0x0800af3c        0x0
 .vfp11_veneer  0x0800af3c        0x0 linker stubs

.v4_bx          0x0800af3c        0x0
 .v4_bx         0x0800af3c        0x0 linker stubs

.iplt           0x0800af3c        0x0
 .iplt          0x0800af3c        0x0 D:/STM32/arm-gnu-toolchain-15.2.rel1-mingw-w64-i686-arm-none-eabi/bin/../lib/gcc/arm-none-eabi/15.2.1/thumb/v7e-m+dp/hard/crtbegin.o

.rodata         0x0800af3c      0x560
                0x0800af3c                        . = ALIGN (0x4)
 *(.rodata)
 .rodata        0x0800af3c       0x4c CMakeFiles/DM_MC02_Gyro_3m.elf.dir/vendor/stm32/Drivers/STM32H7xx_HAL_Driver/Src/stm32h7xx_hal_fdcan.c.obj
 *(.rodata*)
 .rodata.stop_rk_arm_task.constprop.0.str1.4
                0x0800af88      0x3dd CMakeFiles/DM_MC02_Gyro_3m.elf.dir/src/main.c.obj
                                 0xe2 (size before relaxing)
 .rodata.start_rk_arm_task.constprop.0.str1.4
                0x0800b365        0x0 CMakeFiles/DM_MC02_Gyro_3m.elf.dir/src/main.c.obj
                                 0xae (size before relaxing)
 .rodata.wait_for_rk_arm_task.str1.4
                0x0800b365        0x0 CMakeFiles/DM_MC02_Gyro_3m.elf.dir/src/main.c.obj
                                 0xae (size before relaxing)
 .rodata.main.str1.4
                0x0800b365        0x0 CMakeFiles/DM_MC02_Gyro_3m.elf.dir/src/main.c.obj
                                  0xe (size before relaxing)
 *fill*         0x0800b365        0x3 
 .rodata.stopped.0
                0x0800b368       0x10 CMakeFiles/DM_MC02_Gyro_3m.elf.dir/src/main.c.obj
 .rodata.stopped.1
                0x0800b378       0x10 CMakeFiles/DM_MC02_Gyro_3m.elf.dir/src/main.c.obj
 .rodata.chassis
                0x0800b388       0x20 CMakeFiles/DM_MC02_Gyro_3m.elf.dir/src/main.c.obj
 .rodata.zero.0
                0x0800b3a8       0x10 CMakeFiles/DM_MC02_Gyro_3m.elf.dir/src/motor_output.c.obj
 .rodata.motor_direction
                0x0800b3b8       0x10 CMakeFiles/DM_MC02_Gyro_3m.elf.dir/src/motor_output.c.obj
 .rodata.motor_base_id
                0x0800b3c8        0x8 CMakeFiles/DM_MC02_Gyro_3m.elf.dir/src/motor_output.c.obj
 .rodata.feedback_limits
                0x0800b3d0       0x28 CMakeFiles/DM_MC02_Gyro_3m.elf.dir/src/motor_output.c.obj
 .rodata.run_log_dump_stored.str1.4
                0x0800b3f8        0x0 CMakeFiles/DM_MC02_Gyro_3m.elf.dir/src/run_log.c.obj
                                0x14e (size before relaxing)
 .rodata.USBD_HS_ManufacturerStrDescriptor.str1.4
                0x0800b3f8        0x0 CMakeFiles/DM_MC02_Gyro_3m.elf.dir/usb_device/app/usbd_desc.c.obj
                                  0x7 (size before relaxing)
 .rodata.USBD_HS_ProductStrDescriptor.str1.4
                0x0800b3f8        0x0 CMakeFiles/DM_MC02_Gyro_3m.elf.dir/usb_device/app/usbd_desc.c.obj
                                  0xf (size before relaxing)
 .rodata.USBD_HS_ConfigStrDescriptor.str1.4
                0x0800b3f8        0x0 CMakeFiles/DM_MC02_Gyro_3m.elf.dir/usb_device/app/usbd_desc.c.obj
                                  0xe (size before relaxing)
 .rodata.USBD_HS_InterfaceStrDescriptor.str1.4
                0x0800b3f8        0x0 CMakeFiles/DM_MC02_Gyro_3m.elf.dir/usb_device/app/usbd_desc.c.obj
                                 0x11 (size before relaxing)
 .rodata.write_BMI088_gyro_reg_data_error
                0x0800b3f8       0x12 CMakeFiles/DM_MC02_Gyro_3m.elf.dir/bmi088/BMI088driver.c.obj
 *fill*         0x0800b40a        0x2 
 .rodata.write_BMI088_accel_reg_data_error
                0x0800b40c       0x12 CMakeFiles/DM_MC02_Gyro_3m.elf.dir/bmi088/BMI088driver.c.obj
 *fill*         0x0800b41e        0x2 
 .rodata.D1CorePrescTable
                0x0800b420       0x10 CMakeFiles/DM_MC02_Gyro_3m.elf.dir/vendor/stm32/system_stm32h7xx.c.obj
                0x0800b420                D1CorePrescTable
 .rodata.DLCtoBytes
                0x0800b430       0x10 CMakeFiles/DM_MC02_Gyro_3m.elf.dir/vendor/stm32/Drivers/STM32H7xx_HAL_Driver/Src/stm32h7xx_hal_fdcan.c.obj
 .rodata.UARTPrescTable
                0x0800b440       0x18 CMakeFiles/DM_MC02_Gyro_3m.elf.dir/vendor/stm32/Drivers/STM32H7xx_HAL_Driver/Src/stm32h7xx_hal_uart.c.obj
                0x0800b440                UARTPrescTable
 .rodata.denominator.0
                0x0800b458        0x8 CMakeFiles/DM_MC02_Gyro_3m.elf.dir/vendor/stm32/Drivers/STM32H7xx_HAL_Driver/Src/stm32h7xx_hal_uart_ex.c.obj
 .rodata.numerator.1
                0x0800b460        0x8 CMakeFiles/DM_MC02_Gyro_3m.elf.dir/vendor/stm32/Drivers/STM32H7xx_HAL_Driver/Src/stm32h7xx_hal_uart_ex.c.obj
 .rodata._svfprintf_r.str1.1
                0x0800b468       0x33 D:/STM32/arm-gnu-toolchain-15.2.rel1-mingw-w64-i686-arm-none-eabi/bin/../lib/gcc/arm-none-eabi/15.2.1/../../../../arm-none-eabi/lib/thumb/v7e-m+dp/hard\libc_nano.a(libc_a-nano-svfprintf.o)
                                 0x11 (size before relaxing)
 .rodata._printf_i.str1.1
                0x0800b49b        0x0 D:/STM32/arm-gnu-toolchain-15.2.rel1-mingw-w64-i686-arm-none-eabi/bin/../lib/gcc/arm-none-eabi/15.2.1/../../../../arm-none-eabi/lib/thumb/v7e-m+dp/hard\libc_nano.a(libc_a-nano-vfprintf_i.o)
                                 0x22 (size before relaxing)
                0x0800b49c                        . = ALIGN (0x4)
 *fill*         0x0800b49b        0x1 

.ARM.extab      0x0800b49c        0x0
                0x0800b49c                        . = ALIGN (0x4)
 *(.ARM.extab* .gnu.linkonce.armextab.*)
                0x0800b49c                        . = ALIGN (0x4)

.ARM            0x0800b49c        0x8
                0x0800b49c                        . = ALIGN (0x4)
                0x0800b49c                        __exidx_start = .
 *(.ARM.exidx*)
 .ARM.exidx     0x0800b49c        0x8 D:/STM32/arm-gnu-toolchain-15.2.rel1-mingw-w64-i686-arm-none-eabi/bin/../lib/gcc/arm-none-eabi/15.2.1/../../../../arm-none-eabi/lib/thumb/v7e-m+dp/hard\libc_nano.a(libc_a-strlen.o)
 .ARM.exidx     0x0800b4a4        0x0 D:/STM32/arm-gnu-toolchain-15.2.rel1-mingw-w64-i686-arm-none-eabi/bin/../lib/gcc/arm-none-eabi/15.2.1/../../../../arm-none-eabi/lib/thumb/v7e-m+dp/hard\libc_nano.a(libc_a-memchr.o)
                                  0x8 (size before relaxing)
 .ARM.exidx.text.__udivmoddi4
                0x0800b4a4        0x0 D:/STM32/arm-gnu-toolchain-15.2.rel1-mingw-w64-i686-arm-none-eabi/bin/../lib/gcc/arm-none-eabi/15.2.1/thumb/v7e-m+dp/hard\libgcc.a(_udivmoddi4.o)
                                  0x8 (size before relaxing)
                0x0800b4a4                        __exidx_end = .
                0x0800b4a4                        . = ALIGN (0x4)

.rel.dyn        0x0800b4a4        0x0
 .rel.iplt      0x0800b4a4        0x0 D:/STM32/arm-gnu-toolchain-15.2.rel1-mingw-w64-i686-arm-none-eabi/bin/../lib/gcc/arm-none-eabi/15.2.1/thumb/v7e-m+dp/hard/crtbegin.o

.preinit_array  0x0800b4a4        0x0
                0x0800b4a4                        . = ALIGN (0x4)
                0x0800b4a4                        PROVIDE (__preinit_array_start = .)
 *(.preinit_array*)
                0x0800b4a4                        PROVIDE (__preinit_array_end = .)
                0x0800b4a4                        . = ALIGN (0x4)

.init_array     0x0800b4a4        0x4
                0x0800b4a4                        . = ALIGN (0x4)
                0x0800b4a4                        PROVIDE (__init_array_start = .)
 *(SORT_BY_NAME(.init_array.*))
 *(.init_array*)
 .init_array    0x0800b4a4        0x4 D:/STM32/arm-gnu-toolchain-15.2.rel1-mingw-w64-i686-arm-none-eabi/bin/../lib/gcc/arm-none-eabi/15.2.1/thumb/v7e-m+dp/hard/crtbegin.o
                0x0800b4a8                        PROVIDE (__init_array_end = .)
                0x0800b4a8                        . = ALIGN (0x4)

.fini_array     0x0800b4a8        0x4
                0x0800b4a8                        . = ALIGN (0x4)
                [!provide]                        PROVIDE (__fini_array_start = .)
 *(SORT_BY_NAME(.fini_array.*))
 *(.fini_array*)
 .fini_array    0x0800b4a8        0x4 D:/STM32/arm-gnu-toolchain-15.2.rel1-mingw-w64-i686-arm-none-eabi/bin/../lib/gcc/arm-none-eabi/15.2.1/thumb/v7e-m+dp/hard/crtbegin.o
                [!provide]                        PROVIDE (__fini_array_end = .)
                0x0800b4ac                        . = ALIGN (0x4)
                0x0800b4ac                        _sidata = LOADADDR (.data)

.data           0x20000000      0x154 load address 0x0800b4ac
                0x20000000                        . = ALIGN (0x4)
                0x20000000                        _sdata = .
 *(.data)
 *(.data*)
 .data.USBD_Interface_fops_HS
                0x20000000       0x14 CMakeFiles/DM_MC02_Gyro_3m.elf.dir/usb_device/app/usbd_cdc_if.c.obj
                0x20000000                USBD_Interface_fops_HS
 .data.USBD_StringSerial
                0x20000014       0x1a CMakeFiles/DM_MC02_Gyro_3m.elf.dir/usb_device/app/usbd_desc.c.obj
                0x20000014                USBD_StringSerial
 *fill*         0x2000002e        0x2 
 .data.USBD_LangIDDesc
                0x20000030        0x4 CMakeFiles/DM_MC02_Gyro_3m.elf.dir/usb_device/app/usbd_desc.c.obj
                0x20000030                USBD_LangIDDesc
 .data.USBD_HS_DeviceDesc
                0x20000034       0x12 CMakeFiles/DM_MC02_Gyro_3m.elf.dir/usb_device/app/usbd_desc.c.obj
                0x20000034                USBD_HS_DeviceDesc
 *fill*         0x20000046        0x2 
 .data.HS_Desc  0x20000048       0x1c CMakeFiles/DM_MC02_Gyro_3m.elf.dir/usb_device/app/usbd_desc.c.obj
                0x20000048                HS_Desc
 .data.BMI088_GYRO_SEN
                0x20000064        0x4 CMakeFiles/DM_MC02_Gyro_3m.elf.dir/bmi088/BMI088driver.c.obj
                0x20000064                BMI088_GYRO_SEN
 .data.BMI088_ACCEL_SEN
                0x20000068        0x4 CMakeFiles/DM_MC02_Gyro_3m.elf.dir/bmi088/BMI088driver.c.obj
                0x20000068                BMI088_ACCEL_SEN
 .data.SystemD2Clock
                0x2000006c        0x4 CMakeFiles/DM_MC02_Gyro_3m.elf.dir/vendor/stm32/system_stm32h7xx.c.obj
                0x2000006c                SystemD2Clock
 .data.SystemCoreClock
                0x20000070        0x4 CMakeFiles/DM_MC02_Gyro_3m.elf.dir/vendor/stm32/system_stm32h7xx.c.obj
                0x20000070                SystemCoreClock
 .data.uwTickFreq
                0x20000074        0x1 CMakeFiles/DM_MC02_Gyro_3m.elf.dir/vendor/stm32/Drivers/STM32H7xx_HAL_Driver/Src/stm32h7xx_hal.c.obj
                0x20000074                uwTickFreq
 *fill*         0x20000075        0x3 
 .data.uwTickPrio
                0x20000078        0x4 CMakeFiles/DM_MC02_Gyro_3m.elf.dir/vendor/stm32/Drivers/STM32H7xx_HAL_Driver/Src/stm32h7xx_hal.c.obj
                0x20000078                uwTickPrio
 .data.USBD_CDC_CfgDesc
                0x2000007c       0x43 CMakeFiles/DM_MC02_Gyro_3m.elf.dir/vendor/stm32/Middlewares/ST/STM32_USB_Device_Library/Class/CDC/Src/usbd_cdc.c.obj
 *fill*         0x200000bf        0x1 
 .data.USBD_CDC
                0x200000c0       0x38 CMakeFiles/DM_MC02_Gyro_3m.elf.dir/vendor/stm32/Middlewares/ST/STM32_USB_Device_Library/Class/CDC/Src/usbd_cdc.c.obj
                0x200000c0                USBD_CDC
 .data.USBD_CDC_DeviceQualifierDesc
                0x200000f8        0xa CMakeFiles/DM_MC02_Gyro_3m.elf.dir/vendor/stm32/Middlewares/ST/STM32_USB_Device_Library/Class/CDC/Src/usbd_cdc.c.obj
 *fill*         0x20000102        0x2 
 .data._impure_ptr
                0x20000104        0x4 D:/STM32/arm-gnu-toolchain-15.2.rel1-mingw-w64-i686-arm-none-eabi/bin/../lib/gcc/arm-none-eabi/15.2.1/../../../../arm-none-eabi/lib/thumb/v7e-m+dp/hard\libc_nano.a(libc_a-impure.o)
                0x20000104                _impure_ptr
 .data._impure_data
                0x20000108       0x4c D:/STM32/arm-gnu-toolchain-15.2.rel1-mingw-w64-i686-arm-none-eabi/bin/../lib/gcc/arm-none-eabi/15.2.1/../../../../arm-none-eabi/lib/thumb/v7e-m+dp/hard\libc_nano.a(libc_a-impure.o)
                0x20000108                _impure_data
                0x20000154                        . = ALIGN (0x4)
                0x20000154                        _edata = .

.tm_clone_table
                0x20000154        0x0 load address 0x0800b600
 .tm_clone_table
                0x20000154        0x0 D:/STM32/arm-gnu-toolchain-15.2.rel1-mingw-w64-i686-arm-none-eabi/bin/../lib/gcc/arm-none-eabi/15.2.1/thumb/v7e-m+dp/hard/crtbegin.o
 .tm_clone_table
                0x20000154        0x0 D:/STM32/arm-gnu-toolchain-15.2.rel1-mingw-w64-i686-arm-none-eabi/bin/../lib/gcc/arm-none-eabi/15.2.1/thumb/v7e-m+dp/hard/crtend.o

.igot.plt       0x20000154        0x0 load address 0x0800b600
 .igot.plt      0x20000154        0x0 D:/STM32/arm-gnu-toolchain-15.2.rel1-mingw-w64-i686-arm-none-eabi/bin/../lib/gcc/arm-none-eabi/15.2.1/thumb/v7e-m+dp/hard/crtbegin.o

.bss            0x20000160     0xa204 load address 0x0800b600
                0x20000160                        . = ALIGN (0x4)
                0x20000160                        _sbss = .
                0x20000160                        __bss_start__ = _sbss
 *(.bss)
 *(.bss*)
 .bss.completed.1
                0x20000160        0x1 D:/STM32/arm-gnu-toolchain-15.2.rel1-mingw-w64-i686-arm-none-eabi/bin/../lib/gcc/arm-none-eabi/15.2.1/thumb/v7e-m+dp/hard/crtbegin.o
 *fill*         0x20000161        0x3 
 .bss.object.0  0x20000164       0x18 D:/STM32/arm-gnu-toolchain-15.2.rel1-mingw-w64-i686-arm-none-eabi/bin/../lib/gcc/arm-none-eabi/15.2.1/thumb/v7e-m+dp/hard/crtbegin.o
 .bss.g_rk_arm_tasks_disabled_for_route
                0x2000017c        0x1 CMakeFiles/DM_MC02_Gyro_3m.elf.dir/src/main.c.obj
 .bss.g_rk_arm_link_ready
                0x2000017d        0x1 CMakeFiles/DM_MC02_Gyro_3m.elf.dir/src/main.c.obj
 *fill*         0x2000017e        0x2 
 .bss.g_imu_temperature_c
                0x20000180        0x4 CMakeFiles/DM_MC02_Gyro_3m.elf.dir/src/main.c.obj
                0x20000180                g_imu_temperature_c
 .bss.g_estimated_distance_m
                0x20000184        0x4 CMakeFiles/DM_MC02_Gyro_3m.elf.dir/src/main.c.obj
                0x20000184                g_estimated_distance_m
 .bss.g_heading_correction_rad_s