Archive member included to satisfy reference by file (symbol)

D:/STM32/arm-gnu-toolchain-15.2.rel1-mingw-w64-i686-arm-none-eabi/bin/../lib/gcc/arm-none-eabi/15.2.1/../../../../arm-none-eabi/lib/thumb/v7e-m+dp/hard\libc_nano.a(libc_a-exit.o)
                              D:/STM32/arm-gnu-toolchain-15.2.rel1-mingw-w64-i686-arm-none-eabi/bin/../lib/gcc/arm-none-eabi/15.2.1/../../../../arm-none-eabi/lib/thumb/v7e-m+dp/hard/crt0.o (exit)
D:/STM32/arm-gnu-toolchain-15.2.rel1-mingw-w64-i686-arm-none-eabi/bin/../lib/gcc/arm-none-eabi/15.2.1/../../../../arm-none-eabi/lib/thumb/v7e-m+dp/hard\libc_nano.a(libc_a-findfp.o)
                              D:/STM32/arm-gnu-toolchain-15.2.rel1-mingw-w64-i686-arm-none-eabi/bin/../lib/gcc/arm-none-eabi/15.2.1/../../../../arm-none-eabi/lib/thumb/v7e-m+dp/hard\libc_nano.a(libc_a-exit.o) (__stdio_exit_handler)
D:/STM32/arm-gnu-toolchain-15.2.rel1-mingw-w64-i686-arm-none-eabi/bin/../lib/gcc/arm-none-eabi/15.2.1/../../../../arm-none-eabi/lib/thumb/v7e-m+dp/hard\libc_nano.a(libc_a-fwalk.o)
                              D:/STM32/arm-gnu-toolchain-15.2.rel1-mingw-w64-i686-arm-none-eabi/bin/../lib/gcc/arm-none-eabi/15.2.1/../../../../arm-none-eabi/lib/thumb/v7e-m+dp/hard\libc_nano.a(libc_a-findfp.o) (_fwalk_sglue)
D:/STM32/arm-gnu-toolchain-15.2.rel1-mingw-w64-i686-arm-none-eabi/bin/../lib/gcc/arm-none-eabi/15.2.1/../../../../arm-none-eabi/lib/thumb/v7e-m+dp/hard\libc_nano.a(libc_a-snprintf.o)
                              CMakeFiles/DM_MC02_Gyro_3m.elf.dir/src/run_log.c.obj (snprintf)
D:/STM32/arm-gnu-toolchain-15.2.rel1-mingw-w64-i686-arm-none-eabi/bin/../lib/gcc/arm-none-eabi/15.2.1/../../../../arm-none-eabi/lib/thumb/v7e-m+dp/hard\libc_nano.a(libc_a-stdio.o)
                              D:/STM32/arm-gnu-toolchain-15.2.rel1-mingw-w64-i686-arm-none-eabi/bin/../lib/gcc/arm-none-eabi/15.2.1/../../../../arm-none-eabi/lib/thumb/v7e-m+dp/hard\libc_nano.a(libc_a-findfp.o) (__sread)
D:/STM32/arm-gnu-toolchain-15.2.rel1-mingw-w64-i686-arm-none-eabi/bin/../lib/gcc/arm-none-eabi/15.2.1/../../../../arm-none-eabi/lib/thumb/v7e-m+dp/hard\libc_nano.a(libc_a-memset.o)
                              D:/STM32/arm-gnu-toolchain-15.2.rel1-mingw-w64-i686-arm-none-eabi/bin/../lib/gcc/arm-none-eabi/15.2.1/../../../../arm-none-eabi/lib/thumb/v7e-m+dp/hard/crt0.o (memset)
D:/STM32/arm-gnu-toolchain-15.2.rel1-mingw-w64-i686-arm-none-eabi/bin/../lib/gcc/arm-none-eabi/15.2.1/../../../../arm-none-eabi/lib/thumb/v7e-m+dp/hard\libc_nano.a(libc_a-closer.o)
                              D:/STM32/arm-gnu-toolchain-15.2.rel1-mingw-w64-i686-arm-none-eabi/bin/../lib/gcc/arm-none-eabi/15.2.1/../../../../arm-none-eabi/lib/thumb/v7e-m+dp/hard\libc_nano.a(libc_a-stdio.o) (_close_r)
D:/STM32/arm-gnu-toolchain-15.2.rel1-mingw-w64-i686-arm-none-eabi/bin/../lib/gcc/arm-none-eabi/15.2.1/../../../../arm-none-eabi/lib/thumb/v7e-m+dp/hard\libc_nano.a(libc_a-reent.o)
                              D:/STM32/arm-gnu-toolchain-15.2.rel1-mingw-w64-i686-arm-none-eabi/bin/../lib/gcc/arm-none-eabi/15.2.1/../../../../arm-none-eabi/lib/thumb/v7e-m+dp/hard\libc_nano.a(libc_a-closer.o) (errno)
D:/STM32/arm-gnu-toolchain-15.2.rel1-mingw-w64-i686-arm-none-eabi/bin/../lib/gcc/arm-none-eabi/15.2.1/../../../../arm-none-eabi/lib/thumb/v7e-m+dp/hard\libc_nano.a(libc_a-impure.o)
                              D:/STM32/arm-gnu-toolchain-15.2.rel1-mingw-w64-i686-arm-none-eabi/bin/../lib/gcc/arm-none-eabi/15.2.1/../../../../arm-none-eabi/lib/thumb/v7e-m+dp/hard\libc_nano.a(libc_a-snprintf.o) (_impure_ptr)
D:/STM32/arm-gnu-toolchain-15.2.rel1-mingw-w64-i686-arm-none-eabi/bin/../lib/gcc/arm-none-eabi/15.2.1/../../../../arm-none-eabi/lib/thumb/v7e-m+dp/hard\libc_nano.a(libc_a-lseekr.o)
                              D:/STM32/arm-gnu-toolchain-15.2.rel1-mingw-w64-i686-arm-none-eabi/bin/../lib/gcc/arm-none-eabi/15.2.1/../../../../arm-none-eabi/lib/thumb/v7e-m+dp/hard\libc_nano.a(libc_a-stdio.o) (_lseek_r)
D:/STM32/arm-gnu-toolchain-15.2.rel1-mingw-w64-i686-arm-none-eabi/bin/../lib/gcc/arm-none-eabi/15.2.1/../../../../arm-none-eabi/lib/thumb/v7e-m+dp/hard\libc_nano.a(libc_a-readr.o)
                              D:/STM32/arm-gnu-toolchain-15.2.rel1-mingw-w64-i686-arm-none-eabi/bin/../lib/gcc/arm-none-eabi/15.2.1/../../../../arm-none-eabi/lib/thumb/v7e-m+dp/hard\libc_nano.a(libc_a-stdio.o) (_read_r)
D:/STM32/arm-gnu-toolchain-15.2.rel1-mingw-w64-i686-arm-none-eabi/bin/../lib/gcc/arm-none-eabi/15.2.1/../../../../arm-none-eabi/lib/thumb/v7e-m+dp/hard\libc_nano.a(libc_a-writer.o)
                              D:/STM32/arm-gnu-toolchain-15.2.rel1-mingw-w64-i686-arm-none-eabi/bin/../lib/gcc/arm-none-eabi/15.2.1/../../../../arm-none-eabi/lib/thumb/v7e-m+dp/hard\libc_nano.a(libc_a-stdio.o) (_write_r)
D:/STM32/arm-gnu-toolchain-15.2.rel1-mingw-w64-i686-arm-none-eabi/bin/../lib/gcc/arm-none-eabi/15.2.1/../../../../arm-none-eabi/lib/thumb/v7e-m+dp/hard\libc_nano.a(libc_a-init.o)
[...]
Memory Configuration

Name             Origin             Length             Attributes
ITCMRAM          0x00000000         0x00010000         xrw
RAM              0x20000000         0x00020000         xrw
ROM              0x08000000         0x000e0000         xr
RAM_D1           0x24000000         0x00050000         xrw
*default*        0x00000000         0xffffffff

Linker script and memory map

LOAD D:/STM32/arm-gnu-toolchain-15.2.rel1-mingw-w64-i686-arm-none-eabi/bin/../lib/gcc/arm-none-eabi/15.2.1/thumb/v7e-m+dp/hard/crti.o
LOAD D:/STM32/arm-gnu-toolchain-15.2.rel1-mingw-w64-i686-arm-none-eabi/bin/../lib/gcc/arm-none-eabi/15.2.1/thumb/v7e-m+dp/hard/crtbegin.o
LOAD D:/STM32/arm-gnu-toolchain-15.2.rel1-mingw-w64-i686-arm-none-eabi/bin/../lib/gcc/arm-none-eabi/15.2.1/../../../../arm-none-eabi/lib/thumb/v7e-m+dp/hard/crt0.o
LOAD CMakeFiles/DM_MC02_Gyro_3m.elf.dir/startup_stm32h723xx.s.obj
LOAD CMakeFiles/DM_MC02_Gyro_3m.elf.dir/src/exit_run0_mode.c.obj
LOAD CMakeFiles/DM_MC02_Gyro_3m.elf.dir/src/main.c.obj
LOAD CMakeFiles/DM_MC02_Gyro_3m.elf.dir/src/board.c.obj
LOAD CMakeFiles/DM_MC02_Gyro_3m.elf.dir/src/mecanum.c.obj
LOAD CMakeFiles/DM_MC02_Gyro_3m.elf.dir/src/motor_output.c.obj
LOAD CMakeFiles/DM_MC02_Gyro_3m.elf.dir/src/run_log.c.obj
LOAD CMakeFiles/DM_MC02_Gyro_3m.elf.dir/usb_device/app/usb_device.c.obj
LOAD CMakeFiles/DM_MC02_Gyro_3m.elf.dir/usb_device/app/usbd_cdc_if.c.obj
LOAD CMakeFiles/DM_MC02_Gyro_3m.elf.dir/usb_device/app/usbd_desc.c.obj
LOAD CMakeFiles/DM_MC02_Gyro_3m.elf.dir/usb_device/target/usbd_conf.c.obj
LOAD CMakeFiles/DM_MC02_Gyro_3m.elf.dir/bmi088/BMI088driver.c.obj
LOAD CMakeFiles/DM_MC02_Gyro_3m.elf.dir/bmi088/BMI088Middleware.c.obj
LOAD CMakeFiles/DM_MC02_Gyro_3m.elf.dir/vendor/dm_motor/dm_motor_protocol.c.obj
LOAD CMakeFiles/DM_MC02_Gyro_3m.elf.dir/vendor/stm32/system_stm32h7xx.c.obj
LOAD CMakeFiles/DM_MC02_Gyro_3m.elf.dir/vendor/stm32/Drivers/STM32H7xx_HAL_Driver/Src/stm32h7xx_hal.c.obj
LOAD CMakeFiles/DM_MC02_Gyro_3m.elf.dir/vendor/stm32/Drivers/STM32H7xx_HAL_Driver/Src/stm32h7xx_hal_cortex.c.obj
LOAD CMakeFiles/DM_MC02_Gyro_3m.elf.dir/vendor/stm32/Drivers/STM32H7xx_HAL_Driver/Src/stm32h7xx_hal_fdcan.c.obj
LOAD CMakeFiles/DM_MC02_Gyro_3m.elf.dir/vendor/stm32/Drivers/STM32H7xx_HAL_Driver/Src/stm32h7xx_hal_flash.c.obj
LOAD CMakeFiles/DM_MC02_Gyro_3m.elf.dir/vendor/stm32/Drivers/STM32H7xx_HAL_Driver/Src/stm32h7xx_hal_flash_ex.c.obj
LOAD CMakeFiles/DM_MC02_Gyro_3m.elf.dir/vendor/stm32/Drivers/STM32H7xx_HAL_Driver/Src/stm32h7xx_hal_gpio.c.obj
LOAD CMakeFiles/DM_MC02_Gyro_3m.elf.dir/vendor/stm32/Drivers/STM32H7xx_HAL_Driver/Src/stm32h7xx_hal_pwr.c.obj
LOAD CMakeFiles/DM_MC02_Gyro_3m.elf.dir/vendor/stm32/Drivers/STM32H7xx_HAL_Driver/Src/stm32h7xx_hal_pwr_ex.c.obj
LOAD CMakeFiles/DM_MC02_Gyro_3m.elf.dir/vendor/stm32/Drivers/STM32H7xx_HAL_Driver/Src/stm32h7xx_hal_pcd.c.obj
LOAD CMakeFiles/DM_MC02_Gyro_3m.elf.dir/vendor/stm32/Drivers/STM32H7xx_HAL_Driver/Src/stm32h7xx_hal_pcd_ex.c.obj
LOAD CMakeFiles/DM_MC02_Gyro_3m.elf.dir/vendor/stm32/Drivers/STM32H7xx_HAL_Driver/Src/stm32h7xx_hal_rcc.c.obj
LOAD CMakeFiles/DM_MC02_Gyro_3m.elf.dir/vendor/stm32/Drivers/STM32H7xx_HAL_Driver/Src/stm32h7xx_hal_rcc_ex.c.obj
LOAD CMakeFiles/DM_MC02_Gyro_3m.elf.dir/vendor/stm32/Drivers/STM32H7xx_HAL_Driver/Src/stm32h7xx_hal_spi.c.obj
LOAD CMakeFiles/DM_MC02_Gyro_3m.elf.dir/vendor/stm32/Drivers/STM32H7xx_HAL_Driver/Src/stm32h7xx_hal_spi_ex.c.obj
LOAD CMakeFiles/DM_MC02_Gyro_3m.elf.dir/vendor/stm32/Drivers/STM32H7xx_HAL_Driver/Src/stm32h7xx_hal_tim.c.obj
LOAD CMakeFiles/DM_MC02_Gyro_3m.elf.dir/vendor/stm32/Drivers/STM32H7xx_HAL_Driver/Src/stm32h7xx_hal_tim_ex.c.obj
LOAD CMakeFiles/DM_MC02_Gyro_3m.elf.dir/vendor/stm32/Drivers/STM32H7xx_HAL_Driver/Src/stm32h7xx_hal_uart.c.obj
LOAD CMakeFiles/DM_MC02_Gyro_3m.elf.dir/vendor/stm32/Drivers/STM32H7xx_HAL_Driver/Src/stm32h7xx_hal_uart_ex.c.obj
LOAD CMakeFiles/DM_MC02_Gyro_3m.elf.dir/vendor/stm32/Drivers/STM32H7xx_HAL_Driver/Src/stm32h7xx_ll_usb.c.obj
LOAD CMakeFiles/DM_MC02_Gyro_3m.elf.dir/vendor/stm32/Middlewares/ST/STM32_USB_Device_Library/Core/Src/usbd_core.c.obj
LOAD CMakeFiles/DM_MC02_Gyro_3m.elf.dir/vendor/stm32/Middlewares/ST/STM32_USB_Device_Library/Core/Src/usbd_ctlreq.c.obj
LOAD CMakeFiles/DM_MC02_Gyro_3m.elf.dir/vendor/stm32/Middlewares/ST/STM32_USB_Device_Library/Core/Src/usbd_ioreq.c.obj
LOAD CMakeFiles/DM_MC02_Gyro_3m.elf.dir/vendor/stm32/Middlewares/ST/STM32_USB_Device_Library/Class/CDC/Src/usbd_cdc.c.obj
LOAD D:/STM32/arm-gnu-toolchain-15.2.rel1-mingw-w64-i686-arm-none-eabi/bin/../lib/gcc/arm-none-eabi/15.2.1/../../../../arm-none-eabi/lib/thumb/v7e-m+dp/hard\libm.a
LOAD D:/STM32/arm-gnu-toolchain-15.2.rel1-mingw-w64-i686-arm-none-eabi/bin/../lib/gcc/arm-none-eabi/15.2.1/../../../../arm-none-eabi/lib/thumb/v7e-m+dp/hard\libc_nano.a
LOAD D:/STM32/arm-gnu-toolchain-15.2.rel1-mingw-w64-i686-arm-none-eabi/bin/../lib/gcc/arm-none-eabi/15.2.1/../../../../arm-none-eabi/lib/thumb/v7e-m+dp/hard\libnosys.a
START GROUP
LOAD D:/STM32/arm-gnu-toolchain-15.2.rel1-mingw-w64-i686-arm-none-eabi/bin/../lib/gcc/arm-none-eabi/15.2.1/thumb/v7e-m+dp/hard\libgcc.a
LOAD D:/STM32/arm-gnu-toolchain-15.2.rel1-mingw-w64-i686-arm-none-eabi/bin/../lib/gcc/arm-none-eabi/15.2.1/../../../../arm-none-eabi/lib/thumb/v7e-m+dp/hard\libc_nano.a
END GROUP
START GROUP
LOAD D:/STM32/arm-gnu-toolchain-15.2.rel1-mingw-w64-i686-arm-none-eabi/bin/../lib/gcc/arm-none-eabi/15.2.1/thumb/v7e-m+dp/hard\libgcc.a
LOAD D:/STM32/arm-gnu-toolchain-15.2.rel1-mingw-w64-i686-arm-none-eabi/bin/../lib/gcc/arm-none-eabi/15.2.1/../../../../arm-none-eabi/lib/thumb/v7e-m+dp/hard\libc_nano.a
LOAD D:/STM32/arm-gnu-toolchain-15.2.rel1-mingw-w64-i686-arm-none-eabi/bin/../lib/gcc/arm-none-eabi/15.2.1/../../../../arm-none-eabi/lib/thumb/v7e-m+dp/hard\libnosys.a
END GROUP
START GROUP
LOAD D:/STM32/arm-gnu-toolchain-15.2.rel1-mingw-w64-i686-arm-none-eabi/bin/../lib/gcc/arm-none-eabi/15.2.1/thumb/v7e-m+dp/hard\libgcc.a
LOAD D:/STM32/arm-gnu-toolchain-15.2.rel1-mingw-w64-i686-arm-none-eabi/bin/../lib/gcc/arm-none-eabi/15.2.1/../../../../arm-none-eabi/lib/thumb/v7e-m+dp/hard\libc_nano.a
LOAD D:/STM32/arm-gnu-toolchain-15.2.rel1-mingw-w64-i686-arm-none-eabi/bin/../lib/gcc/arm-none-eabi/15.2.1/../../../../arm-none-eabi/lib/thumb/v7e-m+dp/hard\libnosys.a
END GROUP
LOAD D:/STM32/arm-gnu-toolchain-15.2.rel1-mingw-w64-i686-arm-none-eabi/bin/../lib/gcc/arm-none-eabi/15.2.1/thumb/v7e-m+dp/hard/crtend.o
LOAD D:/STM32/arm-gnu-toolchain-15.2.rel1-mingw-w64-i686-arm-none-eabi/bin/../lib/gcc/arm-none-eabi/15.2.1/thumb/v7e-m+dp/hard/crtn.o
                0x20020000                        _estack = (ORIGIN (RAM) + LENGTH (RAM))
                0x00001000                        _Min_Heap_Size = 0x1000
                0x00002000                        _Min_Stack_Size = 0x2000

.isr_vector     0x08000000      0x2cc
                0x08000000                        . = ALIGN (0x4)
 *(.isr_vector)
 .isr_vector    0x08000000      0x2cc CMakeFiles/DM_MC02_Gyro_3m.elf.dir/startup_stm32h723xx.s.obj
                0x08000000                g_pfnVectors
                0x080002cc                        . = ALIGN (0x4)

.text           0x080002d0     0xa2fc
                0x080002d0                        . = ALIGN (0x4)
 *(.text)
 .text          0x080002d0       0x10 D:/STM32/arm-gnu-toolchain-15.2.rel1-mingw-w64-i686-arm-none-eabi/bin/../lib/gcc/arm-none-eabi/15.2.1/../../../../arm-none-eabi/lib/thumb/v7e-m+dp/hard\libc_nano.a(libc_a-strlen.o)
                0x080002d0                strlen
 .text          0x080002e0       0xa0 D:/STM32/arm-gnu-toolchain-15.2.rel1-mingw-w64-i686-arm-none-eabi/bin/../lib/gcc/arm-none-eabi/15.2.1/../../../../arm-none-eabi/lib/thumb/v7e-m+dp/hard\libc_nano.a(libc_a-memchr.o)
                0x080002e0                memchr
 .text          0x08000380       0x30 D:/STM32/arm-gnu-toolchain-15.2.rel1-mingw-w64-i686-arm-none-eabi/bin/../lib/gcc/arm-none-eabi/15.2.1/thumb/v7e-m+dp/hard\libgcc.a(_aeabi_uldivmod.o)
                0x08000380                __aeabi_uldivmod
 .text          0x080003b0        0x4 D:/STM32/arm-gnu-toolchain-15.2.rel1-mingw-w64-i686-arm-none-eabi/bin/../lib/gcc/arm-none-eabi/15.2.1/thumb/v7e-m+dp/hard\libgcc.a(_dvmd_tls.o)
                0x080003b0                __aeabi_idiv0
                0x080003b0                __aeabi_ldiv0
 *(.text*)
 .text.deregister_tm_clones
                0x080003b4       0x1c D:/STM32/arm-gnu-toolchain-15.2.rel1-mingw-w64-i686-arm-none-eabi/bin/../lib/gcc/arm-none-eabi/15.2.1/thumb/v7e-m+dp/hard/crtbegin.o
 .text.register_tm_clones
                0x080003d0       0x24 D:/STM32/arm-gnu-toolchain-15.2.rel1-mingw-w64-i686-arm-none-eabi/bin/../lib/gcc/arm-none-eabi/15.2.1/thumb/v7e-m+dp/hard/crtbegin.o
 .text.__do_global_dtors_aux
                0x080003f4       0x28 D:/STM32/arm-gnu-toolchain-15.2.rel1-mingw-w64-i686-arm-none-eabi/bin/../lib/gcc/arm-none-eabi/15.2.1/thumb/v7e-m+dp/hard/crtbegin.o
 .text.frame_dummy
                0x0800041c       0x24 D:/STM32/arm-gnu-toolchain-15.2.rel1-mingw-w64-i686-arm-none-eabi/bin/../lib/gcc/arm-none-eabi/15.2.1/thumb/v7e-m+dp/hard/crtbegin.o
 .text.Reset_Handler
                0x08000440       0x54 CMakeFiles/DM_MC02_Gyro_3m.elf.dir/startup_stm32h723xx.s.obj
                0x08000440                Reset_Handler
 .text.Default_Handler
                0x08000494        0x2 CMakeFiles/DM_MC02_Gyro_3m.elf.dir/startup_stm32h723xx.s.obj
                0x08000494                RTC_Alarm_IRQHandler
                0x08000494                EXTI2_IRQHandler
                0x08000494                TIM8_CC_IRQHandler
                0x08000494                DebugMon_Handler
                0x08000494                UART8_IRQHandler
                0x08000494                SPI4_IRQHandler
                0x08000494                FDCAN3_IT0_IRQHandler
                0x08000494                TIM1_CC_IRQHandler
                0x08000494                BDMA_Channel6_IRQHandler
                0x08000494                DMA2_Stream5_IRQHandler
                0x08000494                HardFault_Handler
                0x08000494                DMA1_Stream5_IRQHandler
                0x08000494                CORDIC_IRQHandler
                0x08000494                BDMA_Channel1_IRQHandler
                0x08000494                TAMP_STAMP_IRQHandler
                0x08000494                PendSV_Handler
                0x08000494                NMI_Handler
                0x08000494                EXTI3_IRQHandler
                0x08000494                LPTIM4_IRQHandler
                0x08000494                TIM8_TRG_COM_TIM14_IRQHandler
                0x08000494                LPTIM2_IRQHandler
                0x08000494                DFSDM1_FLT1_IRQHandler
                0x08000494                DMAMUX2_OVR_IRQHandler
                0x08000494                TIM8_UP_TIM13_IRQHandler
                0x08000494                I2C3_ER_IRQHandler
                0x08000494                DFSDM1_FLT2_IRQHandler
                0x08000494                I2C5_EV_IRQHandler
                0x08000494                USART10_IRQHandler
                0x08000494                MDMA_IRQHandler
                0x08000494                LPTIM3_IRQHandler
                0x08000494                HSEM1_IRQHandler
                0x08000494                EXTI0_IRQHandler
                0x08000494                I2C2_EV_IRQHandler
                0x08000494                DMA1_Stream2_IRQHandler
                0x08000494                FPU_IRQHandler
                0x08000494                OTG_HS_WKUP_IRQHandler
                0x08000494                FDCAN1_IT1_IRQHandler
                0x08000494                UsageFault_Handler
                0x08000494                LTDC_ER_IRQHandler
                0x08000494                DMA2_Stream2_IRQHandler
                0x08000494                SPI1_IRQHandler
                0x08000494                OCTOSPI1_IRQHandler
                0x08000494                TIM6_DAC_IRQHandler
                0x08000494                DMA2_Stream3_IRQHandler
                0x08000494                OCTOSPI2_IRQHandler
                0x08000494                DFSDM1_FLT3_IRQHandler
                0x08000494                TIM23_IRQHandler
                0x08000494                USART6_IRQHandler
                0x08000494                TIM17_IRQHandler
                0x08000494                USART3_IRQHandler
                0x08000494                BDMA_Channel7_IRQHandler
                0x08000494                LPTIM5_IRQHandler
                0x08000494                UART5_IRQHandler
                0x08000494                ADC3_IRQHandler
                0x08000494                DMA2_Stream0_IRQHandler
                0x08000494                TIM4_IRQHandler
                0x08000494                BDMA_Channel2_IRQHandler
                0x08000494                I2C1_EV_IRQHandler
                0x08000494                DMA1_Stream6_IRQHandler
                0x08000494                DMAMUX1_OVR_IRQHandler
                0x08000494                DMA1_Stream1_IRQHandler
                0x08000494                TIM16_IRQHandler
                0x08000494                UART4_IRQHandler
                0x08000494                BDMA_Channel5_IRQHandler
                0x08000494                TIM3_IRQHandler
                0x08000494                RCC_IRQHandler
                0x08000494                UART9_IRQHandler
                0x08000494                TIM8_BRK_TIM12_IRQHandler
                0x08000494                TIM1_TRG_COM_IRQHandler
                0x08000494                Default_Handler
                0x08000494                ECC_IRQHandler
                0x08000494                FMAC_IRQHandler
                0x08000494                CEC_IRQHandler
                0x08000494                EXTI15_10_IRQHandler
                0x08000494                BDMA_Channel0_IRQHandler
                0x08000494                ADC_IRQHandler
                0x08000494                I2C5_ER_IRQHandler
                0x08000494                DMA1_Stream7_IRQHandler
                0x08000494                SPI5_IRQHandler
                0x08000494                TIM7_IRQHandler
                0x08000494                FDCAN3_IT1_IRQHandler
                0x08000494                SDMMC1_IRQHandler
                0x08000494                TIM5_IRQHandler
                0x08000494                DMA2_Stream7_IRQHandler
                0x08000494                TIM15_IRQHandler
                0x08000494                PVD_AVD_IRQHandler
                0x08000494                I2C3_EV_IRQHandler
                0x08000494                EXTI9_5_IRQHandler
                0x08000494                RTC_WKUP_IRQHandler
                0x08000494                LTDC_IRQHandler
                0x08000494                ETH_WKUP_IRQHandler
                0x08000494                SPDIF_RX_IRQHandler
                0x08000494                SPI2_IRQHandler
                0x08000494                OTG_HS_EP1_IN_IRQHandler
                0x08000494                MemManage_Handler
                0x08000494                DMA1_Stream0_IRQHandler
                0x08000494                TIM24_IRQHandler
                0x08000494                SVC_Handler
                0x08000494                CRS_IRQHandler
                0x08000494                EXTI4_IRQHandler
                0x08000494                RNG_IRQHandler
                0x08000494                FDCAN2_IT1_IRQHandler
                0x08000494                ETH_IRQHandler
                0x08000494                TIM1_UP_IRQHandler
                0x08000494                BDMA_Channel4_IRQHandler
                0x08000494                OTG_HS_EP1_OUT_IRQHandler
                0x08000494                WWDG_IRQHandler
                0x08000494                SPI6_IRQHandler
                0x08000494                MDIOS_IRQHandler
                0x08000494                I2C4_EV_IRQHandler
                0x08000494                FDCAN2_IT0_IRQHandler
                0x08000494                LPUART1_IRQHandler
                0x08000494                FDCAN1_IT0_IRQHandler
                0x08000494                TIM2_IRQHandler
                0x08000494                DMA2D_IRQHandler
                0x08000494                TIM1_BRK_IRQHandler
                0x08000494                EXTI1_IRQHandler
                0x08000494                SDMMC2_IRQHandler
                0x08000494                BDMA_Channel3_IRQHandler
                0x08000494                DTS_IRQHandler
                0x08000494                UART7_IRQHandler
                0x08000494                MDIOS_WKUP_IRQHandler
                0x08000494                USART2_IRQHandler
                0x08000494                DFSDM1_FLT0_IRQHandler
                0x08000494                SAI4_IRQHandler
                0x08000494                I2C2_ER_IRQHandler
                0x08000494                DMA2_Stream1_IRQHandler
                0x08000494                FLASH_IRQHandler
                0x08000494                DMA2_Stream4_IRQHandler
                0x08000494                BusFault_Handler
                0x08000494                USART1_IRQHandler
                0x08000494                SPI3_IRQHandler
                0x08000494                WAKEUP_PIN_IRQHandler
                0x08000494                DMA1_Stream4_IRQHandler
                0x08000494                I2C1_ER_IRQHandler
                0x08000494                FMC_IRQHandler
                0x08000494                FDCAN_CAL_IRQHandler
                0x08000494                SWPMI1_IRQHandler
                0x08000494                COMP1_IRQHandler
                0x08000494                LPTIM1_IRQHandler
                0x08000494                DCMI_PSSI_IRQHandler
                0x08000494                I2C4_ER_IRQHandler
                0x08000494                DMA2_Stream6_IRQHandler
                0x08000494                SAI1_IRQHandler
                0x08000494                DMA1_Stream3_IRQHandler
 *fill*         0x08000496        0x2 
 .text.ExitRun0Mode
                0x08000498       0x18 CMakeFiles/DM_MC02_Gyro_3m.elf.dir/src/exit_run0_mode.c.obj
                0x08000498                ExitRun0Mode
 .text.log_route_sample
                0x080004b0       0x68 CMakeFiles/DM_MC02_Gyro_3m.elf.dir/src/main.c.obj
 .text.enter_fault
                0x08000518       0x88 CMakeFiles/DM_MC02_Gyro_3m.elf.dir/src/main.c.obj
 .text.update_imu
                0x080005a0       0x70 CMakeFiles/DM_MC02_Gyro_3m.elf.dir/src/main.c.obj
 .text.run_translation
                0x08000610      0x2e8 CMakeFiles/DM_MC02_Gyro_3m.elf.dir/src/main.c.obj
 .text.run_relative_turn
                0x080008f8      0x204 CMakeFiles/DM_MC02_Gyro_3m.elf.dir/src/main.c.obj
 .text.hold_zero
                0x08000afc       0x4c CMakeFiles/DM_MC02_Gyro_3m.elf.dir/src/main.c.obj
 .text.startup.main
                0x08000b48      0x694 CMakeFiles/DM_MC02_Gyro_3m.elf.dir/src/main.c.obj
                0x08000b48                main
 .text.Error_Handler
                0x080011dc        0x4 CMakeFiles/DM_MC02_Gyro_3m.elf.dir/src/main.c.obj
                0x080011dc                Error_Handler
 .text.fdcan_protocol_healthy
                0x080011e0       0x48 CMakeFiles/DM_MC02_Gyro_3m.elf.dir/src/board.c.obj
 .text.board_init
                0x08001228      0x51c CMakeFiles/DM_MC02_Gyro_3m.elf.dir/src/board.c.obj
                0x08001228                board_init
 .text.board_servo_set_angle_deg_index
                0x08001744       0x84 CMakeFiles/DM_MC02_Gyro_3m.elf.dir/src/board.c.obj
                0x08001744                board_servo_set_angle_deg_index
 .text.board_usb_write
                0x080017c8       0x68 CMakeFiles/DM_MC02_Gyro_3m.elf.dir/src/board.c.obj
                0x080017c8                board_usb_write
 .text.board_uart1_write
                0x08001830       0x30 CMakeFiles/DM_MC02_Gyro_3m.elf.dir/src/board.c.obj
                0x08001830                board_uart1_write
 .text.HAL_UART_MspInit
                0x08001860       0x80 CMakeFiles/DM_MC02_Gyro_3m.elf.dir/src/board.c.obj
                0x08001860                HAL_UART_MspInit
 .text.board_fdcan1_abort_all_pending
                0x080018e0       0x74 CMakeFiles/DM_MC02_Gyro_3m.elf.dir/src/board.c.obj
                0x080018e0                board_fdcan1_abort_all_pending
 .text.board_fdcan1_wait_tx_fifo_free
                0x08001954       0x5c CMakeFiles/DM_MC02_Gyro_3m.elf.dir/src/board.c.obj
                0x08001954                board_fdcan1_wait_tx_fifo_free
 .text.board_fdcan1_send_classic_std8_batch4
                0x080019b0       0xb8 CMakeFiles/DM_MC02_Gyro_3m.elf.dir/src/board.c.obj
                0x080019b0                board_fdcan1_send_classic_std8_batch4
 .text.board_fdcan1_read_classic_std8
                0x08001a68       0x5c CMakeFiles/DM_MC02_Gyro_3m.elf.dir/src/board.c.obj
                0x08001a68                board_fdcan1_read_classic_std8
 .text.HAL_SPI_MspInit
                0x08001ac4       0xcc CMakeFiles/DM_MC02_Gyro_3m.elf.dir/src/board.c.obj
                0x08001ac4                HAL_SPI_MspInit
 .text.HAL_FDCAN_MspInit
                0x08001b90       0xbc CMakeFiles/DM_MC02_Gyro_3m.elf.dir/src/board.c.obj
                0x08001b90                HAL_FDCAN_MspInit
 .text.HAL_MspInit
                0x08001c4c       0x24 CMakeFiles/DM_MC02_Gyro_3m.elf.dir/src/board.c.obj
                0x08001c4c                HAL_MspInit
 .text.SysTick_Handler
                0x08001c70        0x4 CMakeFiles/DM_MC02_Gyro_3m.elf.dir/src/board.c.obj
                0x08001c70                SysTick_Handler
 .text.OTG_HS_IRQHandler
                0x08001c74        0xc CMakeFiles/DM_MC02_Gyro_3m.elf.dir/src/board.c.obj
                0x08001c74                OTG_HS_IRQHandler
 .text.mecanum_inverse
                0x08001c80       0xf0 CMakeFiles/DM_MC02_Gyro_3m.elf.dir/src/mecanum.c.obj
                0x08001c80                mecanum_inverse
 .text.mecanum_forward
                0x08001d70       0xec CMakeFiles/DM_MC02_Gyro_3m.elf.dir/src/mecanum.c.obj
                0x08001d70                mecanum_forward
 .text.send_special_batch
                0x08001e5c       0x54 CMakeFiles/DM_MC02_Gyro_3m.elf.dir/src/motor_output.c.obj
 .text.send_special_to_all
                0x08001eb0       0x38 CMakeFiles/DM_MC02_Gyro_3m.elf.dir/src/motor_output.c.obj
 .text.motor_send_wheel_speeds
                0x08001ee8       0x60 CMakeFiles/DM_MC02_Gyro_3m.elf.dir/src/motor_output.c.obj
                0x08001ee8                motor_send_wheel_speeds
 .text.motor_send_zero_all
                0x08001f48       0x18 CMakeFiles/DM_MC02_Gyro_3m.elf.dir/src/motor_output.c.obj
                0x08001f48                motor_send_zero_all
 .text.motor_clear_errors_all
                0x08001f60        0xc CMakeFiles/DM_MC02_Gyro_3m.elf.dir/src/motor_output.c.obj
                0x08001f60                motor_clear_errors_all
 .text.motor_enable_all
                0x08001f6c        0xc CMakeFiles/DM_MC02_Gyro_3m.elf.dir/src/motor_output.c.obj
                0x08001f6c                motor_enable_all
 .text.motor_disable_all
                0x08001f78        0xc CMakeFiles/DM_MC02_Gyro_3m.elf.dir/src/motor_output.c.obj
                0x08001f78                motor_disable_all
 .text.motor_feedback_update
                0x08001f84       0xd8 CMakeFiles/DM_MC02_Gyro_3m.elf.dir/src/motor_output.c.obj
                0x08001f84                motor_feedback_update
 .text.log_slot_valid
                0x0800205c       0x7c CMakeFiles/DM_MC02_Gyro_3m.elf.dir/src/run_log.c.obj
 .text.find_latest_log.constprop.0
                0x080020d8       0x5c CMakeFiles/DM_MC02_Gyro_3m.elf.dir/src/run_log.c.obj
 .text.run_log_reset
                0x08002134       0x14 CMakeFiles/DM_MC02_Gyro_3m.elf.dir/src/run_log.c.obj
                0x08002134                run_log_reset
 .text.run_log_sample
                0x08002148       0x74 CMakeFiles/DM_MC02_Gyro_3m.elf.dir/src/run_log.c.obj
                0x08002148                run_log_sample
 *fill*         0x080021bc        0x4 
 .text.run_log_save
                0x080021c0      0x218 CMakeFiles/DM_MC02_Gyro_3m.elf.dir/src/run_log.c.obj
                0x080021c0                run_log_save
 .text.run_log_dump_stored
                0x080023d8      0x264 CMakeFiles/DM_MC02_Gyro_3m.elf.dir/src/run_log.c.obj
                0x080023d8                run_log_dump_stored
 .text.MX_USB_DEVICE_Init
                0x0800263c       0x7c CMakeFiles/DM_MC02_Gyro_3m.elf.dir/usb_device/app/usb_device.c.obj
                0x0800263c                MX_USB_DEVICE_Init
 .text.CDC_DeInit_HS
                0x080026b8        0x4 CMakeFiles/DM_MC02_Gyro_3m.elf.dir/usb_device/app/usbd_cdc_if.c.obj
 .text.CDC_Control_HS
                0x080026bc        0x4 CMakeFiles/DM_MC02_Gyro_3m.elf.dir/usb_device/app/usbd_cdc_if.c.obj
 .text.CDC_TransmitCplt_HS
                0x080026c0        0x4 CMakeFiles/DM_MC02_Gyro_3m.elf.dir/usb_device/app/usbd_cdc_if.c.obj
 .text.CDC_Receive_HS
                0x080026c4       0x58 CMakeFiles/DM_MC02_Gyro_3m.elf.dir/usb_device/app/usbd_cdc_if.c.obj
 .text.CDC_Init_HS
                0x0800271c       0x24 CMakeFiles/DM_MC02_Gyro_3m.elf.dir/usb_device/app/usbd_cdc_if.c.obj
 .text.CDC_Transmit_HS
                0x08002740       0x38 CMakeFiles/DM_MC02_Gyro_3m.elf.dir/usb_device/app/usbd_cdc_if.c.obj
                0x08002740                CDC_Transmit_HS
 .text.USBD_HS_DeviceDescriptor
                0x08002778        0xc CMakeFiles/DM_MC02_Gyro_3m.elf.dir/usb_device/app/usbd_desc.c.obj
                0x08002778                USBD_HS_DeviceDescriptor
 .text.USBD_HS_LangIDStrDescriptor
                0x08002784        0xc CMakeFiles/DM_MC02_Gyro_3m.elf.dir/usb_device/app/usbd_desc.c.obj
                0x08002784                USBD_HS_LangIDStrDescriptor
 .text.USBD_HS_ManufacturerStrDescriptor
                0x08002790       0x18 CMakeFiles/DM_MC02_Gyro_3m.elf.dir/usb_device/app/usbd_desc.c.obj
                0x08002790                USBD_HS_ManufacturerStrDescriptor
 .text.USBD_HS_ProductStrDescriptor
                0x080027a8       0x18 CMakeFiles/DM_MC02_Gyro_3m.elf.dir/usb_device/app/usbd_desc.c.obj
                0x080027a8                USBD_HS_ProductStrDescriptor
 .text.USBD_HS_ConfigStrDescriptor
                0x080027c0       0x18 CMakeFiles/DM_MC02_Gyro_3m.elf.dir/usb_device/app/usbd_desc.c.obj
                0x080027c0                USBD_HS_ConfigStrDescriptor
 .text.USBD_HS_InterfaceStrDescriptor
                0x080027d8       0x18 CMakeFiles/DM_MC02_Gyro_3m.elf.dir/usb_device/app/usbd_desc.c.obj
                0x080027d8                USBD_HS_InterfaceStrDescriptor
 .text.USBD_HS_SerialStrDescriptor
                0x080027f0       0x74 CMakeFiles/DM_MC02_Gyro_3m.elf.dir/usb_device/app/usbd_desc.c.obj
                0x080027f0                USBD_HS_SerialStrDescriptor
 *fill*         0x08002864        0x4 
 .text.HAL_PCD_MspInit
                0x08002868       0x80 CMakeFiles/DM_MC02_Gyro_3m.elf.dir/usb_device/target/usbd_conf.c.obj
                0x08002868                HAL_PCD_MspInit
 .text.HAL_PCD_SetupStageCallback
                0x080028e8        0xc CMakeFiles/DM_MC02_Gyro_3m.elf.dir/usb_device/target/usbd_conf.c.obj
                0x080028e8                HAL_PCD_SetupStageCallback
 .text.HAL_PCD_DataOutStageCallback
                0x080028f4       0x18 CMakeFiles/DM_MC02_Gyro_3m.elf.dir/usb_device/target/usbd_conf.c.obj
                0x080028f4                HAL_PCD_DataOutStageCallback
 .text.HAL_PCD_DataInStageCallback
                0x0800290c       0x14 CMakeFiles/DM_MC02_Gyro_3m.elf.dir/usb_device/target/usbd_conf.c.obj
                0x0800290c                HAL_PCD_DataInStageCallback
 .text.HAL_PCD_SOFCallback
                0x08002920        0x8 CMakeFiles/DM_MC02_Gyro_3m.elf.dir/usb_device/target/usbd_conf.c.obj
                0x08002920                HAL_PCD_SOFCallback
 .text.HAL_PCD_ResetCallback
                0x08002928       0x2c CMakeFiles/DM_MC02_Gyro_3m.elf.dir/usb_device/target/usbd_conf.c.obj
                0x08002928                HAL_PCD_ResetCallback
 .text.HAL_PCD_SuspendCallback
                0x08002954       0x30 CMakeFiles/DM_MC02_Gyro_3m.elf.dir/usb_device/target/usbd_conf.c.obj
                0x08002954                HAL_PCD_SuspendCallback
 .text.HAL_PCD_ResumeCallback
                0x08002984        0x8 CMakeFiles/DM_MC02_Gyro_3m.elf.dir/usb_device/target/usbd_conf.c.obj
                0x08002984                HAL_PCD_ResumeCallback
 .text.HAL_PCD_ISOOUTIncompleteCallback
                0x0800298c        0x8 CMakeFiles/DM_MC02_Gyro_3m.elf.dir/usb_device/target/usbd_conf.c.obj
                0x0800298c                HAL_PCD_ISOOUTIncompleteCallback
 .text.HAL_PCD_ISOINIncompleteCallback
                0x08002994        0x8 CMakeFiles/DM_MC02_Gyro_3m.elf.dir/usb_device/target/usbd_conf.c.obj
                0x08002994                HAL_PCD_ISOINIncompleteCallback
 .text.HAL_PCD_ConnectCallback
                0x0800299c        0x8 CMakeFiles/DM_MC02_Gyro_3m.elf.dir/usb_device/target/usbd_conf.c.obj
                0x0800299c                HAL_PCD_ConnectCallback
 .text.HAL_PCD_DisconnectCallback
                0x080029a4        0x8 CMakeFiles/DM_MC02_Gyro_3m.elf.dir/usb_device/target/usbd_conf.c.obj
                0x080029a4                HAL_PCD_DisconnectCallback
 .text.USBD_LL_Init
                0x080029ac       0x74 CMakeFiles/DM_MC02_Gyro_3m.elf.dir/usb_device/target/usbd_conf.c.obj
                0x080029ac                USBD_LL_Init
 .text.USBD_LL_Start
                0x08002a20       0x30 CMakeFiles/DM_MC02_Gyro_3m.elf.dir/usb_device/target/usbd_conf.c.obj
                0x08002a20                USBD_LL_Start
 .text.USBD_LL_OpenEP
                0x08002a50       0x1c CMakeFiles/DM_MC02_Gyro_3m.elf.dir/usb_device/target/usbd_conf.c.obj
                0x08002a50                USBD_LL_OpenEP
 .text.USBD_LL_CloseEP
                0x08002a6c       0x18 CMakeFiles/DM_MC02_Gyro_3m.elf.dir/usb_device/target/usbd_conf.c.obj
                0x08002a6c                USBD_LL_CloseEP
 .text.USBD_LL_StallEP
                0x08002a84       0x18 CMakeFiles/DM_MC02_Gyro_3m.elf.dir/usb_device/target/usbd_conf.c.obj
                0x08002a84                USBD_LL_StallEP
 .text.USBD_LL_ClearStallEP
                0x08002a9c       0x18 CMakeFiles/DM_MC02_Gyro_3m.elf.dir/usb_device/target/usbd_conf.c.obj
                0x08002a9c                USBD_LL_ClearStallEP
 .text.USBD_LL_IsStallEP
                0x08002ab4       0x28 CMakeFiles/DM_MC02_Gyro_3m.elf.dir/usb_device/target/usbd_conf.c.obj
                0x08002ab4                USBD_LL_IsStallEP
 .text.USBD_LL_SetUSBAddress
                0x08002adc       0x18 CMakeFiles/DM_MC02_Gyro_3m.elf.dir/usb_device/target/usbd_conf.c.obj
                0x08002adc                USBD_LL_SetUSBAddress
 .text.USBD_LL_Transmit
                0x08002af4       0x18 CMakeFiles/DM_MC02_Gyro_3m.elf.dir/usb_device/target/usbd_conf.c.obj
                0x08002af4                USBD_LL_Transmit
 .text.USBD_LL_PrepareReceive
                0x08002b0c       0x18 CMakeFiles/DM_MC02_Gyro_3m.elf.dir/usb_device/target/usbd_conf.c.obj
                0x08002b0c                USBD_LL_PrepareReceive
 .text.USBD_LL_GetRxDataSize
                0x08002b24        0x8 CMakeFiles/DM_MC02_Gyro_3m.elf.dir/usb_device/target/usbd_conf.c.obj
                0x08002b24                USBD_LL_GetRxDataSize
 .text.USBD_static_malloc
                0x08002b2c        0x8 CMakeFiles/DM_MC02_Gyro_3m.elf.dir/usb_device/target/usbd_conf.c.obj
                0x08002b2c                USBD_static_malloc
 .text.USBD_static_free
                0x08002b34        0x4 CMakeFiles/DM_MC02_Gyro_3m.elf.dir/usb_device/target/usbd_conf.c.obj
                0x08002b34                USBD_static_free
 .text.bmi088_accel_init
                0x08002b38      0x10c CMakeFiles/DM_MC02_Gyro_3m.elf.dir/bmi088/BMI088driver.c.obj
                0x08002b38                bmi088_accel_init
 .text.bmi088_gyro_init
                0x08002c44       0xf0 CMakeFiles/DM_MC02_Gyro_3m.elf.dir/bmi088/BMI088driver.c.obj
                0x08002c44                bmi088_gyro_init
 .text.BMI088_init
                0x08002d34       0x1c CMakeFiles/DM_MC02_Gyro_3m.elf.dir/bmi088/BMI088driver.c.obj
                0x08002d34                BMI088_init
 .text.BMI088_read
                0x08002d50      0x150 CMakeFiles/DM_MC02_Gyro_3m.elf.dir/bmi088/BMI088driver.c.obj
                0x08002d50                BMI088_read
 .text.BMI088_GPIO_init
                0x08002ea0        0x4 CMakeFiles/DM_MC02_Gyro_3m.elf.dir/bmi088/BMI088Middleware.c.obj
                0x08002ea0                BMI088_GPIO_init
 .text.BMI088_com_init
                0x08002ea4        0x4 CMakeFiles/DM_MC02_Gyro_3m.elf.dir/bmi088/BMI088Middleware.c.obj
                0x08002ea4                BMI088_com_init
 .text.BMI088_delay_ms
                0x08002ea8       0x48 CMakeFiles/DM_MC02_Gyro_3m.elf.dir/bmi088/BMI088Middleware.c.obj
                0x08002ea8                BMI088_delay_ms
 .text.BMI088_delay_us
                0x08002ef0       0x38 CMakeFiles/DM_MC02_Gyro_3m.elf.dir/bmi088/BMI088Middleware.c.obj
                0x08002ef0                BMI088_delay_us
 .text.BMI088_ACCEL_NS_L
                0x08002f28       0x10 CMakeFiles/DM_MC02_Gyro_3m.elf.dir/bmi088/BMI088Middleware.c.obj
                0x08002f28                BMI088_ACCEL_NS_L
 .text.BMI088_ACCEL_NS_H
                0x08002f38       0x10 CMakeFiles/DM_MC02_Gyro_3m.elf.dir/bmi088/BMI088Middleware.c.obj
                0x08002f38                BMI088_ACCEL_NS_H
 .text.BMI088_GYRO_NS_L
                0x08002f48       0x10 CMakeFiles/DM_MC02_Gyro_3m.elf.dir/bmi088/BMI088Middleware.c.obj
                0x08002f48                BMI088_GYRO_NS_L
 .text.BMI088_GYRO_NS_H
                0x08002f58       0x10 CMakeFiles/DM_MC02_Gyro_3m.elf.dir/bmi088/BMI088Middleware.c.obj
                0x08002f58                BMI088_GYRO_NS_H
 .text.BMI088_read_write_byte
                0x08002f68       0x2c CMakeFiles/DM_MC02_Gyro_3m.elf.dir/bmi088/BMI088Middleware.c.obj
                0x08002f68                BMI088_read_write_byte
 .text.dm_pack_clear_error
                0x08002f94       0x1c CMakeFiles/DM_MC02_Gyro_3m.elf.dir/vendor/dm_motor/dm_motor_protocol.c.obj
                0x08002f94                dm_pack_clear_error
 .text.dm_pack_enable
                0x08002fb0       0x1c CMakeFiles/DM_MC02_Gyro_3m.elf.dir/vendor/dm_motor/dm_motor_protocol.c.obj
                0x08002fb0                dm_pack_enable
 .text.dm_pack_disable
                0x08002fcc       0x1c CMakeFiles/DM_MC02_Gyro_3m.elf.dir/vendor/dm_motor/dm_motor_protocol.c.obj
                0x08002fcc                dm_pack_disable
 .text.dm_unpack_feedback
                0x08002fe8       0xe0 CMakeFiles/DM_MC02_Gyro_3m.elf.dir/vendor/dm_motor/dm_motor_protocol.c.obj
                0x08002fe8                dm_unpack_feedback
 .text.dm_pack_velocity
                0x080030c8       0x18 CMakeFiles/DM_MC02_Gyro_3m.elf.dir/vendor/dm_motor/dm_motor_protocol.c.obj
                0x080030c8                dm_pack_velocity
 .text.SystemInit
                0x080030e0       0xb0 CMakeFiles/DM_MC02_Gyro_3m.elf.dir/vendor/stm32/system_stm32h7xx.c.obj
                0x080030e0                SystemInit
 .text.HAL_InitTick
                0x08003190       0x54 CMakeFiles/DM_MC02_Gyro_3m.elf.dir/vendor/stm32/Drivers/STM32H7xx_HAL_Driver/Src/stm32h7xx_hal.c.obj
                0x08003190                HAL_InitTick
 .text.HAL_Init
                0x080031e4       0x60 CMakeFiles/DM_MC02_Gyro_3m.elf.dir/vendor/stm32/Drivers/STM32H7xx_HAL_Driver/Src/stm32h7xx_hal.c.obj
                0x080031e4                HAL_Init
 .text.HAL_IncTick
                0x08003244       0x18 CMakeFiles/DM_MC02_Gyro_3m.elf.dir/vendor/stm32/Drivers/STM32H7xx_HAL_Driver/Src/stm32h7xx_hal.c.obj
                0x08003244                HAL_IncTick
 .text.HAL_GetTick
                0x0800325c        0xc CMakeFiles/DM_MC02_Gyro_3m.elf.dir/vendor/stm32/Drivers/STM32H7xx_HAL_Driver/Src/stm32h7xx_hal.c.obj
                0x0800325c                HAL_GetTick
 .text.HAL_Delay
                0x08003268       0x24 CMakeFiles/DM_MC02_Gyro_3m.elf.dir/vendor/stm32/Drivers/STM32H7xx_HAL_Driver/Src/stm32h7xx_hal.c.obj
                0x08003268                HAL_Delay
 .text.HAL_NVIC_SetPriorityGrouping
                0x0800328c       0x24 CMakeFiles/DM_MC02_Gyro_3m.elf.dir/vendor/stm32/Drivers/STM32H7xx_HAL_Driver/Src/stm32h7xx_hal_cortex.c.obj
                0x0800328c                HAL_NVIC_SetPriorityGrouping
 .text.HAL_NVIC_SetPriority
                0x080032b0       0x60 CMakeFiles/DM_MC02_Gyro_3m.elf.dir/vendor/stm32/Drivers/STM32H7xx_HAL_Driver/Src/stm32h7xx_hal_cortex.c.obj
                0x080032b0                HAL_NVIC_SetPriority
 .text.HAL_NVIC_EnableIRQ
                0x08003310       0x1c CMakeFiles/DM_MC02_Gyro_3m.elf.dir/vendor/stm32/Drivers/STM32H7xx_HAL_Driver/Src/stm32h7xx_hal_cortex.c.obj
                0x08003310                HAL_NVIC_EnableIRQ
 .text.HAL_SYSTICK_Config
                0x0800332c       0x2c CMakeFiles/DM_MC02_Gyro_3m.elf.dir/vendor/stm32/Drivers/STM32H7xx_HAL_Driver/Src/stm32h7xx_hal_cortex.c.obj
                0x0800332c                HAL_SYSTICK_Config
 .text.FDCAN_CopyMessageToRAM
                0x08003358       0x84 CMakeFiles/DM_MC02_Gyro_3m.elf.dir/vendor/stm32/Drivers/STM32H7xx_HAL_Driver/Src/stm32h7xx_hal_fdcan.c.obj
 .text.HAL_FDCAN_Init
                0x080033dc      0x3ec CMakeFiles/DM_MC02_Gyro_3m.elf.dir/vendor/stm32/Drivers/STM32H7xx_HAL_Driver/Src/stm32h7xx_hal_fdcan.c.obj
                0x080033dc                HAL_FDCAN_Init
 .text.HAL_FDCAN_ConfigGlobalFilter
                0x080037c8       0x34 CMakeFiles/DM_MC02_Gyro_3m.elf.dir/vendor/stm32/Drivers/STM32H7xx_HAL_Driver/Src/stm32h7xx_hal_fdcan.c.obj
                0x080037c8                HAL_FDCAN_ConfigGlobalFilter
 .text.HAL_FDCAN_Start
                0x080037fc       0x3c CMakeFiles/DM_MC02_Gyro_3m.elf.dir/vendor/stm32/Drivers/STM32H7xx_HAL_Driver/Src/stm32h7xx_hal_fdcan.c.obj
                0x080037fc                HAL_FDCAN_Start
 .text.HAL_FDCAN_AddMessageToTxFifoQ
                0x08003838       0x7c CMakeFiles/DM_MC02_Gyro_3m.elf.dir/vendor/stm32/Drivers/STM32H7xx_HAL_Driver/Src/stm32h7xx_hal_fdcan.c.obj
                0x08003838                HAL_FDCAN_AddMessageToTxFifoQ
 .text.HAL_FDCAN_GetLatestTxFifoQRequestBuffer
                0x080038b4        0x8 CMakeFiles/DM_MC02_Gyro_3m.elf.dir/vendor/stm32/Drivers/STM32H7xx_HAL_Driver/Src/stm32h7xx_hal_fdcan.c.obj
                0x080038b4                HAL_FDCAN_GetLatestTxFifoQRequestBuffer
 .text.HAL_FDCAN_AbortTxRequest
                0x080038bc       0x24 CMakeFiles/DM_MC02_Gyro_3m.elf.dir/vendor/stm32/Drivers/STM32H7xx_HAL_Driver/Src/stm32h7xx_hal_fdcan.c.obj
                0x080038bc                HAL_FDCAN_AbortTxRequest
 .text.HAL_FDCAN_GetRxMessage
                0x080038e0      0x180 CMakeFiles/DM_MC02_Gyro_3m.elf.dir/vendor/stm32/Drivers/STM32H7xx_HAL_Driver/Src/stm32h7xx_hal_fdcan.c.obj
                0x080038e0                HAL_FDCAN_GetRxMessage
 .text.HAL_FDCAN_GetProtocolStatus
                0x08003a60       0x4c CMakeFiles/DM_MC02_Gyro_3m.elf.dir/vendor/stm32/Drivers/STM32H7xx_HAL_Driver/Src/stm32h7xx_hal_fdcan.c.obj
                0x08003a60                HAL_FDCAN_GetProtocolStatus
 .text.HAL_FDCAN_GetRxFifoFillLevel
                0x08003aac       0x1c CMakeFiles/DM_MC02_Gyro_3m.elf.dir/vendor/stm32/Drivers/STM32H7xx_HAL_Driver/Src/stm32h7xx_hal_fdcan.c.obj
                0x08003aac                HAL_FDCAN_GetRxFifoFillLevel
 .text.HAL_FDCAN_GetTxFifoFreeLevel
                0x08003ac8        0xc CMakeFiles/DM_MC02_Gyro_3m.elf.dir/vendor/stm32/Drivers/STM32H7xx_HAL_Driver/Src/stm32h7xx_hal_fdcan.c.obj
                0x08003ac8                HAL_FDCAN_GetTxFifoFreeLevel
 .text.HAL_FLASH_Unlock
                0x08003ad4       0x28 CMakeFiles/DM_MC02_Gyro_3m.elf.dir/vendor/stm32/Drivers/STM32H7xx_HAL_Driver/Src/stm32h7xx_hal_flash.c.obj
                0x08003ad4                HAL_FLASH_Unlock
 .text.HAL_FLASH_Lock
                0x08003afc       0x18 CMakeFiles/DM_MC02_Gyro_3m.elf.dir/vendor/stm32/Drivers/STM32H7xx_HAL_Driver/Src/stm32h7xx_hal_flash.c.obj
                0x08003afc                HAL_FLASH_Lock
 .text.FLASH_WaitForLastOperation
                0x08003b14       0x74 CMakeFiles/DM_MC02_Gyro_3m.elf.dir/vendor/stm32/Drivers/STM32H7xx_HAL_Driver/Src/stm32h7xx_hal_flash.c.obj
                0x08003b14                FLASH_WaitForLastOperation
 .text.HAL_FLASH_Program
                0x08003b88       0x84 CMakeFiles/DM_MC02_Gyro_3m.elf.dir/vendor/stm32/Drivers/STM32H7xx_HAL_Driver/Src/stm32h7xx_hal_flash.c.obj
                0x08003b88                HAL_FLASH_Program
 .text.HAL_FLASHEx_Erase
                0x08003c0c      0x100 CMakeFiles/DM_MC02_Gyro_3m.elf.dir/vendor/stm32/Drivers/STM32H7xx_HAL_Driver/Src/stm32h7xx_hal_flash_ex.c.obj
                0x08003c0c                HAL_FLASHEx_Erase
 .text.HAL_GPIO_Init
                0x08003d0c      0x26c CMakeFiles/DM_MC02_Gyro_3m.elf.dir/vendor/stm32/Drivers/STM32H7xx_HAL_Driver/Src/stm32h7xx_hal_gpio.c.obj
                0x08003d0c                HAL_GPIO_Init
 .text.HAL_GPIO_WritePin
                0x08003f78        0x8 CMakeFiles/DM_MC02_Gyro_3m.elf.dir/vendor/stm32/Drivers/STM32H7xx_HAL_Driver/Src/stm32h7xx_hal_gpio.c.obj
                0x08003f78                HAL_GPIO_WritePin
 .text.HAL_PWREx_ConfigSupply
                0x08003f80       0x48 CMakeFiles/DM_MC02_Gyro_3m.elf.dir/vendor/stm32/Drivers/STM32H7xx_HAL_Driver/Src/stm32h7xx_hal_pwr_ex.c.obj
                0x08003f80                HAL_PWREx_ConfigSupply
 .text.HAL_PWREx_EnableUSBVoltageDetector
                0x08003fc8       0x10 CMakeFiles/DM_MC02_Gyro_3m.elf.dir/vendor/stm32/Drivers/STM32H7xx_HAL_Driver/Src/stm32h7xx_hal_pwr_ex.c.obj
                0x08003fc8                HAL_PWREx_EnableUSBVoltageDetector
 .text.HAL_PCD_Init
                0x08003fd8      0x130 CMakeFiles/DM_MC02_Gyro_3m.elf.dir/vendor/stm32/Drivers/STM32H7xx_HAL_Driver/Src/stm32h7xx_hal_pcd.c.obj
                0x08003fd8                HAL_PCD_Init
 .text.HAL_PCD_Start
                0x08004108       0x44 CMakeFiles/DM_MC02_Gyro_3m.elf.dir/vendor/stm32/Drivers/STM32H7xx_HAL_Driver/Src/stm32h7xx_hal_pcd.c.obj
                0x08004108                HAL_PCD_Start
 .text.HAL_PCD_IRQHandler
                0x0800414c      0x7e8 CMakeFiles/DM_MC02_Gyro_3m.elf.dir/vendor/stm32/Drivers/STM32H7xx_HAL_Driver/Src/stm32h7xx_hal_pcd.c.obj
                0x0800414c                HAL_PCD_IRQHandler
 .text.HAL_PCD_DevDisconnect
                0x08004934       0x58 CMakeFiles/DM_MC02_Gyro_3m.elf.dir/vendor/stm32/Drivers/STM32H7xx_HAL_Driver/Src/stm32h7xx_hal_pcd.c.obj
                0x08004934                HAL_PCD_DevDisconnect
 .text.HAL_PCD_SetAddress
                0x0800498c       0x34 CMakeFiles/DM_MC02_Gyro_3m.elf.dir/vendor/stm32/Drivers/STM32H7xx_HAL_Driver/Src/stm32h7xx_hal_pcd.c.obj
                0x0800498c                HAL_PCD_SetAddress
 .text.HAL_PCD_EP_Open
                0x080049c0       0x7c CMakeFiles/DM_MC02_Gyro_3m.elf.dir/vendor/stm32/Drivers/STM32H7xx_HAL_Driver/Src/stm32h7xx_hal_pcd.c.obj
                0x080049c0                HAL_PCD_EP_Open
 .text.HAL_PCD_EP_Close
                0x08004a3c       0x6c CMakeFiles/DM_MC02_Gyro_3m.elf.dir/vendor/stm32/Drivers/STM32H7xx_HAL_Driver/Src/stm32h7xx_hal_pcd.c.obj
                0x08004a3c                HAL_PCD_EP_Close
 .text.HAL_PCD_EP_Receive
                0x08004aa8       0x48 CMakeFiles/DM_MC02_Gyro_3m.elf.dir/vendor/stm32/Drivers/STM32H7xx_HAL_Driver/Src/stm32h7xx_hal_pcd.c.obj
                0x08004aa8                HAL_PCD_EP_Receive
 .text.HAL_PCD_EP_GetRxCount
                0x08004af0       0x14 CMakeFiles/DM_MC02_Gyro_3m.elf.dir/vendor/stm32/Drivers/STM32H7xx_HAL_Driver/Src/stm32h7xx_hal_pcd.c.obj
                0x08004af0                HAL_PCD_EP_GetRxCount
 .text.HAL_PCD_EP_Transmit
                0x08004b04       0x44 CMakeFiles/DM_MC02_Gyro_3m.elf.dir/vendor/stm32/Drivers/STM32H7xx_HAL_Driver/Src/stm32h7xx_hal_pcd.c.obj
                0x08004b04                HAL_PCD_EP_Transmit
 .text.HAL_PCD_EP_SetStall
                0x08004b48       0x98 CMakeFiles/DM_MC02_Gyro_3m.elf.dir/vendor/stm32/Drivers/STM32H7xx_HAL_Driver/Src/stm32h7xx_hal_pcd.c.obj
                0x08004b48                HAL_PCD_EP_SetStall
 .text.HAL_PCD_EP_ClrStall
                0x08004be0       0x78 CMakeFiles/DM_MC02_Gyro_3m.elf.dir/vendor/stm32/Drivers/STM32H7xx_HAL_Driver/Src/stm32h7xx_hal_pcd.c.obj
                0x08004be0                HAL_PCD_EP_ClrStall
 .text.HAL_PCDEx_SetTxFiFo
                0x08004c58       0x4c CMakeFiles/DM_MC02_Gyro_3m.elf.dir/vendor/stm32/Drivers/STM32H7xx_HAL_Driver/Src/stm32h7xx_hal_pcd_ex.c.obj
                0x08004c58                HAL_PCDEx_SetTxFiFo
 .text.HAL_PCDEx_SetRxFiFo
                0x08004ca4        0xc CMakeFiles/DM_MC02_Gyro_3m.elf.dir/vendor/stm32/Drivers/STM32H7xx_HAL_Driver/Src/stm32h7xx_hal_pcd_ex.c.obj
                0x08004ca4                HAL_PCDEx_SetRxFiFo
 .text.HAL_PCDEx_ActivateLPM
                0x08004cb0       0x28 CMakeFiles/DM_MC02_Gyro_3m.elf.dir/vendor/stm32/Drivers/STM32H7xx_HAL_Driver/Src/stm32h7xx_hal_pcd_ex.c.obj
                0x08004cb0                HAL_PCDEx_ActivateLPM
 .text.HAL_PCDEx_LPM_Callback
                0x08004cd8        0x4 CMakeFiles/DM_MC02_Gyro_3m.elf.dir/vendor/stm32/Drivers/STM32H7xx_HAL_Driver/Src/stm32h7xx_hal_pcd_ex.c.obj
                0x08004cd8                HAL_PCDEx_LPM_Callback
 .text.HAL_RCC_GetSysClockFreq.part.0
                0x08004cdc       0xe8 CMakeFiles/DM_MC02_Gyro_3m.elf.dir/vendor/stm32/Drivers/STM32H7xx_HAL_Driver/Src/stm32h7xx_hal_rcc.c.obj
 .text.HAL_RCC_OscConfig
                0x08004dc4      0x554 CMakeFiles/DM_MC02_Gyro_3m.elf.dir/vendor/stm32/Drivers/STM32H7xx_HAL_Driver/Src/stm32h7xx_hal_rcc.c.obj
                0x08004dc4                HAL_RCC_OscConfig
 .text.HAL_RCC_GetSysClockFreq
                0x08005318       0x44 CMakeFiles/DM_MC02_Gyro_3m.elf.dir/vendor/stm32/Drivers/STM32H7xx_HAL_Driver/Src/stm32h7xx_hal_rcc.c.obj
                0x08005318                HAL_RCC_GetSysClockFreq
 .text.HAL_RCC_ClockConfig
                0x0800535c      0x248 CMakeFiles/DM_MC02_Gyro_3m.elf.dir/vendor/stm32/Drivers/STM32H7xx_HAL_Driver/Src/stm32h7xx_hal_rcc.c.obj
                0x0800535c                HAL_RCC_ClockConfig
 .text.HAL_RCC_GetHCLKFreq
                0x080055a4       0x8c CMakeFiles/DM_MC02_Gyro_3m.elf.dir/vendor/stm32/Drivers/STM32H7xx_HAL_Driver/Src/stm32h7xx_hal_rcc.c.obj
                0x080055a4                HAL_RCC_GetHCLKFreq
 .text.HAL_RCC_GetPCLK1Freq
                0x08005630       0x24 CMakeFiles/DM_MC02_Gyro_3m.elf.dir/vendor/stm32/Drivers/STM32H7xx_HAL_Driver/Src/stm32h7xx_hal_rcc.c.obj
                0x08005630                HAL_RCC_GetPCLK1Freq
 .text.HAL_RCC_GetPCLK2Freq
                0x08005654       0x24 CMakeFiles/DM_MC02_Gyro_3m.elf.dir/vendor/stm32/Drivers/STM32H7xx_HAL_Driver/Src/stm32h7xx_hal_rcc.c.obj
                0x08005654                HAL_RCC_GetPCLK2Freq
 .text.RCCEx_PLL2_Config.part.0
                0x08005678       0xe0 CMakeFiles/DM_MC02_Gyro_3m.elf.dir/vendor/stm32/Drivers/STM32H7xx_HAL_Driver/Src/stm32h7xx_hal_rcc_ex.c.obj
 .text.RCCEx_PLL3_Config.part.0
                0x08005758       0xe0 CMakeFiles/DM_MC02_Gyro_3m.elf.dir/vendor/stm32/Drivers/STM32H7xx_HAL_Driver/Src/stm32h7xx_hal_rcc_ex.c.obj
 .text.HAL_RCCEx_PeriphCLKConfig
                0x08005838      0xdfc CMakeFiles/DM_MC02_Gyro_3m.elf.dir/vendor/stm32/Drivers/STM32H7xx_HAL_Driver/Src/stm32h7xx_hal_rcc_ex.c.obj
                0x08005838                HAL_RCCEx_PeriphCLKConfig
 .text.HAL_RCCEx_GetD3PCLK1Freq
                0x08006634       0x24 CMakeFiles/DM_MC02_Gyro_3m.elf.dir/vendor/stm32/Drivers/STM32H7xx_HAL_Driver/Src/stm32h7xx_hal_rcc_ex.c.obj
                0x08006634                HAL_RCCEx_GetD3PCLK1Freq
 .text.HAL_RCCEx_GetPLL2ClockFreq
                0x08006658      0x138 CMakeFiles/DM_MC02_Gyro_3m.elf.dir/vendor/stm32/Drivers/STM32H7xx_HAL_Driver/Src/stm32h7xx_hal_rcc_ex.c.obj
                0x08006658                HAL_RCCEx_GetPLL2ClockFreq
 .text.HAL_RCCEx_GetPLL3ClockFreq
                0x08006790      0x138 CMakeFiles/DM_MC02_Gyro_3m.elf.dir/vendor/stm32/Drivers/STM32H7xx_HAL_Driver/Src/stm32h7xx_hal_rcc_ex.c.obj
                0x08006790                HAL_RCCEx_GetPLL3ClockFreq
 .text.SPI_CloseTransfer
                0x080068c8       0xc0 CMakeFiles/DM_MC02_Gyro_3m.elf.dir/vendor/stm32/Drivers/STM32H7xx_HAL_Driver/Src/stm32h7xx_hal_spi.c.obj
 .text.HAL_SPI_Init
                0x08006988      0x1b0 CMakeFiles/DM_MC02_Gyro_3m.elf.dir/vendor/stm32/Drivers/STM32H7xx_HAL_Driver/Src/stm32h7xx_hal_spi.c.obj
                0x08006988                HAL_SPI_Init
 .text.HAL_SPI_TransmitReceive
                0x08006b38      0x288 CMakeFiles/DM_MC02_Gyro_3m.elf.dir/vendor/stm32/Drivers/STM32H7xx_HAL_Driver/Src/stm32h7xx_hal_spi.c.obj
                0x08006b38                HAL_SPI_TransmitReceive
 .text.TIM_OC1_SetConfig
                0x08006dc0       0x84 CMakeFiles/DM_MC02_Gyro_3m.elf.dir/vendor/stm32/Drivers/STM32H7xx_HAL_Driver/Src/stm32h7xx_hal_tim.c.obj
 .text.TIM_OC3_SetConfig
                0x08006e44       0x88 CMakeFiles/DM_MC02_Gyro_3m.elf.dir/vendor/stm32/Drivers/STM32H7xx_HAL_Driver/Src/stm32h7xx_hal_tim.c.obj
 .text.TIM_OC4_SetConfig
                0x08006ecc       0x7c CMakeFiles/DM_MC02_Gyro_3m.elf.dir/vendor/stm32/Drivers/STM32H7xx_HAL_Driver/Src/stm32h7xx_hal_tim.c.obj
 .text.TIM_OC5_SetConfig
                0x08006f48       0x7c CMakeFiles/DM_MC02_Gyro_3m.elf.dir/vendor/stm32/Drivers/STM32H7xx_HAL_Driver/Src/stm32h7xx_hal_tim.c.obj
 .text.TIM_OC6_SetConfig
                0x08006fc4       0x7c CMakeFiles/DM_MC02_Gyro_3m.elf.dir/vendor/stm32/Drivers/STM32H7xx_HAL_Driver/Src/stm32h7xx_hal_tim.c.obj
 .text.HAL_TIM_OC_Start
                0x08007040      0x164 CMakeFiles/DM_MC02_Gyro_3m.elf.dir/vendor/stm32/Drivers/STM32H7xx_HAL_Driver/Src/stm32h7xx_hal_tim.c.obj
                0x08007040                HAL_TIM_OC_Start
 .text.HAL_TIM_PWM_MspInit
                0x080071a4        0x4 CMakeFiles/DM_MC02_Gyro_3m.elf.dir/vendor/stm32/Drivers/STM32H7xx_HAL_Driver/Src/stm32h7xx_hal_tim.c.obj
                0x080071a4                HAL_TIM_PWM_MspInit
 .text.HAL_TIM_PWM_Start
                0x080071a8        0x4 CMakeFiles/DM_MC02_Gyro_3m.elf.dir/vendor/stm32/Drivers/STM32H7xx_HAL_Driver/Src/stm32h7xx_hal_tim.c.obj
                0x080071a8                HAL_TIM_PWM_Start
 .text.TIM_Base_SetConfig
                0x080071ac      0x100 CMakeFiles/DM_MC02_Gyro_3m.elf.dir/vendor/stm32/Drivers/STM32H7xx_HAL_Driver/Src/stm32h7xx_hal_tim.c.obj
                0x080071ac                TIM_Base_SetConfig
 .text.HAL_TIM_PWM_Init
                0x080072ac       0x64 CMakeFiles/DM_MC02_Gyro_3m.elf.dir/vendor/stm32/Drivers/STM32H7xx_HAL_Driver/Src/stm32h7xx_hal_tim.c.obj
                0x080072ac                HAL_TIM_PWM_Init
 .text.TIM_OC2_SetConfig
                0x08007310       0x8c CMakeFiles/DM_MC02_Gyro_3m.elf.dir/vendor/stm32/Drivers/STM32H7xx_HAL_Driver/Src/stm32h7xx_hal_tim.c.obj
                0x08007310                TIM_OC2_SetConfig
 .text.HAL_TIM_PWM_ConfigChannel
                0x0800739c      0x140 CMakeFiles/DM_MC02_Gyro_3m.elf.dir/vendor/stm32/Drivers/STM32H7xx_HAL_Driver/Src/stm32h7xx_hal_tim.c.obj
                0x0800739c                HAL_TIM_PWM_ConfigChannel
 .text.HAL_TIMEx_MasterConfigSynchronization
                0x080074dc       0xd4 CMakeFiles/DM_MC02_Gyro_3m.elf.dir/vendor/stm32/Drivers/STM32H7xx_HAL_Driver/Src/stm32h7xx_hal_tim_ex.c.obj
                0x080074dc                HAL_TIMEx_MasterConfigSynchronization
 .text.UART_EndRxTransfer
                0x080075b0       0x70 CMakeFiles/DM_MC02_Gyro_3m.elf.dir/vendor/stm32/Drivers/STM32H7xx_HAL_Driver/Src/stm32h7xx_hal_uart.c.obj
 .text.UART_SetConfig
                0x08007620      0x39c CMakeFiles/DM_MC02_Gyro_3m.elf.dir/vendor/stm32/Drivers/STM32H7xx_HAL_Driver/Src/stm32h7xx_hal_uart.c.obj
                0x08007620                UART_SetConfig
 .text.UART_AdvFeatureConfig
                0x080079bc       0xb0 CMakeFiles/DM_MC02_Gyro_3m.elf.dir/vendor/stm32/Drivers/STM32H7xx_HAL_Driver/Src/stm32h7xx_hal_uart.c.obj
                0x080079bc                UART_AdvFeatureConfig
 .text.UART_WaitOnFlagUntilTimeout
                0x08007a6c       0xb8 CMakeFiles/DM_MC02_Gyro_3m.elf.dir/vendor/stm32/Drivers/STM32H7xx_HAL_Driver/Src/stm32h7xx_hal_uart.c.obj
                0x08007a6c                UART_WaitOnFlagUntilTimeout
 .text.HAL_UART_Transmit
                0x08007b24       0xd8 CMakeFiles/DM_MC02_Gyro_3m.elf.dir/vendor/stm32/Drivers/STM32H7xx_HAL_Driver/Src/stm32h7xx_hal_uart.c.obj
                0x08007b24                HAL_UART_Transmit
 .text.UART_CheckIdleState
                0x08007bfc       0xc0 CMakeFiles/DM_MC02_Gyro_3m.elf.dir/vendor/stm32/Drivers/STM32H7xx_HAL_Driver/Src/stm32h7xx_hal_uart.c.obj
                0x08007bfc                UART_CheckIdleState
 .text.HAL_UART_Init
                0x08007cbc       0x68 CMakeFiles/DM_MC02_Gyro_3m.elf.dir/vendor/stm32/Drivers/STM32H7xx_HAL_Driver/Src/stm32h7xx_hal_uart.c.obj
                0x08007cbc                HAL_UART_Init
 .text.UARTEx_SetNbDataToProcess.part.0
                0x08007d24       0x44 CMakeFiles/DM_MC02_Gyro_3m.elf.dir/vendor/stm32/Drivers/STM32H7xx_HAL_Driver/Src/stm32h7xx_hal_uart_ex.c.obj
 .text.HAL_UARTEx_DisableFifoMode
                0x08007d68       0x40 CMakeFiles/DM_MC02_Gyro_3m.elf.dir/vendor/stm32/Drivers/STM32H7xx_HAL_Driver/Src/stm32h7xx_hal_uart_ex.c.obj
                0x08007d68                HAL_UARTEx_DisableFifoMode
 .text.HAL_UARTEx_SetTxFifoThreshold
                0x08007da8       0x64 CMakeFiles/DM_MC02_Gyro_3m.elf.dir/vendor/stm32/Drivers/STM32H7xx_HAL_Driver/Src/stm32h7xx_hal_uart_ex.c.obj
                0x08007da8                HAL_UARTEx_SetTxFifoThreshold
 .text.HAL_UARTEx_SetRxFifoThreshold
                0x08007e0c       0x64 CMakeFiles/DM_MC02_Gyro_3m.elf.dir/vendor/stm32/Drivers/STM32H7xx_HAL_Driver/Src/stm32h7xx_hal_uart_ex.c.obj
                0x08007e0c                HAL_UARTEx_SetRxFifoThreshold
 .text.USB_CoreReset
                0x08007e70       0x54 CMakeFiles/DM_MC02_Gyro_3m.elf.dir/vendor/stm32/Drivers/STM32H7xx_HAL_Driver/Src/stm32h7xx_ll_usb.c.obj
 .text.USB_CoreInit
                0x08007ec4       0x9c CMakeFiles/DM_MC02_Gyro_3m.elf.dir/vendor/stm32/Drivers/STM32H7xx_HAL_Driver/Src/stm32h7xx_ll_usb.c.obj
                0x08007ec4                USB_CoreInit
 .text.USB_SetTurnaroundTime
                0x08007f60       0xf4 CMakeFiles/DM_MC02_Gyro_3m.elf.dir/vendor/stm32/Drivers/STM32H7xx_HAL_Driver/Src/stm32h7xx_ll_usb.c.obj
                0x08007f60                USB_SetTurnaroundTime
 .text.USB_EnableGlobalInt
                0x08008054       0x10 CMakeFiles/DM_MC02_Gyro_3m.elf.dir/vendor/stm32/Drivers/STM32H7xx_HAL_Driver/Src/stm32h7xx_ll_usb.c.obj
                0x08008054                USB_EnableGlobalInt
 .text.USB_DisableGlobalInt
                0x08008064       0x10 CMakeFiles/DM_MC02_Gyro_3m.elf.dir/vendor/stm32/Drivers/STM32H7xx_HAL_Driver/Src/stm32h7xx_ll_usb.c.obj
                0x08008064                USB_DisableGlobalInt
 .text.USB_SetCurrentMode
                0x08008074       0x6c CMakeFiles/DM_MC02_Gyro_3m.elf.dir/vendor/stm32/Drivers/STM32H7xx_HAL_Driver/Src/stm32h7xx_ll_usb.c.obj
                0x08008074                USB_SetCurrentMode
 .text.USB_FlushTxFifo
                0x080080e0       0x54 CMakeFiles/DM_MC02_Gyro_3m.elf.dir/vendor/stm32/Drivers/STM32H7xx_HAL_Driver/Src/stm32h7xx_ll_usb.c.obj
                0x080080e0                USB_FlushTxFifo
 .text.USB_FlushRxFifo
                0x08008134       0x50 CMakeFiles/DM_MC02_Gyro_3m.elf.dir/vendor/stm32/Drivers/STM32H7xx_HAL_Driver/Src/stm32h7xx_ll_usb.c.obj
                0x08008134                USB_FlushRxFifo
 .text.USB_DevInit
                0x08008184      0x1ac CMakeFiles/DM_MC02_Gyro_3m.elf.dir/vendor/stm32/Drivers/STM32H7xx_HAL_Driver/Src/stm32h7xx_ll_usb.c.obj
                0x08008184                USB_DevInit
 .text.USB_GetDevSpeed
                0x08008330       0x18 CMakeFiles/DM_MC02_Gyro_3m.elf.dir/vendor/stm32/Drivers/STM32H7xx_HAL_Driver/Src/stm32h7xx_ll_usb.c.obj
                0x08008330                USB_GetDevSpeed
 .text.USB_ActivateEndpoint
                0x08008348       0x94 CMakeFiles/DM_MC02_Gyro_3m.elf.dir/vendor/stm32/Drivers/STM32H7xx_HAL_Driver/Src/stm32h7xx_ll_usb.c.obj
                0x08008348                USB_ActivateEndpoint
 .text.USB_DeactivateEndpoint
                0x080083dc       0xbc CMakeFiles/DM_MC02_Gyro_3m.elf.dir/vendor/stm32/Drivers/STM32H7xx_HAL_Driver/Src/stm32h7xx_ll_usb.c.obj
                0x080083dc                USB_DeactivateEndpoint
 .text.USB_EPStartXfer
                0x08008498      0x228 CMakeFiles/DM_MC02_Gyro_3m.elf.dir/vendor/stm32/Drivers/STM32H7xx_HAL_Driver/Src/stm32h7xx_ll_usb.c.obj
                0x08008498                USB_EPStartXfer
 .text.USB_EPStopXfer
                0x080086c0       0x9c CMakeFiles/DM_MC02_Gyro_3m.elf.dir/vendor/stm32/Drivers/STM32H7xx_HAL_Driver/Src/stm32h7xx_ll_usb.c.obj
                0x080086c0                USB_EPStopXfer
 .text.USB_WritePacket
                0x0800875c       0x28 CMakeFiles/DM_MC02_Gyro_3m.elf.dir/vendor/stm32/Drivers/STM32H7xx_HAL_Driver/Src/stm32h7xx_ll_usb.c.obj
                0x0800875c                USB_WritePacket
 .text.USB_ReadPacket
                0x08008784       0x4c CMakeFiles/DM_MC02_Gyro_3m.elf.dir/vendor/stm32/Drivers/STM32H7xx_HAL_Driver/Src/stm32h7xx_ll_usb.c.obj
                0x08008784                USB_ReadPacket
 .text.USB_EPSetStall
                0x080087d0       0x68 CMakeFiles/DM_MC02_Gyro_3m.elf.dir/vendor/stm32/Drivers/STM32H7xx_HAL_Driver/Src/stm32h7xx_ll_usb.c.obj
                0x080087d0                USB_EPSetStall
 .text.USB_EPClearStall
                0x08008838       0x58 CMakeFiles/DM_MC02_Gyro_3m.elf.dir/vendor/stm32/Drivers/STM32H7xx_HAL_Driver/Src/stm32h7xx_ll_usb.c.obj
                0x08008838                USB_EPClearStall
 .text.USB_SetDevAddress
                0x08008890       0x24 CMakeFiles/DM_MC02_Gyro_3m.elf.dir/vendor/stm32/Drivers/STM32H7xx_HAL_Driver/Src/stm32h7xx_ll_usb.c.obj
                0x08008890                USB_SetDevAddress
 .text.USB_DevConnect
                0x080088b4       0x20 CMakeFiles/DM_MC02_Gyro_3m.elf.dir/vendor/stm32/Drivers/STM32H7xx_HAL_Driver/Src/stm32h7xx_ll_usb.c.obj
                0x080088b4                USB_DevConnect
 .text.USB_DevDisconnect
                0x080088d4       0x20 CMakeFiles/DM_MC02_Gyro_3m.elf.dir/vendor/stm32/Drivers/STM32H7xx_HAL_Driver/Src/stm32h7xx_ll_usb.c.obj
                0x080088d4                USB_DevDisconnect
 .text.USB_ReadInterrupts
                0x080088f4        0x8 CMakeFiles/DM_MC02_Gyro_3m.elf.dir/vendor/stm32/Drivers/STM32H7xx_HAL_Driver/Src/stm32h7xx_ll_usb.c.obj
                0x080088f4                USB_ReadInterrupts
 .text.USB_ReadDevAllOutEpInterrupt
                0x080088fc       0x10 CMakeFiles/DM_MC02_Gyro_3m.elf.dir/vendor/stm32/Drivers/STM32H7xx_HAL_Driver/Src/stm32h7xx_ll_usb.c.obj
                0x080088fc                USB_ReadDevAllOutEpInterrupt
 .text.USB_ReadDevAllInEpInterrupt
                0x0800890c       0x10 CMakeFiles/DM_MC02_Gyro_3m.elf.dir/vendor/stm32/Drivers/STM32H7xx_HAL_Driver/Src/stm32h7xx_ll_usb.c.obj
                0x0800890c                USB_ReadDevAllInEpInterrupt
 .text.USB_ReadDevOutEPInterrupt
                0x0800891c       0x10 CMakeFiles/DM_MC02_Gyro_3m.elf.dir/vendor/stm32/Drivers/STM32H7xx_HAL_Driver/Src/stm32h7xx_ll_usb.c.obj
                0x0800891c                USB_ReadDevOutEPInterrupt
 .text.USB_ReadDevInEPInterrupt
                0x0800892c       0x20 CMakeFiles/DM_MC02_Gyro_3m.elf.dir/vendor/stm32/Drivers/STM32H7xx_HAL_Driver/Src/stm32h7xx_ll_usb.c.obj
                0x0800892c                USB_ReadDevInEPInterrupt
 .text.USB_GetMode
                0x0800894c        0x8 CMakeFiles/DM_MC02_Gyro_3m.elf.dir/vendor/stm32/Drivers/STM32H7xx_HAL_Driver/Src/stm32h7xx_ll_usb.c.obj
                0x0800894c                USB_GetMode
 .text.USB_ActivateSetup
                0x08008954       0x20 CMakeFiles/DM_MC02_Gyro_3m.elf.dir/vendor/stm32/Drivers/STM32H7xx_HAL_Driver/Src/stm32h7xx_ll_usb.c.obj
                0x08008954                USB_ActivateSetup
 .text.USB_EP0_OutStart
                0x08008974       0x54 CMakeFiles/DM_MC02_Gyro_3m.elf.dir/vendor/stm32/Drivers/STM32H7xx_HAL_Driver/Src/stm32h7xx_ll_usb.c.obj
                0x08008974                USB_EP0_OutStart
 .text.USBD_Init
                0x080089c8       0x28 CMakeFiles/DM_MC02_Gyro_3m.elf.dir/vendor/stm32/Middlewares/ST/STM32_USB_Device_Library/Core/Src/usbd_core.c.obj
                0x080089c8                USBD_Init
 .text.USBD_RegisterClass
                0x080089f0       0x3c CMakeFiles/DM_MC02_Gyro_3m.elf.dir/vendor/stm32/Middlewares/ST/STM32_USB_Device_Library/Core/Src/usbd_core.c.obj
                0x080089f0                USBD_RegisterClass
 .text.USBD_Start
                0x08008a2c        0x4 CMakeFiles/DM_MC02_Gyro_3m.elf.dir/vendor/stm32/Middlewares/ST/STM32_USB_Device_Library/Core/Src/usbd_core.c.obj
                0x08008a2c                USBD_Start
 .text.USBD_SetClassConfig
                0x08008a30       0x10 CMakeFiles/DM_MC02_Gyro_3m.elf.dir/vendor/stm32/Middlewares/ST/STM32_USB_Device_Library/Core/Src/usbd_core.c.obj
                0x08008a30                USBD_SetClassConfig
 .text.USBD_ClrClassConfig
                0x08008a40       0x14 CMakeFiles/DM_MC02_Gyro_3m.elf.dir/vendor/stm32/Middlewares/ST/STM32_USB_Device_Library/Core/Src/usbd_core.c.obj
                0x08008a40                USBD_ClrClassConfig
 .text.USBD_LL_SetupStage
                0x08008a54       0x6c CMakeFiles/DM_MC02_Gyro_3m.elf.dir/vendor/stm32/Middlewares/ST/STM32_USB_Device_Library/Core/Src/usbd_core.c.obj
                0x08008a54                USBD_LL_SetupStage
 .text.USBD_LL_DataOutStage
                0x08008ac0       0x7c CMakeFiles/DM_MC02_Gyro_3m.elf.dir/vendor/stm32/Middlewares/ST/STM32_USB_Device_Library/Core/Src/usbd_core.c.obj
                0x08008ac0                USBD_LL_DataOutStage
 .text.USBD_LL_DataInStage
                0x08008b3c       0xcc CMakeFiles/DM_MC02_Gyro_3m.elf.dir/vendor/stm32/Middlewares/ST/STM32_USB_Device_Library/Core/Src/usbd_core.c.obj
                0x08008b3c                USBD_LL_DataInStage
 .text.USBD_LL_Reset
                0x08008c08       0x5c CMakeFiles/DM_MC02_Gyro_3m.elf.dir/vendor/stm32/Middlewares/ST/STM32_USB_Device_Library/Core/Src/usbd_core.c.obj
                0x08008c08                USBD_LL_Reset
 .text.USBD_LL_SetSpeed
                0x08008c64        0x8 CMakeFiles/DM_MC02_Gyro_3m.elf.dir/vendor/stm32/Middlewares/ST/STM32_USB_Device_Library/Core/Src/usbd_core.c.obj
                0x08008c64                USBD_LL_SetSpeed
 .text.USBD_LL_Suspend
                0x08008c6c       0x1c CMakeFiles/DM_MC02_Gyro_3m.elf.dir/vendor/stm32/Middlewares/ST/STM32_USB_Device_Library/Core/Src/usbd_core.c.obj
                0x08008c6c                USBD_LL_Suspend
 .text.USBD_LL_Resume
                0x08008c88       0x14 CMakeFiles/DM_MC02_Gyro_3m.elf.dir/vendor/stm32/Middlewares/ST/STM32_USB_Device_Library/Core/Src/usbd_core.c.obj
                0x08008c88                USBD_LL_Resume
 .text.USBD_LL_SOF
                0x08008c9c       0x20 CMakeFiles/DM_MC02_Gyro_3m.elf.dir/vendor/stm32/Middlewares/ST/STM32_USB_Device_Library/Core/Src/usbd_core.c.obj
                0x08008c9c                USBD_LL_SOF
 .text.USBD_LL_IsoINIncomplete
                0x08008cbc       0x2c CMakeFiles/DM_MC02_Gyro_3m.elf.dir/vendor/stm32/Middlewares/ST/STM32_USB_Device_Library/Core/Src/usbd_core.c.obj
                0x08008cbc                USBD_LL_IsoINIncomplete
 .text.USBD_LL_IsoOUTIncomplete
                0x08008ce8       0x2c CMakeFiles/DM_MC02_Gyro_3m.elf.dir/vendor/stm32/Middlewares/ST/STM32_USB_Device_Library/Core/Src/usbd_core.c.obj
                0x08008ce8                USBD_LL_IsoOUTIncomplete
 .text.USBD_LL_DevConnected
                0x08008d14        0x4 CMakeFiles/DM_MC02_Gyro_3m.elf.dir/vendor/stm32/Middlewares/ST/STM32_USB_Device_Library/Core/Src/usbd_core.c.obj
                0x08008d14                USBD_LL_DevConnected
 .text.USBD_LL_DevDisconnected
                0x08008d18       0x24 CMakeFiles/DM_MC02_Gyro_3m.elf.dir/vendor/stm32/Middlewares/ST/STM32_USB_Device_Library/Core/Src/usbd_core.c.obj
                0x08008d18                USBD_LL_DevDisconnected
 .text.USBD_CoreFindIF
                0x08008d3c        0x4 CMakeFiles/DM_MC02_Gyro_3m.elf.dir/vendor/stm32/Middlewares/ST/STM32_USB_Device_Library/Core/Src/usbd_core.c.obj
                0x08008d3c                USBD_CoreFindIF
 .text.USBD_CoreFindEP
                0x08008d40        0x4 CMakeFiles/DM_MC02_Gyro_3m.elf.dir/vendor/stm32/Middlewares/ST/STM32_USB_Device_Library/Core/Src/usbd_core.c.obj
                0x08008d40                USBD_CoreFindEP
 .text.USBD_GetEpDesc
                0x08008d44       0x2c CMakeFiles/DM_MC02_Gyro_3m.elf.dir/vendor/stm32/Middlewares/ST/STM32_USB_Device_Library/Core/Src/usbd_core.c.obj
                0x08008d44                USBD_GetEpDesc
 .text.USBD_StdDevReq
                0x08008d70      0x3ac CMakeFiles/DM_MC02_Gyro_3m.elf.dir/vendor/stm32/Middlewares/ST/STM32_USB_Device_Library/Core/Src/usbd_ctlreq.c.obj
                0x08008d70                USBD_StdDevReq
 .text.USBD_StdItfReq
                0x0800911c       0x8c CMakeFiles/DM_MC02_Gyro_3m.elf.dir/vendor/stm32/Middlewares/ST/STM32_USB_Device_Library/Core/Src/usbd_ctlreq.c.obj
                0x0800911c                USBD_StdItfReq
 .text.USBD_StdEPReq
                0x080091a8      0x1bc CMakeFiles/DM_MC02_Gyro_3m.elf.dir/vendor/stm32/Middlewares/ST/STM32_USB_Device_Library/Core/Src/usbd_ctlreq.c.obj
                0x080091a8                USBD_StdEPReq
 .text.USBD_ParseSetupRequest
                0x08009364       0x18 CMakeFiles/DM_MC02_Gyro_3m.elf.dir/vendor/stm32/Middlewares/ST/STM32_USB_Device_Library/Core/Src/usbd_ctlreq.c.obj
                0x08009364                USBD_ParseSetupRequest
 .text.USBD_CtlError
                0x0800937c       0x18 CMakeFiles/DM_MC02_Gyro_3m.elf.dir/vendor/stm32/Middlewares/ST/STM32_USB_Device_Library/Core/Src/usbd_ctlreq.c.obj
                0x0800937c                USBD_CtlError
 .text.USBD_GetString
                0x08009394       0x64 CMakeFiles/DM_MC02_Gyro_3m.elf.dir/vendor/stm32/Middlewares/ST/STM32_USB_Device_Library/Core/Src/usbd_ctlreq.c.obj
                0x08009394                USBD_GetString
 .text.USBD_CtlSendData
                0x080093f8       0x1c CMakeFiles/DM_MC02_Gyro_3m.elf.dir/vendor/stm32/Middlewares/ST/STM32_USB_Device_Library/Core/Src/usbd_ioreq.c.obj
                0x080093f8                USBD_CtlSendData
 .text.USBD_CtlContinueSendData
                0x08009414       0x10 CMakeFiles/DM_MC02_Gyro_3m.elf.dir/vendor/stm32/Middlewares/ST/STM32_USB_Device_Library/Core/Src/usbd_ioreq.c.obj
                0x08009414                USBD_CtlContinueSendData
 .text.USBD_CtlPrepareRx
                0x08009424       0x1c CMakeFiles/DM_MC02_Gyro_3m.elf.dir/vendor/stm32/Middlewares/ST/STM32_USB_Device_Library/Core/Src/usbd_ioreq.c.obj
                0x08009424                USBD_CtlPrepareRx
 .text.USBD_CtlContinueRx
                0x08009440       0x10 CMakeFiles/DM_MC02_Gyro_3m.elf.dir/vendor/stm32/Middlewares/ST/STM32_USB_Device_Library/Core/Src/usbd_ioreq.c.obj
                0x08009440                USBD_CtlContinueRx
 .text.USBD_CtlSendStatus
                0x08009450       0x18 CMakeFiles/DM_MC02_Gyro_3m.elf.dir/vendor/stm32/Middlewares/ST/STM32_USB_Device_Library/Core/Src/usbd_ioreq.c.obj
                0x08009450                USBD_CtlSendStatus
 .text.USBD_CtlReceiveStatus
                0x08009468       0x18 CMakeFiles/DM_MC02_Gyro_3m.elf.dir/vendor/stm32/Middlewares/ST/STM32_USB_Device_Library/Core/Src/usbd_ioreq.c.obj
                0x08009468                USBD_CtlReceiveStatus
 .text.USBD_CDC_EP0_RxReady
                0x08009480       0x40 CMakeFiles/DM_MC02_Gyro_3m.elf.dir/vendor/stm32/Middlewares/ST/STM32_USB_Device_Library/Class/CDC/Src/usbd_cdc.c.obj
 .text.USBD_CDC_GetDeviceQualifierDescriptor
                0x080094c0       0x10 CMakeFiles/DM_MC02_Gyro_3m.elf.dir/vendor/stm32/Middlewares/ST/STM32_USB_Device_Library/Class/CDC/Src/usbd_cdc.c.obj
                0x080094c0                USBD_CDC_GetDeviceQualifierDescriptor
 .text.USBD_CDC_GetFSCfgDesc
                0x080094d0       0x48 CMakeFiles/DM_MC02_Gyro_3m.elf.dir/vendor/stm32/Middlewares/ST/STM32_USB_Device_Library/Class/CDC/Src/usbd_cdc.c.obj
 .text.USBD_CDC_GetOtherSpeedCfgDesc
                0x08009518        0x4 CMakeFiles/DM_MC02_Gyro_3m.elf.dir/vendor/stm32/Middlewares/ST/STM32_USB_Device_Library/Class/CDC/Src/usbd_cdc.c.obj
 .text.USBD_CDC_GetHSCfgDesc
                0x0800951c       0x48 CMakeFiles/DM_MC02_Gyro_3m.elf.dir/vendor/stm32/Middlewares/ST/STM32_USB_Device_Library/Class/CDC/Src/usbd_cdc.c.obj
 .text.USBD_CDC_DataOut
                0x08009564       0x44 CMakeFiles/DM_MC02_Gyro_3m.elf.dir/vendor/stm32/Middlewares/ST/STM32_USB_Device_Library/Class/CDC/Src/usbd_cdc.c.obj
 .text.USBD_CDC_DataIn
                0x080095a8       0x68 CMakeFiles/DM_MC02_Gyro_3m.elf.dir/vendor/stm32/Middlewares/ST/STM32_USB_Device_Library/Class/CDC/Src/usbd_cdc.c.obj
 .text.USBD_CDC_Setup
                0x08009610      0x100 CMakeFiles/DM_MC02_Gyro_3m.elf.dir/vendor/stm32/Middlewares/ST/STM32_USB_Device_Library/Class/CDC/Src/usbd_cdc.c.obj
 .text.USBD_CDC_DeInit
                0x08009710       0x5c CMakeFiles/DM_MC02_Gyro_3m.elf.dir/vendor/stm32/Middlewares/ST/STM32_USB_Device_Library/Class/CDC/Src/usbd_cdc.c.obj
 .text.USBD_CDC_Init
                0x0800976c       0xd8 CMakeFiles/DM_MC02_Gyro_3m.elf.dir/vendor/stm32/Middlewares/ST/STM32_USB_Device_Library/Class/CDC/Src/usbd_cdc.c.obj
 .text.USBD_CDC_RegisterInterface
                0x08009844       0x18 CMakeFiles/DM_MC02_Gyro_3m.elf.dir/vendor/stm32/Middlewares/ST/STM32_USB_Device_Library/Class/CDC/Src/usbd_cdc.c.obj
                0x08009844                USBD_CDC_RegisterInterface
 .text.USBD_CDC_SetTxBuffer
                0x0800985c       0x1c CMakeFiles/DM_MC02_Gyro_3m.elf.dir/vendor/stm32/Middlewares/ST/STM32_USB_Device_Library/Class/CDC/Src/usbd_cdc.c.obj
                0x0800985c                USBD_CDC_SetTxBuffer
 .text.USBD_CDC_SetRxBuffer
                0x08009878       0x18 CMakeFiles/DM_MC02_Gyro_3m.elf.dir/vendor/stm32/Middlewares/ST/STM32_USB_Device_Library/Class/CDC/Src/usbd_cdc.c.obj
                0x08009878                USBD_CDC_SetRxBuffer
 .text.USBD_CDC_TransmitPacket
                0x08009890       0x3c CMakeFiles/DM_MC02_Gyro_3m.elf.dir/vendor/stm32/Middlewares/ST/STM32_USB_Device_Library/Class/CDC/Src/usbd_cdc.c.obj
                0x08009890                USBD_CDC_TransmitPacket
 .text.USBD_CDC_ReceivePacket
                0x080098cc       0x34 CMakeFiles/DM_MC02_Gyro_3m.elf.dir/vendor/stm32/Middlewares/ST/STM32_USB_Device_Library/Class/CDC/Src/usbd_cdc.c.obj
                0x080098cc                USBD_CDC_ReceivePacket
 .text.snprintf
                0x08009900       0x64 D:/STM32/arm-gnu-toolchain-15.2.rel1-mingw-w64-i686-arm-none-eabi/bin/../lib/gcc/arm-none-eabi/15.2.1/../../../../arm-none-eabi/lib/thumb/v7e-m+dp/hard\libc_nano.a(libc_a-snprintf.o)
                0x08009900                sniprintf
                0x08009900                snprintf
 .text.memset   0x08009964       0x10 D:/STM32/arm-gnu-toolchain-15.2.rel1-mingw-w64-i686-arm-none-eabi/bin/../lib/gcc/arm-none-eabi/15.2.1/../../../../arm-none-eabi/lib/thumb/v7e-m+dp/hard\libc_nano.a(libc_a-memset.o)
                0x08009964                memset
 .text.__libc_init_array
                0x08009974       0x48 D:/STM32/arm-gnu-toolchain-15.2.rel1-mingw-w64-i686-arm-none-eabi/bin/../lib/gcc/arm-none-eabi/15.2.1/../../../../arm-none-eabi/lib/thumb/v7e-m+dp/hard\libc_nano.a(libc_a-init.o)
                0x08009974                __libc_init_array
 .text.__retarget_lock_acquire_recursive
                0x080099bc        0x2 D:/STM32/arm-gnu-toolchain-15.2.rel1-mingw-w64-i686-arm-none-eabi/bin/../lib/gcc/arm-none-eabi/15.2.1/../../../../arm-none-eabi/lib/thumb/v7e-m+dp/hard\libc_nano.a(libc_a-lock.o)
                0x080099bc                __retarget_lock_acquire_recursive
 .text.__retarget_lock_release_recursive
                0x080099be        0x2 D:/STM32/arm-gnu-toolchain-15.2.rel1-mingw-w64-i686-arm-none-eabi/bin/../lib/gcc/arm-none-eabi/15.2.1/../../../../arm-none-eabi/lib/thumb/v7e-m+dp/hard\libc_nano.a(libc_a-lock.o)
                0x080099be                __retarget_lock_release_recursive
 .text.memcpy   0x080099c0       0x1c D:/STM32/arm-gnu-toolchain-15.2.rel1-mingw-w64-i686-arm-none-eabi/bin/../lib/gcc/arm-none-eabi/15.2.1/../../../../arm-none-eabi/lib/thumb/v7e-m+dp/hard\libc_nano.a(libc_a-memcpy-stub.o)
                0x080099c0                memcpy
 .text._free_r  0x080099dc       0x98 D:/STM32/arm-gnu-toolchain-15.2.rel1-mingw-w64-i686-arm-none-eabi/bin/../lib/gcc/arm-none-eabi/15.2.1/../../../../arm-none-eabi/lib/thumb/v7e-m+dp/hard\libc_nano.a(libc_a-freer.o)
                0x080099dc                _free_r
 .text.sbrk_aligned
                0x08009a74       0x44 D:/STM32/arm-gnu-toolchain-15.2.rel1-mingw-w64-i686-arm-none-eabi/bin/../lib/gcc/arm-none-eabi/15.2.1/../../../../arm-none-eabi/lib/thumb/v7e-m+dp/hard\libc_nano.a(libc_a-mallocr.o)
 .text._malloc_r
                0x08009ab8       0xf8 D:/STM32/arm-gnu-toolchain-15.2.rel1-mingw-w64-i686-arm-none-eabi/bin/../lib/gcc/arm-none-eabi/15.2.1/../../../../arm-none-eabi/lib/thumb/v7e-m+dp/hard\libc_nano.a(libc_a-mallocr.o)
                0x08009ab8                _malloc_r
 .text.__malloc_lock
                0x08009bb0        0xc D:/STM32/arm-gnu-toolchain-15.2.rel1-mingw-w64-i686-arm-none-eabi/bin/../lib/gcc/arm-none-eabi/15.2.1/../../../../arm-none-eabi/lib/thumb/v7e-m+dp/hard\libc_nano.a(libc_a-mlock.o)
                0x08009bb0                __malloc_lock
 .text.__malloc_unlock
                0x08009bbc        0xc D:/STM32/arm-gnu-toolchain-15.2.rel1-mingw-w64-i686-arm-none-eabi/bin/../lib/gcc/arm-none-eabi/15.2.1/../../../../arm-none-eabi/lib/thumb/v7e-m+dp/hard\libc_nano.a(libc_a-mlock.o)
                0x08009bbc                __malloc_unlock
 .text.__ssputs_r
                0x08009bc8       0xc0 D:/STM32/arm-gnu-toolchain-15.2.rel1-mingw-w64-i686-arm-none-eabi/bin/../lib/gcc/arm-none-eabi/15.2.1/../../../../arm-none-eabi/lib/thumb/v7e-m+dp/hard\libc_nano.a(libc_a-nano-svfprintf.o)
                0x08009bc8                __ssputs_r
 .text._svfprintf_r
                0x08009c88      0x1f0 D:/STM32/arm-gnu-toolchain-15.2.rel1-mingw-w64-i686-arm-none-eabi/bin/../lib/gcc/arm-none-eabi/15.2.1/../../../../arm-none-eabi/lib/thumb/v7e-m+dp/hard\libc_nano.a(libc_a-nano-svfprintf.o)
                0x08009c88                _svfiprintf_r
                0x08009c88                _svfprintf_r
 .text._printf_common
                0x08009e78       0xea D:/STM32/arm-gnu-toolchain-15.2.rel1-mingw-w64-i686-arm-none-eabi/bin/../lib/gcc/arm-none-eabi/15.2.1/../../../../arm-none-eabi/lib/thumb/v7e-m+dp/hard\libc_nano.a(libc_a-nano-vfprintf_i.o)
                0x08009e78                _printf_common
 *fill*         0x08009f62        0x2 
 .text._printf_i
                0x08009f64      0x254 D:/STM32/arm-gnu-toolchain-15.2.rel1-mingw-w64-i686-arm-none-eabi/bin/../lib/gcc/arm-none-eabi/15.2.1/../../../../arm-none-eabi/lib/thumb/v7e-m+dp/hard\libc_nano.a(libc_a-nano-vfprintf_i.o)
                0x08009f64                _printf_i
 .text.memmove  0x0800a1b8       0x32 D:/STM32/arm-gnu-toolchain-15.2.rel1-mingw-w64-i686-arm-none-eabi/bin/../lib/gcc/arm-none-eabi/15.2.1/../../../../arm-none-eabi/lib/thumb/v7e-m+dp/hard\libc_nano.a(libc_a-memmove.o)
                0x0800a1b8                memmove
 *fill*         0x0800a1ea        0x2 
 .text._sbrk_r  0x0800a1ec       0x20 D:/STM32/arm-gnu-toolchain-15.2.rel1-mingw-w64-i686-arm-none-eabi/bin/../lib/gcc/arm-none-eabi/15.2.1/../../../../arm-none-eabi/lib/thumb/v7e-m+dp/hard\libc_nano.a(libc_a-sbrkr.o)
                0x0800a1ec                _sbrk_r
 .text._realloc_r
                0x0800a20c       0x5c D:/STM32/arm-gnu-toolchain-15.2.rel1-mingw-w64-i686-arm-none-eabi/bin/../lib/gcc/arm-none-eabi/15.2.1/../../../../arm-none-eabi/lib/thumb/v7e-m+dp/hard\libc_nano.a(libc_a-reallocr.o)
                0x0800a20c                _realloc_r
 .text._malloc_usable_size_r
                0x0800a268       0x10 D:/STM32/arm-gnu-toolchain-15.2.rel1-mingw-w64-i686-arm-none-eabi/bin/../lib/gcc/arm-none-eabi/15.2.1/../../../../arm-none-eabi/lib/thumb/v7e-m+dp/hard\libc_nano.a(libc_a-msizer.o)
                0x0800a268                _malloc_usable_size_r
 .text._sbrk    0x0800a278       0x1c D:/STM32/arm-gnu-toolchain-15.2.rel1-mingw-w64-i686-arm-none-eabi/bin/../lib/gcc/arm-none-eabi/15.2.1/../../../../arm-none-eabi/lib/thumb/v7e-m+dp/hard\libnosys.a(sbrk.o)
                0x0800a278                _sbrk
 .text.__udivmoddi4
                0x0800a294      0x320 D:/STM32/arm-gnu-toolchain-15.2.rel1-mingw-w64-i686-arm-none-eabi/bin/../lib/gcc/arm-none-eabi/15.2.1/thumb/v7e-m+dp/hard\libgcc.a(_udivmoddi4.o)
                0x0800a294                __udivmoddi4
 *(.glue_7)
 .glue_7        0x0800a5b4        0x0 linker stubs
 *(.glue_7t)
 .glue_7t       0x0800a5b4        0x0 linker stubs
 *(.eh_frame)
 .eh_frame      0x0800a5b4        0x0 D:/STM32/arm-gnu-toolchain-15.2.rel1-mingw-w64-i686-arm-none-eabi/bin/../lib/gcc/arm-none-eabi/15.2.1/thumb/v7e-m+dp/hard/crtbegin.o
 *(.init)
 .init          0x0800a5b4        0x4 D:/STM32/arm-gnu-toolchain-15.2.rel1-mingw-w64-i686-arm-none-eabi/bin/../lib/gcc/arm-none-eabi/15.2.1/thumb/v7e-m+dp/hard/crti.o
                0x0800a5b4                _init
 .init          0x0800a5b8        0x8 D:/STM32/arm-gnu-toolchain-15.2.rel1-mingw-w64-i686-arm-none-eabi/bin/../lib/gcc/arm-none-eabi/15.2.1/thumb/v7e-m+dp/hard/crtn.o
 *(.fini)
 .fini          0x0800a5c0        0x4 D:/STM32/arm-gnu-toolchain-15.2.rel1-mingw-w64-i686-arm-none-eabi/bin/../lib/gcc/arm-none-eabi/15.2.1/thumb/v7e-m+dp/hard/crti.o
                0x0800a5c0                _fini
 .fini          0x0800a5c4        0x8 D:/STM32/arm-gnu-toolchain-15.2.rel1-mingw-w64-i686-arm-none-eabi/bin/../lib/gcc/arm-none-eabi/15.2.1/thumb/v7e-m+dp/hard/crtn.o
                0x0800a5cc                        . = ALIGN (0x4)
                0x0800a5cc                        _etext = .

.vfp11_veneer   0x0800a5cc        0x0
 .vfp11_veneer  0x0800a5cc        0x0 linker stubs

.v4_bx          0x0800a5cc        0x0
 .v4_bx         0x0800a5cc        0x0 linker stubs

.iplt           0x0800a5cc        0x0
 .iplt          0x0800a5cc        0x0 D:/STM32/arm-gnu-toolchain-15.2.rel1-mingw-w64-i686-arm-none-eabi/bin/../lib/gcc/arm-none-eabi/15.2.1/thumb/v7e-m+dp/hard/crtbegin.o

.rodata         0x0800a5cc      0x310
                0x0800a5cc                        . = ALIGN (0x4)
 *(.rodata)
 .rodata        0x0800a5cc       0x4c CMakeFiles/DM_MC02_Gyro_3m.elf.dir/vendor/stm32/Drivers/STM32H7xx_HAL_Driver/Src/stm32h7xx_hal_fdcan.c.obj
 *(.rodata*)
 .rodata.stopped.0
                0x0800a618       0x10 CMakeFiles/DM_MC02_Gyro_3m.elf.dir/src/main.c.obj
 .rodata.stopped.1
                0x0800a628       0x10 CMakeFiles/DM_MC02_Gyro_3m.elf.dir/src/main.c.obj
 .rodata.chassis
                0x0800a638       0x20 CMakeFiles/DM_MC02_Gyro_3m.elf.dir/src/main.c.obj
 .rodata.zero.0
                0x0800a658       0x10 CMakeFiles/DM_MC02_Gyro_3m.elf.dir/src/motor_output.c.obj
 .rodata.motor_direction
                0x0800a668       0x10 CMakeFiles/DM_MC02_Gyro_3m.elf.dir/src/motor_output.c.obj
 .rodata.motor_base_id
                0x0800a678        0x8 CMakeFiles/DM_MC02_Gyro_3m.elf.dir/src/motor_output.c.obj
 .rodata.feedback_limits
                0x0800a680       0x28 CMakeFiles/DM_MC02_Gyro_3m.elf.dir/src/motor_output.c.obj
 .rodata.run_log_dump_stored.str1.4
                0x0800a6a8      0x18d CMakeFiles/DM_MC02_Gyro_3m.elf.dir/src/run_log.c.obj
                                0x14e (size before relaxing)
 .rodata.USBD_HS_ManufacturerStrDescriptor.str1.4
                0x0800a835        0x0 CMakeFiles/DM_MC02_Gyro_3m.elf.dir/usb_device/app/usbd_desc.c.obj
                                  0x7 (size before relaxing)
 .rodata.USBD_HS_ProductStrDescriptor.str1.4
                0x0800a835        0x0 CMakeFiles/DM_MC02_Gyro_3m.elf.dir/usb_device/app/usbd_desc.c.obj
                                  0xf (size before relaxing)
 .rodata.USBD_HS_ConfigStrDescriptor.str1.4
                0x0800a835        0x0 CMakeFiles/DM_MC02_Gyro_3m.elf.dir/usb_device/app/usbd_desc.c.obj
                                  0xe (size before relaxing)
 .rodata.USBD_HS_InterfaceStrDescriptor.str1.4
                0x0800a835        0x0 CMakeFiles/DM_MC02_Gyro_3m.elf.dir/usb_device/app/usbd_desc.c.obj
                                 0x11 (size before relaxing)
 *fill*         0x0800a835        0x3 
 .rodata.write_BMI088_gyro_reg_data_error
                0x0800a838       0x12 CMakeFiles/DM_MC02_Gyro_3m.elf.dir/bmi088/BMI088driver.c.obj
 *fill*         0x0800a84a        0x2 
 .rodata.write_BMI088_accel_reg_data_error
                0x0800a84c       0x12 CMakeFiles/DM_MC02_Gyro_3m.elf.dir/bmi088/BMI088driver.c.obj
 *fill*         0x0800a85e        0x2 
 .rodata.D1CorePrescTable
                0x0800a860       0x10 CMakeFiles/DM_MC02_Gyro_3m.elf.dir/vendor/stm32/system_stm32h7xx.c.obj
                0x0800a860                D1CorePrescTable
 .rodata.DLCtoBytes
                0x0800a870       0x10 CMakeFiles/DM_MC02_Gyro_3m.elf.dir/vendor/stm32/Drivers/STM32H7xx_HAL_Driver/Src/stm32h7xx_hal_fdcan.c.obj
 .rodata.UARTPrescTable
                0x0800a880       0x18 CMakeFiles/DM_MC02_Gyro_3m.elf.dir/vendor/stm32/Drivers/STM32H7xx_HAL_Driver/Src/stm32h7xx_hal_uart.c.obj
                0x0800a880                UARTPrescTable
 .rodata.denominator.0
                0x0800a898        0x8 CMakeFiles/DM_MC02_Gyro_3m.elf.dir/vendor/stm32/Drivers/STM32H7xx_HAL_Driver/Src/stm32h7xx_hal_uart_ex.c.obj
 .rodata.numerator.1
                0x0800a8a0        0x8 CMakeFiles/DM_MC02_Gyro_3m.elf.dir/vendor/stm32/Drivers/STM32H7xx_HAL_Driver/Src/stm32h7xx_hal_uart_ex.c.obj
 .rodata._svfprintf_r.str1.1
                0x0800a8a8       0x33 D:/STM32/arm-gnu-toolchain-15.2.rel1-mingw-w64-i686-arm-none-eabi/bin/../lib/gcc/arm-none-eabi/15.2.1/../../../../arm-none-eabi/lib/thumb/v7e-m+dp/hard\libc_nano.a(libc_a-nano-svfprintf.o)
                                 0x11 (size before relaxing)
 .rodata._printf_i.str1.1
                0x0800a8db        0x0 D:/STM32/arm-gnu-toolchain-15.2.rel1-mingw-w64-i686-arm-none-eabi/bin/../lib/gcc/arm-none-eabi/15.2.1/../../../../arm-none-eabi/lib/thumb/v7e-m+dp/hard\libc_nano.a(libc_a-nano-vfprintf_i.o)
                                 0x22 (size before relaxing)
                0x0800a8dc                        . = ALIGN (0x4)
 *fill*         0x0800a8db        0x1 

.ARM.extab      0x0800a8dc        0x0
                0x0800a8dc                        . = ALIGN (0x4)
 *(.ARM.extab* .gnu.linkonce.armextab.*)
                0x0800a8dc                        . = ALIGN (0x4)

.ARM            0x0800a8dc        0x8
                0x0800a8dc                        . = ALIGN (0x4)
                0x0800a8dc                        __exidx_start = .
 *(.ARM.exidx*)
 .ARM.exidx     0x0800a8dc        0x8 D:/STM32/arm-gnu-toolchain-15.2.rel1-mingw-w64-i686-arm-none-eabi/bin/../lib/gcc/arm-none-eabi/15.2.1/../../../../arm-none-eabi/lib/thumb/v7e-m+dp/hard\libc_nano.a(libc_a-strlen.o)
 .ARM.exidx     0x0800a8e4        0x0 D:/STM32/arm-gnu-toolchain-15.2.rel1-mingw-w64-i686-arm-none-eabi/bin/../lib/gcc/arm-none-eabi/15.2.1/../../../../arm-none-eabi/lib/thumb/v7e-m+dp/hard\libc_nano.a(libc_a-memchr.o)
                                  0x8 (size before relaxing)
 .ARM.exidx.text.__udivmoddi4
                0x0800a8e4        0x0 D:/STM32/arm-gnu-toolchain-15.2.rel1-mingw-w64-i686-arm-none-eabi/bin/../lib/gcc/arm-none-eabi/15.2.1/thumb/v7e-m+dp/hard\libgcc.a(_udivmoddi4.o)
                                  0x8 (size before relaxing)
                0x0800a8e4                        __exidx_end = .
                0x0800a8e4                        . = ALIGN (0x4)

.rel.dyn        0x0800a8e4        0x0
 .rel.iplt      0x0800a8e4        0x0 D:/STM32/arm-gnu-toolchain-15.2.rel1-mingw-w64-i686-arm-none-eabi/bin/../lib/gcc/arm-none-eabi/15.2.1/thumb/v7e-m+dp/hard/crtbegin.o

.preinit_array  0x0800a8e4        0x0
                0x0800a8e4                        . = ALIGN (0x4)
                0x0800a8e4                        PROVIDE (__preinit_array_start = .)
 *(.preinit_array*)
                0x0800a8e4                        PROVIDE (__preinit_array_end = .)
                0x0800a8e4                        . = ALIGN (0x4)

.init_array     0x0800a8e4        0x4
                0x0800a8e4                        . = ALIGN (0x4)
                0x0800a8e4                        PROVIDE (__init_array_start = .)
 *(SORT_BY_NAME(.init_array.*))
 *(.init_array*)
 .init_array    0x0800a8e4        0x4 D:/STM32/arm-gnu-toolchain-15.2.rel1-mingw-w64-i686-arm-none-eabi/bin/../lib/gcc/arm-none-eabi/15.2.1/thumb/v7e-m+dp/hard/crtbegin.o
                0x0800a8e8                        PROVIDE (__init_array_end = .)
                0x0800a8e8                        . = ALIGN (0x4)

.fini_array     0x0800a8e8        0x4
                0x0800a8e8                        . = ALIGN (0x4)
                [!provide]                        PROVIDE (__fini_array_start = .)
 *(SORT_BY_NAME(.fini_array.*))
 *(.fini_array*)
 .fini_array    0x0800a8e8        0x4 D:/STM32/arm-gnu-toolchain-15.2.rel1-mingw-w64-i686-arm-none-eabi/bin/../lib/gcc/arm-none-eabi/15.2.1/thumb/v7e-m+dp/hard/crtbegin.o
                [!provide]                        PROVIDE (__fini_array_end = .)
                0x0800a8ec                        . = ALIGN (0x4)
                0x0800a8ec                        _sidata = LOADADDR (.data)

.data           0x20000000      0x154 load address 0x0800a8ec
                0x20000000                        . = ALIGN (0x4)
                0x20000000                        _sdata = .
 *(.data)
 *(.data*)
 .data.USBD_Interface_fops_HS
                0x20000000       0x14 CMakeFiles/DM_MC02_Gyro_3m.elf.dir/usb_device/app/usbd_cdc_if.c.obj
                0x20000000                USBD_Interface_fops_HS
 .data.USBD_StringSerial
                0x20000014       0x1a CMakeFiles/DM_MC02_Gyro_3m.elf.dir/usb_device/app/usbd_desc.c.obj
                0x20000014                USBD_StringSerial
 *fill*         0x2000002e        0x2 
 .data.USBD_LangIDDesc
                0x20000030        0x4 CMakeFiles/DM_MC02_Gyro_3m.elf.dir/usb_device/app/usbd_desc.c.obj
                0x20000030                USBD_LangIDDesc
 .data.USBD_HS_DeviceDesc
                0x20000034       0x12 CMakeFiles/DM_MC02_Gyro_3m.elf.dir/usb_device/app/usbd_desc.c.obj
                0x20000034                USBD_HS_DeviceDesc
 *fill*         0x20000046        0x2 
 .data.HS_Desc  0x20000048       0x1c CMakeFiles/DM_MC02_Gyro_3m.elf.dir/usb_device/app/usbd_desc.c.obj
                0x20000048                HS_Desc
 .data.BMI088_GYRO_SEN
                0x20000064        0x4 CMakeFiles/DM_MC02_Gyro_3m.elf.dir/bmi088/BMI088driver.c.obj
                0x20000064                BMI088_GYRO_SEN
 .data.BMI088_ACCEL_SEN
                0x20000068        0x4 CMakeFiles/DM_MC02_Gyro_3m.elf.dir/bmi088/BMI088driver.c.obj
                0x20000068                BMI088_ACCEL_SEN
 .data.SystemD2Clock
                0x2000006c        0x4 CMakeFiles/DM_MC02_Gyro_3m.elf.dir/vendor/stm32/system_stm32h7xx.c.obj
                0x2000006c                SystemD2Clock
 .data.SystemCoreClock
                0x20000070        0x4 CMakeFiles/DM_MC02_Gyro_3m.elf.dir/vendor/stm32/system_stm32h7xx.c.obj
                0x20000070                SystemCoreClock
 .data.uwTickFreq
                0x20000074        0x1 CMakeFiles/DM_MC02_Gyro_3m.elf.dir/vendor/stm32/Drivers/STM32H7xx_HAL_Driver/Src/stm32h7xx_hal.c.obj
                0x20000074                uwTickFreq
 *fill*         0x20000075        0x3 
 .data.uwTickPrio
                0x20000078        0x4 CMakeFiles/DM_MC02_Gyro_3m.elf.dir/vendor/stm32/Drivers/STM32H7xx_HAL_Driver/Src/stm32h7xx_hal.c.obj
                0x20000078                uwTickPrio
 .data.USBD_CDC_CfgDesc
                0x2000007c       0x43 CMakeFiles/DM_MC02_Gyro_3m.elf.dir/vendor/stm32/Middlewares/ST/STM32_USB_Device_Library/Class/CDC/Src/usbd_cdc.c.obj
 *fill*         0x200000bf        0x1 
 .data.USBD_CDC
                0x200000c0       0x38 CMakeFiles/DM_MC02_Gyro_3m.elf.dir/vendor/stm32/Middlewares/ST/STM32_USB_Device_Library/Class/CDC/Src/usbd_cdc.c.obj
                0x200000c0                USBD_CDC
 .data.USBD_CDC_DeviceQualifierDesc
                0x200000f8        0xa CMakeFiles/DM_MC02_Gyro_3m.elf.dir/vendor/stm32/Middlewares/ST/STM32_USB_Device_Library/Class/CDC/Src/usbd_cdc.c.obj
 *fill*         0x20000102        0x2 
 .data._impure_ptr
                0x20000104        0x4 D:/STM32/arm-gnu-toolchain-15.2.rel1-mingw-w64-i686-arm-none-eabi/bin/../lib/gcc/arm-none-eabi/15.2.1/../../../../arm-none-eabi/lib/thumb/v7e-m+dp/hard\libc_nano.a(libc_a-impure.o)
                0x20000104                _impure_ptr
 .data._impure_data
                0x20000108       0x4c D:/STM32/arm-gnu-toolchain-15.2.rel1-mingw-w64-i686-arm-none-eabi/bin/../lib/gcc/arm-none-eabi/15.2.1/../../../../arm-none-eabi/lib/thumb/v7e-m+dp/hard\libc_nano.a(libc_a-impure.o)
                0x20000108                _impure_data
                0x20000154                        . = ALIGN (0x4)
                0x20000154                        _edata = .

.tm_clone_table
                0x20000154        0x0 load address 0x0800aa40
 .tm_clone_table
                0x20000154        0x0 D:/STM32/arm-gnu-toolchain-15.2.rel1-mingw-w64-i686-arm-none-eabi/bin/../lib/gcc/arm-none-eabi/15.2.1/thumb/v7e-m+dp/hard/crtbegin.o
 .tm_clone_table
                0x20000154        0x0 D:/STM32/arm-gnu-toolchain-15.2.rel1-mingw-w64-i686-arm-none-eabi/bin/../lib/gcc/arm-none-eabi/15.2.1/thumb/v7e-m+dp/hard/crtend.o

.igot.plt       0x20000154        0x0 load address 0x0800aa40
 .igot.plt      0x20000154        0x0 D:/STM32/arm-gnu-toolchain-15.2.rel1-mingw-w64-i686-arm-none-eabi/bin/../lib/gcc/arm-none-eabi/15.2.1/thumb/v7e-m+dp/hard/crtbegin.o

.bss            0x20000160     0xa204 load address 0x0800aa40
                0x20000160                        . = ALIGN (0x4)
                0x20000160                        _sbss = .
                0x20000160                        __bss_start__ = _sbss
 *(.bss)
 *(.bss*)
 .bss.completed.1
                0x20000160        0x1 D:/STM32/arm-gnu-toolchain-15.2.rel1-mingw-w64-i686-arm-none-eabi/bin/../lib/gcc/arm-none-eabi/15.2.1/thumb/v7e-m+dp/hard/crtbegin.o
 *fill*         0x20000161        0x3 
 .bss.object.0  0x20000164       0x18 D:/STM32/arm-gnu-toolchain-15.2.rel1-mingw-w64-i686-arm-none-eabi/bin/../lib/gcc/arm-none-eabi/15.2.1/thumb/v7e-m+dp/hard/crtbegin.o
 .bss.g_imu_temperature_c
                0x2000017c        0x4 CMakeFiles/DM_MC02_Gyro_3m.elf.dir/src/main.c.obj
                0x2000017c                g_imu_temperature_c
 .bss.g_estimated_distance_m
                0x20000180        0x4 CMakeFiles/DM_MC02_Gyro_3m.elf.dir/src/main.c.obj
                0x20000180                g_estimated_distance_m
 .bss.g_heading_correction_rad_s
                0x20000184        0x4 CMakeFiles/DM_MC02_Gyro_3m.elf.dir/src/main.c.obj
                0x20000184                g_heading_correction_rad_s
 .bss.g_command_speed_m_s
                0x20000188        0x4 CMakeFiles/DM_MC02_Gyro_3m.elf.dir/src/main.c.obj
                0x20000188                g_command_speed_m_s
 .bss.g_yaw_rad
                0x2000018c        0x4 CMakeFiles/DM_MC02_Gyro_3m.elf.dir/src/main.c.obj
                0x2000018c                g_yaw_rad
 .bss.g_gyro_z_rad_s
                0x20000190        0x4 CMakeFiles/DM_MC02_Gyro_3m.elf.dir/src/main.c.obj
                0x20000190                g_gyro_z_rad_s
 .bss.g_gyro_z_bias_rad_s
                0x20000194        0x4 CMakeFiles/DM_MC02_Gyro_3m.elf.dir/src/main.c.obj
                0x20000194                g_gyro_z_bias_rad_s
 .bss.g_bmi088_init_error
                0x20000198        0x1 CMakeFiles/DM_MC02_Gyro_3m.elf.dir/src/main.c.obj
                0x20000198                g_bmi088_init_error
 *fill*         0x20000199        0x3 
 .bss.g_fault_code
                0x2000019c        0x4 CMakeFiles/DM_MC02_Gyro_3m.elf.dir/src/main.c.obj
                0x2000019c                g_fault_code
 .bss.g_run_state
                0x200001a0        0x1 CMakeFiles/DM_MC02_Gyro_3m.elf.dir/src/main.c.obj
                0x200001a0                g_run_state
 *fill*         0x200001a1        0x3 
 .bss.tx_buffer.0
                0x200001a4       0x80 CMakeFiles/DM_MC02_Gyro_3m.elf.dir/src/board.c.obj
 .bss.usb_device_started
                0x20000224        0x1 CMakeFiles/DM_MC02_Gyro_3m.elf.dir/src/board.c.obj
 .bss.fdcan_abort_unresolved
                0x20000225        0x1 CMakeFiles/DM_MC02_Gyro_3m.elf.dir/src/board.c.obj
 *fill*         0x20000226        0x2 
 .bss.g_fdcan_abort_error_count
                0x20000228        0x4 CMakeFiles/DM_MC02_Gyro_3m.elf.dir/src/board.c.obj